Archive member included to satisfy reference by file (symbol)

file_processing/libfile_processing.a(file_processing.c.obj)
                              app/CMakeFiles/app_main.dir/main.c.obj (file_processing_main)
hardware_processing/libhardware_processing.a(hardware_processing.c.obj)
                              app/CMakeFiles/app_main.dir/main.c.obj (prepare_memory_for_spi_transfer)
hardware_processing/libhardware_processing.a(queue.c.obj)
                              hardware_processing/libhardware_processing.a(hardware_processing.c.obj) (queue_init)
hardware_processing/libhardware_processing.a(spi.c.obj)
                              hardware_processing/libhardware_processing.a(hardware_processing.c.obj) (spi_init)
fatfs/libfatfs_lib.a(ff.c.obj)
                              file_processing/libfile_processing.a(file_processing.c.obj) (f_mount)
fatfs/libfatfs_lib.a(ffunicode.c.obj)
                              fatfs/libfatfs_lib.a(ff.c.obj) (ff_uni2oem)
fatfs/libfatfs_lib.a(msc_app.c.obj)
                              app/CMakeFiles/app_main.dir/main.c.obj (msc_app_task)
C:/Users/Mypc/.pico-sdk/toolchain/14_2_Rel1/bin/../lib/gcc/arm-none-eabi/14.2.1/thumb/v6-m/nofp\libgcc.a(_dvmd_tls.o)
                              app/CMakeFiles/app_main.dir/C_/Users/Mypc/.pico-sdk/sdk/2.2.0/src/rp2_common/pico_divider/divider_hardware.S.obj (__aeabi_idiv0)
C:/Users/Mypc/.pico-sdk/toolchain/14_2_Rel1/bin/../lib/gcc/arm-none-eabi/14.2.1/thumb/v6-m/nofp\libg.a(libc_a-calloc.o)
                              app/CMakeFiles/app_main.dir/C_/Users/Mypc/.pico-sdk/sdk/2.2.0/src/rp2_common/pico_malloc/malloc.c.obj (calloc)
C:/Users/Mypc/.pico-sdk/toolchain/14_2_Rel1/bin/../lib/gcc/arm-none-eabi/14.2.1/thumb/v6-m/nofp\libg.a(libc_a-callocr.o)
                              C:/Users/Mypc/.pico-sdk/toolchain/14_2_Rel1/bin/../lib/gcc/arm-none-eabi/14.2.1/thumb/v6-m/nofp\libg.a(libc_a-calloc.o) (_calloc_r)
C:/Users/Mypc/.pico-sdk/toolchain/14_2_Rel1/bin/../lib/gcc/arm-none-eabi/14.2.1/thumb/v6-m/nofp\libg.a(libc_a-malloc.o)
                              app/CMakeFiles/app_main.dir/C_/Users/Mypc/.pico-sdk/sdk/2.2.0/src/rp2_common/pico_malloc/malloc.c.obj (malloc)
C:/Users/Mypc/.pico-sdk/toolchain/14_2_Rel1/bin/../lib/gcc/arm-none-eabi/14.2.1/thumb/v6-m/nofp\libg.a(libc_a-mallocr.o)
                              C:/Users/Mypc/.pico-sdk/toolchain/14_2_Rel1/bin/../lib/gcc/arm-none-eabi/14.2.1/thumb/v6-m/nofp\libg.a(libc_a-callocr.o) (_malloc_r)
C:/Users/Mypc/.pico-sdk/toolchain/14_2_Rel1/bin/../lib/gcc/arm-none-eabi/14.2.1/thumb/v6-m/nofp\libg.a(libc_a-mlock.o)
                              C:/Users/Mypc/.pico-sdk/toolchain/14_2_Rel1/bin/../lib/gcc/arm-none-eabi/14.2.1/thumb/v6-m/nofp\libg.a(libc_a-mallocr.o) (__malloc_lock)
C:/Users/Mypc/.pico-sdk/toolchain/14_2_Rel1/bin/../lib/gcc/arm-none-eabi/14.2.1/thumb/v6-m/nofp\libg.a(libc_a-realloc.o)
                              app/CMakeFiles/app_main.dir/C_/Users/Mypc/.pico-sdk/sdk/2.2.0/src/rp2_common/pico_malloc/malloc.c.obj (realloc)
C:/Users/Mypc/.pico-sdk/toolchain/14_2_Rel1/bin/../lib/gcc/arm-none-eabi/14.2.1/thumb/v6-m/nofp\libg.a(libc_a-reallocr.o)
                              C:/Users/Mypc/.pico-sdk/toolchain/14_2_Rel1/bin/../lib/gcc/arm-none-eabi/14.2.1/thumb/v6-m/nofp\libg.a(libc_a-realloc.o) (_realloc_r)
C:/Users/Mypc/.pico-sdk/toolchain/14_2_Rel1/bin/../lib/gcc/arm-none-eabi/14.2.1/thumb/v6-m/nofp\libg.a(libc_a-ctype_.o)
                              app/CMakeFiles/app_main.dir/C_/Users/Mypc/.pico-sdk/sdk/2.2.0/lib/tinyusb/src/tusb.c.obj (_ctype_)
C:/Users/Mypc/.pico-sdk/toolchain/14_2_Rel1/bin/../lib/gcc/arm-none-eabi/14.2.1/thumb/v6-m/nofp\libg.a(libc_a-setbuf.o)
                              fatfs/libfatfs_lib.a(msc_app.c.obj) (setbuf)
C:/Users/Mypc/.pico-sdk/toolchain/14_2_Rel1/bin/../lib/gcc/arm-none-eabi/14.2.1/thumb/v6-m/nofp\libg.a(libc_a-setvbuf.o)
                              C:/Users/Mypc/.pico-sdk/toolchain/14_2_Rel1/bin/../lib/gcc/arm-none-eabi/14.2.1/thumb/v6-m/nofp\libg.a(libc_a-setbuf.o) (setvbuf)
C:/Users/Mypc/.pico-sdk/toolchain/14_2_Rel1/bin/../lib/gcc/arm-none-eabi/14.2.1/thumb/v6-m/nofp\libg.a(libc_a-memcmp.o)
                              app/CMakeFiles/app_main.dir/C_/Users/Mypc/.pico-sdk/sdk/2.2.0/src/rp2_common/pico_atomic/atomic.c.obj (memcmp)
C:/Users/Mypc/.pico-sdk/toolchain/14_2_Rel1/bin/../lib/gcc/arm-none-eabi/14.2.1/thumb/v6-m/nofp\libg.a(libc_a-memmove.o)
                              fatfs/libfatfs_lib.a(msc_app.c.obj) (memmove)
C:/Users/Mypc/.pico-sdk/toolchain/14_2_Rel1/bin/../lib/gcc/arm-none-eabi/14.2.1/thumb/v6-m/nofp\libg.a(libc_a-strchr.o)
                              fatfs/libfatfs_lib.a(ff.c.obj) (strchr)
C:/Users/Mypc/.pico-sdk/toolchain/14_2_Rel1/bin/../lib/gcc/arm-none-eabi/14.2.1/thumb/v6-m/nofp\libg.a(libc_a-lcltime_r.o)
                              app/CMakeFiles/app_main.dir/C_/Users/Mypc/.pico-sdk/sdk/2.2.0/src/common/pico_util/datetime.c.obj (localtime_r)
[...]
Memory Configuration

Name             Origin             Length             Attributes
FLASH            0x10000000         0x00200000         xr
RAM              0x20000000         0x00040000         xrw
SCRATCH_X        0x20040000         0x00001000         xrw
SCRATCH_Y        0x20041000         0x00001000         xrw
*default*        0x00000000         0xffffffff

Linker script and memory map

LOAD C:/Users/Mypc/.pico-sdk/toolchain/14_2_Rel1/bin/../lib/gcc/arm-none-eabi/14.2.1/thumb/v6-m/nofp/crti.o
LOAD C:/Users/Mypc/.pico-sdk/toolchain/14_2_Rel1/bin/../lib/gcc/arm-none-eabi/14.2.1/thumb/v6-m/nofp/crtbegin.o
LOAD C:/Users/Mypc/.pico-sdk/toolchain/14_2_Rel1/bin/../lib/gcc/arm-none-eabi/14.2.1/thumb/v6-m/nofp/crt0.o

.flash_begin    0x10000000        0x0
                0x10000000                        __flash_binary_start = .

.boot2          0x10000000      0x100
                0x10000000                        __boot2_start__ = .
 *(.boot2)
 .boot2         0x10000000      0x100 pico-sdk/src/rp2040/boot_stage2/CMakeFiles/bs2_default_library.dir/./bs2_default_padded_checksummed.S.obj
                0x10000100                        __boot2_end__ = .
                0x00000001                        ASSERT (((__boot2_end__ - __boot2_start__) == 0x100), ERROR: Pico second stage bootloader must be 256 bytes in size)

.text           0x10000100     0xd6cc
                0x10000100                        __logical_binary_start = .
 *(.vectors)
 .vectors       0x10000100       0xd4 app/CMakeFiles/app_main.dir/C_/Users/Mypc/.pico-sdk/sdk/2.2.0/src/rp2_common/pico_crt0/crt0.S.obj
                0x10000100                __VECTOR_TABLE
                0x10000100                __vectors
                0x100001c0                isr_irq13
                0x100001c0                isr_irq27
                0x100001c0                isr_irq31
                0x100001c0                isr_irq12
                0x100001c0                isr_irq5
                0x100001c0                isr_irq11
                0x100001c0                isr_irq3
                0x100001c0                isr_irq23
                0x100001c0                __unhandled_user_irq
                0x100001c0                isr_irq26
                0x100001c0                isr_irq28
                0x100001c0                isr_irq19
                0x100001c0                isr_irq0
                0x100001c0                isr_irq6
                0x100001c0                isr_irq29
                0x100001c0                isr_irq16
                0x100001c0                isr_irq22
                0x100001c0                isr_irq18
                0x100001c0                isr_irq17
                0x100001c0                isr_irq14
                0x100001c0                __vectors_end
                0x100001c0                __default_isrs_start
                0x100001c0                isr_irq2
                0x100001c0                isr_irq10
                0x100001c0                isr_irq8
                0x100001c0                isr_irq24
                0x100001c0                isr_irq1
                0x100001c0                isr_irq7
                0x100001c0                isr_irq21
                0x100001c0                isr_irq20
                0x100001c0                isr_irq15
                0x100001c0                isr_irq25
                0x100001c0                isr_irq4
                0x100001c0                isr_irq30
                0x100001c0                isr_irq9
                0x100001c6                unhandled_user_irq_num_in_r0
                0x100001c8                isr_invalid
                0x100001ca                isr_nmi
                0x100001cc                isr_hardfault
                0x100001ce                isr_svcall
                0x100001d0                isr_pendsv
                0x100001d2                isr_systick
                0x100001d4                __default_isrs_end
 *(.binary_info_header)
 .binary_info_header
                0x100001d4       0x14 app/CMakeFiles/app_main.dir/C_/Users/Mypc/.pico-sdk/sdk/2.2.0/src/rp2_common/pico_crt0/crt0.S.obj
                0x100001e8                        __binary_info_header_end = .
 *(.embedded_block)
                0x100001e8                        __embedded_block_end = .
 *(.reset)
 .reset         0x100001e8       0x9c app/CMakeFiles/app_main.dir/C_/Users/Mypc/.pico-sdk/sdk/2.2.0/src/rp2_common/pico_crt0/crt0.S.obj
                0x100001e8                _entry_point
 *(.init)
 .init          0x10000284        0x4 C:/Users/Mypc/.pico-sdk/toolchain/14_2_Rel1/bin/../lib/gcc/arm-none-eabi/14.2.1/thumb/v6-m/nofp/crti.o
                0x10000284                _init
 *(EXCLUDE_FILE(*libm.a: *libc.a:*lib_a-mem*.o *libgcc.a:) .text*)
 .text.register_tm_clones
                0x10000288       0x28 C:/Users/Mypc/.pico-sdk/toolchain/14_2_Rel1/bin/../lib/gcc/arm-none-eabi/14.2.1/thumb/v6-m/nofp/crtbegin.o
 .text.frame_dummy
                0x100002b0       0x24 C:/Users/Mypc/.pico-sdk/toolchain/14_2_Rel1/bin/../lib/gcc/arm-none-eabi/14.2.1/thumb/v6-m/nofp/crtbegin.o
 .text.board_millis
                0x100002d4       0x20 app/CMakeFiles/app_main.dir/main.c.obj
 .text.tuh_mount_cb
                0x100002f4        0x2 app/CMakeFiles/app_main.dir/main.c.obj
                0x100002f4                tuh_mount_cb
 .text.tuh_umount_cb
                0x100002f6        0x2 app/CMakeFiles/app_main.dir/main.c.obj
                0x100002f6                tuh_umount_cb
 .text.led_blinking_task
                0x100002f8       0x3c app/CMakeFiles/app_main.dir/main.c.obj
                0x100002f8                led_blinking_task
 .text.main     0x10000334       0x80 app/CMakeFiles/app_main.dir/main.c.obj
                0x10000334                main
 .text.tusb_time_delay_ms_api
                0x100003b4        0x8 app/CMakeFiles/app_main.dir/main.c.obj
                0x100003b4                tusb_time_delay_ms_api
 .text.tuh_hid_report_received_cb
                0x100003bc        0x2 app/CMakeFiles/app_main.dir/main.c.obj
                0x100003bc                tuh_hid_report_received_cb
 *fill*         0x100003be        0x2 
 .text.get_dev_ep
                0x100003c0       0x38 app/CMakeFiles/app_main.dir/C_/Users/Mypc/.pico-sdk/sdk/2.2.0/lib/tinyusb/src/portable/raspberrypi/rp2040/hcd_rp2040.c.obj
 .text._next_free_interrupt_ep
                0x100003f8       0x24 app/CMakeFiles/app_main.dir/C_/Users/Mypc/.pico-sdk/sdk/2.2.0/lib/tinyusb/src/portable/raspberrypi/rp2040/hcd_rp2040.c.obj
 .text.hw_xfer_complete
                0x1000041c       0x40 app/CMakeFiles/app_main.dir/C_/Users/Mypc/.pico-sdk/sdk/2.2.0/lib/tinyusb/src/portable/raspberrypi/rp2040/hcd_rp2040.c.obj
 .text.hw_trans_complete
                0x1000045c       0x40 app/CMakeFiles/app_main.dir/C_/Users/Mypc/.pico-sdk/sdk/2.2.0/lib/tinyusb/src/portable/raspberrypi/rp2040/hcd_rp2040.c.obj
 .text._handle_buff_status_bit
                0x1000049c       0x40 app/CMakeFiles/app_main.dir/C_/Users/Mypc/.pico-sdk/sdk/2.2.0/lib/tinyusb/src/portable/raspberrypi/rp2040/hcd_rp2040.c.obj
 .text.hw_handle_buff_status
                0x100004dc       0x68 app/CMakeFiles/app_main.dir/C_/Users/Mypc/.pico-sdk/sdk/2.2.0/lib/tinyusb/src/portable/raspberrypi/rp2040/hcd_rp2040.c.obj
 .text.hcd_rp2040_irq
                0x10000544       0xec app/CMakeFiles/app_main.dir/C_/Users/Mypc/.pico-sdk/sdk/2.2.0/lib/tinyusb/src/portable/raspberrypi/rp2040/hcd_rp2040.c.obj
 .text._hw_endpoint_allocate
                0x10000630       0x8c app/CMakeFiles/app_main.dir/C_/Users/Mypc/.pico-sdk/sdk/2.2.0/lib/tinyusb/src/portable/raspberrypi/rp2040/hcd_rp2040.c.obj
 .text.hcd_init
                0x100006bc       0x70 app/CMakeFiles/app_main.dir/C_/Users/Mypc/.pico-sdk/sdk/2.2.0/lib/tinyusb/src/portable/raspberrypi/rp2040/hcd_rp2040.c.obj
                0x100006bc                hcd_init
 .text.hcd_port_reset
                0x1000072c       0x24 app/CMakeFiles/app_main.dir/C_/Users/Mypc/.pico-sdk/sdk/2.2.0/lib/tinyusb/src/portable/raspberrypi/rp2040/hcd_rp2040.c.obj
                0x1000072c                hcd_port_reset
 .text.hcd_port_reset_end
                0x10000750        0x2 app/CMakeFiles/app_main.dir/C_/Users/Mypc/.pico-sdk/sdk/2.2.0/lib/tinyusb/src/portable/raspberrypi/rp2040/hcd_rp2040.c.obj
                0x10000750                hcd_port_reset_end
 *fill*         0x10000752        0x2 
 .text.hcd_port_connect_status
                0x10000754       0x38 app/CMakeFiles/app_main.dir/C_/Users/Mypc/.pico-sdk/sdk/2.2.0/lib/tinyusb/src/portable/raspberrypi/rp2040/hcd_rp2040.c.obj
                0x10000754                hcd_port_connect_status
 .text.hcd_port_speed_get
                0x1000078c       0x44 app/CMakeFiles/app_main.dir/C_/Users/Mypc/.pico-sdk/sdk/2.2.0/lib/tinyusb/src/portable/raspberrypi/rp2040/hcd_rp2040.c.obj
                0x1000078c                hcd_port_speed_get
 .text._hw_endpoint_init
                0x100007d0      0x120 app/CMakeFiles/app_main.dir/C_/Users/Mypc/.pico-sdk/sdk/2.2.0/lib/tinyusb/src/portable/raspberrypi/rp2040/hcd_rp2040.c.obj
 .text.hcd_device_close
                0x100008f0       0x64 app/CMakeFiles/app_main.dir/C_/Users/Mypc/.pico-sdk/sdk/2.2.0/lib/tinyusb/src/portable/raspberrypi/rp2040/hcd_rp2040.c.obj
                0x100008f0                hcd_device_close
 .text.hcd_int_enable
                0x10000954       0x2c app/CMakeFiles/app_main.dir/C_/Users/Mypc/.pico-sdk/sdk/2.2.0/lib/tinyusb/src/portable/raspberrypi/rp2040/hcd_rp2040.c.obj
                0x10000954                hcd_int_enable
 .text.hcd_edpt_open
                0x10000980       0x58 app/CMakeFiles/app_main.dir/C_/Users/Mypc/.pico-sdk/sdk/2.2.0/lib/tinyusb/src/portable/raspberrypi/rp2040/hcd_rp2040.c.obj
                0x10000980                hcd_edpt_open
 .text.hcd_edpt_xfer
                0x100009d8      0x110 app/CMakeFiles/app_main.dir/C_/Users/Mypc/.pico-sdk/sdk/2.2.0/lib/tinyusb/src/portable/raspberrypi/rp2040/hcd_rp2040.c.obj
                0x100009d8                hcd_edpt_xfer
 .text.hcd_edpt_abort_xfer
                0x10000ae8        0x4 app/CMakeFiles/app_main.dir/C_/Users/Mypc/.pico-sdk/sdk/2.2.0/lib/tinyusb/src/portable/raspberrypi/rp2040/hcd_rp2040.c.obj
                0x10000ae8                hcd_edpt_abort_xfer
 .text.hcd_setup_send
                0x10000aec       0xd0 app/CMakeFiles/app_main.dir/C_/Users/Mypc/.pico-sdk/sdk/2.2.0/lib/tinyusb/src/portable/raspberrypi/rp2040/hcd_rp2040.c.obj
                0x10000aec                hcd_setup_send
 .text.unaligned_memcpy
                0x10000bbc       0x14 app/CMakeFiles/app_main.dir/C_/Users/Mypc/.pico-sdk/sdk/2.2.0/lib/tinyusb/src/portable/raspberrypi/rp2040/rp2040_usb.c.obj
 .text.prepare_ep_buffer
                0x10000bd0       0x6c app/CMakeFiles/app_main.dir/C_/Users/Mypc/.pico-sdk/sdk/2.2.0/lib/tinyusb/src/portable/raspberrypi/rp2040/rp2040_usb.c.obj
 .text.sync_ep_buffer
                0x10000c3c       0x78 app/CMakeFiles/app_main.dir/C_/Users/Mypc/.pico-sdk/sdk/2.2.0/lib/tinyusb/src/portable/raspberrypi/rp2040/rp2040_usb.c.obj
 .text._hw_endpoint_xfer_sync
                0x10000cb4       0x28 app/CMakeFiles/app_main.dir/C_/Users/Mypc/.pico-sdk/sdk/2.2.0/lib/tinyusb/src/portable/raspberrypi/rp2040/rp2040_usb.c.obj
 .text.rp2040_usb_init
                0x10000cdc       0x50 app/CMakeFiles/app_main.dir/C_/Users/Mypc/.pico-sdk/sdk/2.2.0/lib/tinyusb/src/portable/raspberrypi/rp2040/rp2040_usb.c.obj
                0x10000cdc                rp2040_usb_init
 .text.hw_endpoint_reset_transfer
                0x10000d2c        0xc app/CMakeFiles/app_main.dir/C_/Users/Mypc/.pico-sdk/sdk/2.2.0/lib/tinyusb/src/portable/raspberrypi/rp2040/rp2040_usb.c.obj
                0x10000d2c                hw_endpoint_reset_transfer
 .text._hw_endpoint_buffer_control_update32
                0x10000d38       0x4c app/CMakeFiles/app_main.dir/C_/Users/Mypc/.pico-sdk/sdk/2.2.0/lib/tinyusb/src/portable/raspberrypi/rp2040/rp2040_usb.c.obj
                0x10000d38                _hw_endpoint_buffer_control_update32
 .text.hw_endpoint_start_next_buffer
                0x10000d84       0x7c app/CMakeFiles/app_main.dir/C_/Users/Mypc/.pico-sdk/sdk/2.2.0/lib/tinyusb/src/portable/raspberrypi/rp2040/rp2040_usb.c.obj
                0x10000d84                hw_endpoint_start_next_buffer
 .text.hw_endpoint_xfer_start
                0x10000e00       0x38 app/CMakeFiles/app_main.dir/C_/Users/Mypc/.pico-sdk/sdk/2.2.0/lib/tinyusb/src/portable/raspberrypi/rp2040/rp2040_usb.c.obj
                0x10000e00                hw_endpoint_xfer_start
 .text.hw_endpoint_xfer_continue
                0x10000e38       0x30 app/CMakeFiles/app_main.dir/C_/Users/Mypc/.pico-sdk/sdk/2.2.0/lib/tinyusb/src/portable/raspberrypi/rp2040/rp2040_usb.c.obj
                0x10000e38                hw_endpoint_xfer_continue
 .text.get_driver
                0x10000e68       0x3c app/CMakeFiles/app_main.dir/C_/Users/Mypc/.pico-sdk/sdk/2.2.0/lib/tinyusb/src/host/usbh.c.obj
 .text._control_blocking_complete_cb
                0x10000ea4        0x8 app/CMakeFiles/app_main.dir/C_/Users/Mypc/.pico-sdk/sdk/2.2.0/lib/tinyusb/src/host/usbh.c.obj
 .text.get_new_address
                0x10000eac       0x34 app/CMakeFiles/app_main.dir/C_/Users/Mypc/.pico-sdk/sdk/2.2.0/lib/tinyusb/src/host/usbh.c.obj
 .text.clear_device
                0x10000ee0       0x26 app/CMakeFiles/app_main.dir/C_/Users/Mypc/.pico-sdk/sdk/2.2.0/lib/tinyusb/src/host/usbh.c.obj
 *fill*         0x10000f06        0x2 
 .text.process_removing_device
                0x10000f08      0x13c app/CMakeFiles/app_main.dir/C_/Users/Mypc/.pico-sdk/sdk/2.2.0/lib/tinyusb/src/host/usbh.c.obj
 .text.enum_full_complete
                0x10001044       0x20 app/CMakeFiles/app_main.dir/C_/Users/Mypc/.pico-sdk/sdk/2.2.0/lib/tinyusb/src/host/usbh.c.obj
 .text.tu_print_buf
                0x10001064       0x28 app/CMakeFiles/app_main.dir/C_/Users/Mypc/.pico-sdk/sdk/2.2.0/lib/tinyusb/src/host/usbh.c.obj
 .text._control_xfer_complete
                0x1000108c       0x70 app/CMakeFiles/app_main.dir/C_/Users/Mypc/.pico-sdk/sdk/2.2.0/lib/tinyusb/src/host/usbh.c.obj
 .text._parse_configuration_descriptor
                0x100010fc      0x18c app/CMakeFiles/app_main.dir/C_/Users/Mypc/.pico-sdk/sdk/2.2.0/lib/tinyusb/src/host/usbh.c.obj
 .text.tuh_event_hook_cb
                0x10001288        0x2 app/CMakeFiles/app_main.dir/C_/Users/Mypc/.pico-sdk/sdk/2.2.0/lib/tinyusb/src/host/usbh.c.obj
                0x10001288                tuh_event_hook_cb
 *fill*         0x1000128a        0x2 
 .text.tuh_speed_get
                0x1000128c       0x28 app/CMakeFiles/app_main.dir/C_/Users/Mypc/.pico-sdk/sdk/2.2.0/lib/tinyusb/src/host/usbh.c.obj
                0x1000128c                tuh_speed_get
 .text.tuh_rhport_is_active
                0x100012b4       0x14 app/CMakeFiles/app_main.dir/C_/Users/Mypc/.pico-sdk/sdk/2.2.0/lib/tinyusb/src/host/usbh.c.obj
                0x100012b4                tuh_rhport_is_active
 .text.tuh_inited
                0x100012c8       0x14 app/CMakeFiles/app_main.dir/C_/Users/Mypc/.pico-sdk/sdk/2.2.0/lib/tinyusb/src/host/usbh.c.obj
                0x100012c8                tuh_inited
 .text.tuh_rhport_init
                0x100012dc      0x16c app/CMakeFiles/app_main.dir/C_/Users/Mypc/.pico-sdk/sdk/2.2.0/lib/tinyusb/src/host/usbh.c.obj
                0x100012dc                tuh_rhport_init
 .text.tuh_task_event_ready
                0x10001448       0x20 app/CMakeFiles/app_main.dir/C_/Users/Mypc/.pico-sdk/sdk/2.2.0/lib/tinyusb/src/host/usbh.c.obj
                0x10001448                tuh_task_event_ready
 .text.usbh_get_rhport
                0x10001468       0x24 app/CMakeFiles/app_main.dir/C_/Users/Mypc/.pico-sdk/sdk/2.2.0/lib/tinyusb/src/host/usbh.c.obj
                0x10001468                usbh_get_rhport
 .text.usbh_edpt_control_open
                0x1000148c       0x48 app/CMakeFiles/app_main.dir/C_/Users/Mypc/.pico-sdk/sdk/2.2.0/lib/tinyusb/src/host/usbh.c.obj
 .text.tuh_edpt_abort_xfer
                0x100014d4       0xdc app/CMakeFiles/app_main.dir/C_/Users/Mypc/.pico-sdk/sdk/2.2.0/lib/tinyusb/src/host/usbh.c.obj
                0x100014d4                tuh_edpt_abort_xfer
 .text.usbh_control_xfer_cb
                0x100015b0      0x198 app/CMakeFiles/app_main.dir/C_/Users/Mypc/.pico-sdk/sdk/2.2.0/lib/tinyusb/src/host/usbh.c.obj
 .text.usbh_get_enum_buf
                0x10001748        0x8 app/CMakeFiles/app_main.dir/C_/Users/Mypc/.pico-sdk/sdk/2.2.0/lib/tinyusb/src/host/usbh.c.obj
                0x10001748                usbh_get_enum_buf
 .text.usbh_edpt_claim
                0x10001750       0x6c app/CMakeFiles/app_main.dir/C_/Users/Mypc/.pico-sdk/sdk/2.2.0/lib/tinyusb/src/host/usbh.c.obj
                0x10001750                usbh_edpt_claim
 .text.usbh_edpt_release
                0x100017bc       0x60 app/CMakeFiles/app_main.dir/C_/Users/Mypc/.pico-sdk/sdk/2.2.0/lib/tinyusb/src/host/usbh.c.obj
                0x100017bc                usbh_edpt_release
 .text.usbh_edpt_xfer_with_callback
                0x1000181c       0xd4 app/CMakeFiles/app_main.dir/C_/Users/Mypc/.pico-sdk/sdk/2.2.0/lib/tinyusb/src/host/usbh.c.obj
                0x1000181c                usbh_edpt_xfer_with_callback
 .text.tuh_edpt_open
                0x100018f0       0x44 app/CMakeFiles/app_main.dir/C_/Users/Mypc/.pico-sdk/sdk/2.2.0/lib/tinyusb/src/host/usbh.c.obj
                0x100018f0                tuh_edpt_open
 .text.usbh_driver_set_config_complete
                0x10001934       0x80 app/CMakeFiles/app_main.dir/C_/Users/Mypc/.pico-sdk/sdk/2.2.0/lib/tinyusb/src/host/usbh.c.obj
                0x10001934                usbh_driver_set_config_complete
 .text.process_enumeration
                0x100019b4      0x348 app/CMakeFiles/app_main.dir/C_/Users/Mypc/.pico-sdk/sdk/2.2.0/lib/tinyusb/src/host/usbh.c.obj
 .text.enum_new_device
                0x10001cfc       0xcc app/CMakeFiles/app_main.dir/C_/Users/Mypc/.pico-sdk/sdk/2.2.0/lib/tinyusb/src/host/usbh.c.obj
 .text.tuh_task_ext
                0x10001dc8      0x250 app/CMakeFiles/app_main.dir/C_/Users/Mypc/.pico-sdk/sdk/2.2.0/lib/tinyusb/src/host/usbh.c.obj
                0x10001dc8                tuh_task_ext
 .text.tuh_control_xfer
                0x10002018      0x1a0 app/CMakeFiles/app_main.dir/C_/Users/Mypc/.pico-sdk/sdk/2.2.0/lib/tinyusb/src/host/usbh.c.obj
                0x10002018                tuh_control_xfer
 .text.enum_request_set_addr
                0x100021b8       0xe4 app/CMakeFiles/app_main.dir/C_/Users/Mypc/.pico-sdk/sdk/2.2.0/lib/tinyusb/src/host/usbh.c.obj
 .text._get_descriptor
                0x1000229c       0x66 app/CMakeFiles/app_main.dir/C_/Users/Mypc/.pico-sdk/sdk/2.2.0/lib/tinyusb/src/host/usbh.c.obj
 .text.tuh_descriptor_get
                0x10002302       0x1e app/CMakeFiles/app_main.dir/C_/Users/Mypc/.pico-sdk/sdk/2.2.0/lib/tinyusb/src/host/usbh.c.obj
                0x10002302                tuh_descriptor_get
 .text.tuh_descriptor_get_device
                0x10002320       0x24 app/CMakeFiles/app_main.dir/C_/Users/Mypc/.pico-sdk/sdk/2.2.0/lib/tinyusb/src/host/usbh.c.obj
                0x10002320                tuh_descriptor_get_device
 .text.tuh_descriptor_get_configuration
                0x10002344       0x1c app/CMakeFiles/app_main.dir/C_/Users/Mypc/.pico-sdk/sdk/2.2.0/lib/tinyusb/src/host/usbh.c.obj
                0x10002344                tuh_descriptor_get_configuration
 .text.tuh_descriptor_get_hid_report
                0x10002360       0x88 app/CMakeFiles/app_main.dir/C_/Users/Mypc/.pico-sdk/sdk/2.2.0/lib/tinyusb/src/host/usbh.c.obj
                0x10002360                tuh_descriptor_get_hid_report
 .text.tuh_configuration_set
                0x100023e8       0x64 app/CMakeFiles/app_main.dir/C_/Users/Mypc/.pico-sdk/sdk/2.2.0/lib/tinyusb/src/host/usbh.c.obj
                0x100023e8                tuh_configuration_set
 .text.connection_port_reset_complete
                0x1000244c       0x4c app/CMakeFiles/app_main.dir/C_/Users/Mypc/.pico-sdk/sdk/2.2.0/lib/tinyusb/src/host/hub.c.obj
 .text.hub_port_clear_feature
                0x10002498       0xa4 app/CMakeFiles/app_main.dir/C_/Users/Mypc/.pico-sdk/sdk/2.2.0/lib/tinyusb/src/host/hub.c.obj
                0x10002498                hub_port_clear_feature
 .text.hub_get_status_complete
                0x1000253c       0x9c app/CMakeFiles/app_main.dir/C_/Users/Mypc/.pico-sdk/sdk/2.2.0/lib/tinyusb/src/host/hub.c.obj
 .text.hub_port_set_feature
                0x100025d8       0xa4 app/CMakeFiles/app_main.dir/C_/Users/Mypc/.pico-sdk/sdk/2.2.0/lib/tinyusb/src/host/hub.c.obj
                0x100025d8                hub_port_set_feature
 .text.config_set_port_power
                0x1000267c       0x50 app/CMakeFiles/app_main.dir/C_/Users/Mypc/.pico-sdk/sdk/2.2.0/lib/tinyusb/src/host/hub.c.obj
 .text.config_port_power_complete
                0x100026cc       0x94 app/CMakeFiles/app_main.dir/C_/Users/Mypc/.pico-sdk/sdk/2.2.0/lib/tinyusb/src/host/hub.c.obj
 .text.connection_clear_conn_change_complete
                0x10002760       0x78 app/CMakeFiles/app_main.dir/C_/Users/Mypc/.pico-sdk/sdk/2.2.0/lib/tinyusb/src/host/hub.c.obj
 .text.hub_port_get_status
                0x100027d8       0x84 app/CMakeFiles/app_main.dir/C_/Users/Mypc/.pico-sdk/sdk/2.2.0/lib/tinyusb/src/host/hub.c.obj
                0x100027d8                hub_port_get_status
 .text.hub_init
                0x1000285c       0x14 app/CMakeFiles/app_main.dir/C_/Users/Mypc/.pico-sdk/sdk/2.2.0/lib/tinyusb/src/host/hub.c.obj
                0x1000285c                hub_init
 .text.hub_deinit
                0x10002870        0x4 app/CMakeFiles/app_main.dir/C_/Users/Mypc/.pico-sdk/sdk/2.2.0/lib/tinyusb/src/host/hub.c.obj
                0x10002870                hub_deinit
 .text.hub_open
                0x10002874       0x90 app/CMakeFiles/app_main.dir/C_/Users/Mypc/.pico-sdk/sdk/2.2.0/lib/tinyusb/src/host/hub.c.obj
                0x10002874                hub_open
 .text.hub_close
                0x10002904       0x34 app/CMakeFiles/app_main.dir/C_/Users/Mypc/.pico-sdk/sdk/2.2.0/lib/tinyusb/src/host/hub.c.obj
                0x10002904                hub_close
 .text.hub_edpt_status_xfer
                0x10002938       0x24 app/CMakeFiles/app_main.dir/C_/Users/Mypc/.pico-sdk/sdk/2.2.0/lib/tinyusb/src/host/hub.c.obj
                0x10002938                hub_edpt_status_xfer
 .text.hub_port_get_status_complete
                0x1000295c       0xa0 app/CMakeFiles/app_main.dir/C_/Users/Mypc/.pico-sdk/sdk/2.2.0/lib/tinyusb/src/host/hub.c.obj
 .text.hub_clear_feature_complete_stub
                0x100029fc       0x28 app/CMakeFiles/app_main.dir/C_/Users/Mypc/.pico-sdk/sdk/2.2.0/lib/tinyusb/src/host/hub.c.obj
 .text.hub_set_config
                0x10002a24       0x78 app/CMakeFiles/app_main.dir/C_/Users/Mypc/.pico-sdk/sdk/2.2.0/lib/tinyusb/src/host/hub.c.obj
                0x10002a24                hub_set_config
 .text.hub_xfer_cb
                0x10002a9c       0xb4 app/CMakeFiles/app_main.dir/C_/Users/Mypc/.pico-sdk/sdk/2.2.0/lib/tinyusb/src/host/hub.c.obj
                0x10002a9c                hub_xfer_cb
 .text.get_idx_by_epaddr
                0x10002b50       0x48 app/CMakeFiles/app_main.dir/C_/Users/Mypc/.pico-sdk/sdk/2.2.0/lib/tinyusb/src/class/hid/hid_host.c.obj
 .text.find_new_itf
                0x10002b98       0x28 app/CMakeFiles/app_main.dir/C_/Users/Mypc/.pico-sdk/sdk/2.2.0/lib/tinyusb/src/class/hid/hid_host.c.obj
 .text._hidh_set_protocol
                0x10002bc0       0x78 app/CMakeFiles/app_main.dir/C_/Users/Mypc/.pico-sdk/sdk/2.2.0/lib/tinyusb/src/class/hid/hid_host.c.obj
 .text._hidh_set_idle
                0x10002c38       0x74 app/CMakeFiles/app_main.dir/C_/Users/Mypc/.pico-sdk/sdk/2.2.0/lib/tinyusb/src/class/hid/hid_host.c.obj
 .text.config_driver_mount_complete
                0x10002cac       0x54 app/CMakeFiles/app_main.dir/C_/Users/Mypc/.pico-sdk/sdk/2.2.0/lib/tinyusb/src/class/hid/hid_host.c.obj
 .text.tuh_hid_itf_get_index
                0x10002d00       0x38 app/CMakeFiles/app_main.dir/C_/Users/Mypc/.pico-sdk/sdk/2.2.0/lib/tinyusb/src/class/hid/hid_host.c.obj
                0x10002d00                tuh_hid_itf_get_index
 .text.process_set_config
                0x10002d38      0x12c app/CMakeFiles/app_main.dir/C_/Users/Mypc/.pico-sdk/sdk/2.2.0/lib/tinyusb/src/class/hid/hid_host.c.obj
 .text.hidh_init
                0x10002e64       0x20 app/CMakeFiles/app_main.dir/C_/Users/Mypc/.pico-sdk/sdk/2.2.0/lib/tinyusb/src/class/hid/hid_host.c.obj
                0x10002e64                hidh_init
 .text.hidh_deinit
                0x10002e84        0x4 app/CMakeFiles/app_main.dir/C_/Users/Mypc/.pico-sdk/sdk/2.2.0/lib/tinyusb/src/class/hid/hid_host.c.obj
                0x10002e84                hidh_deinit
 .text.hidh_xfer_cb
                0x10002e88       0x8c app/CMakeFiles/app_main.dir/C_/Users/Mypc/.pico-sdk/sdk/2.2.0/lib/tinyusb/src/class/hid/hid_host.c.obj
                0x10002e88                hidh_xfer_cb
 .text.hidh_close
                0x10002f14       0x54 app/CMakeFiles/app_main.dir/C_/Users/Mypc/.pico-sdk/sdk/2.2.0/lib/tinyusb/src/class/hid/hid_host.c.obj
                0x10002f14                hidh_close
 .text.hidh_open
                0x10002f68      0x144 app/CMakeFiles/app_main.dir/C_/Users/Mypc/.pico-sdk/sdk/2.2.0/lib/tinyusb/src/class/hid/hid_host.c.obj
                0x10002f68                hidh_open
 .text.hidh_set_config
                0x100030ac       0x20 app/CMakeFiles/app_main.dir/C_/Users/Mypc/.pico-sdk/sdk/2.2.0/lib/tinyusb/src/class/hid/hid_host.c.obj
                0x100030ac                hidh_set_config
 .text.config_read_capacity_complete
                0x100030cc       0x80 app/CMakeFiles/app_main.dir/C_/Users/Mypc/.pico-sdk/sdk/2.2.0/lib/tinyusb/src/class/msc/msc_host.c.obj
 .text.tuh_msc_get_block_count
                0x1000314c       0x18 app/CMakeFiles/app_main.dir/C_/Users/Mypc/.pico-sdk/sdk/2.2.0/lib/tinyusb/src/class/msc/msc_host.c.obj
                0x1000314c                tuh_msc_get_block_count
 .text.tuh_msc_get_block_size
                0x10003164       0x18 app/CMakeFiles/app_main.dir/C_/Users/Mypc/.pico-sdk/sdk/2.2.0/lib/tinyusb/src/class/msc/msc_host.c.obj
                0x10003164                tuh_msc_get_block_size
 .text.tuh_msc_mounted
                0x1000317c       0x14 app/CMakeFiles/app_main.dir/C_/Users/Mypc/.pico-sdk/sdk/2.2.0/lib/tinyusb/src/class/msc/msc_host.c.obj
                0x1000317c                tuh_msc_mounted
 .text.tuh_msc_scsi_command
                0x10003190       0x90 app/CMakeFiles/app_main.dir/C_/Users/Mypc/.pico-sdk/sdk/2.2.0/lib/tinyusb/src/class/msc/msc_host.c.obj
                0x10003190                tuh_msc_scsi_command
 .text.tuh_msc_read_capacity
                0x10003220       0x68 app/CMakeFiles/app_main.dir/C_/Users/Mypc/.pico-sdk/sdk/2.2.0/lib/tinyusb/src/class/msc/msc_host.c.obj
                0x10003220                tuh_msc_read_capacity
 .text.tuh_msc_inquiry
                0x10003288       0x84 app/CMakeFiles/app_main.dir/C_/Users/Mypc/.pico-sdk/sdk/2.2.0/lib/tinyusb/src/class/msc/msc_host.c.obj
                0x10003288                tuh_msc_inquiry
 .text.tuh_msc_test_unit_ready
                0x1000330c       0x5c app/CMakeFiles/app_main.dir/C_/Users/Mypc/.pico-sdk/sdk/2.2.0/lib/tinyusb/src/class/msc/msc_host.c.obj
                0x1000330c                tuh_msc_test_unit_ready
 .text.config_get_maxlun_complete
                0x10003368       0x60 app/CMakeFiles/app_main.dir/C_/Users/Mypc/.pico-sdk/sdk/2.2.0/lib/tinyusb/src/class/msc/msc_host.c.obj
 .text.config_request_sense_complete
                0x100033c8       0x48 app/CMakeFiles/app_main.dir/C_/Users/Mypc/.pico-sdk/sdk/2.2.0/lib/tinyusb/src/class/msc/msc_host.c.obj
 .text.tuh_msc_request_sense
                0x10003410       0x74 app/CMakeFiles/app_main.dir/C_/Users/Mypc/.pico-sdk/sdk/2.2.0/lib/tinyusb/src/class/msc/msc_host.c.obj
                0x10003410                tuh_msc_request_sense
 .text.config_test_unit_ready_complete
                0x10003484       0x74 app/CMakeFiles/app_main.dir/C_/Users/Mypc/.pico-sdk/sdk/2.2.0/lib/tinyusb/src/class/msc/msc_host.c.obj
 .text.tuh_msc_read10
                0x100034f8       0xcc app/CMakeFiles/app_main.dir/C_/Users/Mypc/.pico-sdk/sdk/2.2.0/lib/tinyusb/src/class/msc/msc_host.c.obj
                0x100034f8                tuh_msc_read10
 .text.tuh_msc_write10
                0x100035c4       0xc8 app/CMakeFiles/app_main.dir/C_/Users/Mypc/.pico-sdk/sdk/2.2.0/lib/tinyusb/src/class/msc/msc_host.c.obj
                0x100035c4                tuh_msc_write10
 .text.msch_init
                0x1000368c       0x2c app/CMakeFiles/app_main.dir/C_/Users/Mypc/.pico-sdk/sdk/2.2.0/lib/tinyusb/src/class/msc/msc_host.c.obj
                0x1000368c                msch_init
 .text.msch_deinit
                0x100036b8        0x4 app/CMakeFiles/app_main.dir/C_/Users/Mypc/.pico-sdk/sdk/2.2.0/lib/tinyusb/src/class/msc/msc_host.c.obj
                0x100036b8                msch_deinit
 .text.msch_close
                0x100036bc       0x54 app/CMakeFiles/app_main.dir/C_/Users/Mypc/.pico-sdk/sdk/2.2.0/lib/tinyusb/src/class/msc/msc_host.c.obj
                0x100036bc                msch_close
 .text.msch_xfer_cb
                0x10003710      0x130 app/CMakeFiles/app_main.dir/C_/Users/Mypc/.pico-sdk/sdk/2.2.0/lib/tinyusb/src/class/msc/msc_host.c.obj
                0x10003710                msch_xfer_cb
 .text.msch_open
                0x10003840       0xd8 app/CMakeFiles/app_main.dir/C_/Users/Mypc/.pico-sdk/sdk/2.2.0/lib/tinyusb/src/class/msc/msc_host.c.obj
                0x10003840                msch_open
 .text.msch_set_config
                0x10003918       0xb4 app/CMakeFiles/app_main.dir/C_/Users/Mypc/.pico-sdk/sdk/2.2.0/lib/tinyusb/src/class/msc/msc_host.c.obj
                0x10003918                msch_set_config
 .text.dump_str_line
                0x100039cc       0x40 app/CMakeFiles/app_main.dir/C_/Users/Mypc/.pico-sdk/sdk/2.2.0/lib/tinyusb/src/tusb.c.obj
 .text.tusb_rhport_init
                0x10003a0c       0x78 app/CMakeFiles/app_main.dir/C_/Users/Mypc/.pico-sdk/sdk/2.2.0/lib/tinyusb/src/tusb.c.obj
                0x10003a0c                tusb_rhport_init
 .text.tu_edpt_claim
                0x10003a84       0x50 app/CMakeFiles/app_main.dir/C_/Users/Mypc/.pico-sdk/sdk/2.2.0/lib/tinyusb/src/tusb.c.obj
                0x10003a84                tu_edpt_claim
 .text.tu_edpt_release
                0x10003ad4       0x38 app/CMakeFiles/app_main.dir/C_/Users/Mypc/.pico-sdk/sdk/2.2.0/lib/tinyusb/src/tusb.c.obj
                0x10003ad4                tu_edpt_release
 .text.tu_edpt_validate
                0x10003b0c       0xbc app/CMakeFiles/app_main.dir/C_/Users/Mypc/.pico-sdk/sdk/2.2.0/lib/tinyusb/src/tusb.c.obj
                0x10003b0c                tu_edpt_validate
 .text.tu_edpt_bind_driver
                0x10003bc8       0x44 app/CMakeFiles/app_main.dir/C_/Users/Mypc/.pico-sdk/sdk/2.2.0/lib/tinyusb/src/tusb.c.obj
                0x10003bc8                tu_edpt_bind_driver
 .text.tu_desc_get_interface_total_len
                0x10003c0c       0x42 app/CMakeFiles/app_main.dir/C_/Users/Mypc/.pico-sdk/sdk/2.2.0/lib/tinyusb/src/tusb.c.obj
                0x10003c0c                tu_desc_get_interface_total_len
 *fill*         0x10003c4e        0x2 
 .text.tu_print_mem
                0x10003c50       0xd0 app/CMakeFiles/app_main.dir/C_/Users/Mypc/.pico-sdk/sdk/2.2.0/lib/tinyusb/src/tusb.c.obj
                0x10003c50                tu_print_mem
 .text.advance_index
                0x10003d20       0x1a app/CMakeFiles/app_main.dir/C_/Users/Mypc/.pico-sdk/sdk/2.2.0/lib/tinyusb/src/common/tusb_fifo.c.obj
 .text._tu_fifo_peek
                0x10003d3a       0x56 app/CMakeFiles/app_main.dir/C_/Users/Mypc/.pico-sdk/sdk/2.2.0/lib/tinyusb/src/common/tusb_fifo.c.obj
 .text.tu_fifo_empty
                0x10003d90        0xe app/CMakeFiles/app_main.dir/C_/Users/Mypc/.pico-sdk/sdk/2.2.0/lib/tinyusb/src/common/tusb_fifo.c.obj
                0x10003d90                tu_fifo_empty
 .text.tu_fifo_full
                0x10003d9e       0x2a app/CMakeFiles/app_main.dir/C_/Users/Mypc/.pico-sdk/sdk/2.2.0/lib/tinyusb/src/common/tusb_fifo.c.obj
                0x10003d9e                tu_fifo_full
 .text.tu_fifo_read
                0x10003dc8       0x42 app/CMakeFiles/app_main.dir/C_/Users/Mypc/.pico-sdk/sdk/2.2.0/lib/tinyusb/src/common/tusb_fifo.c.obj
                0x10003dc8                tu_fifo_read
 .text.tu_fifo_write
                0x10003e0a       0x64 app/CMakeFiles/app_main.dir/C_/Users/Mypc/.pico-sdk/sdk/2.2.0/lib/tinyusb/src/common/tusb_fifo.c.obj
                0x10003e0a                tu_fifo_write
 .text.tu_fifo_clear
                0x10003e6e       0x3e app/CMakeFiles/app_main.dir/C_/Users/Mypc/.pico-sdk/sdk/2.2.0/lib/tinyusb/src/common/tusb_fifo.c.obj
                0x10003e6e                tu_fifo_clear
 .text.set_raw_irq_handler_and_unlock
                0x10003eac       0x28 app/CMakeFiles/app_main.dir/C_/Users/Mypc/.pico-sdk/sdk/2.2.0/src/rp2_common/hardware_irq/irq.c.obj
 .text.nvic_ipr0
                0x10003ed4        0x8 app/CMakeFiles/app_main.dir/C_/Users/Mypc/.pico-sdk/sdk/2.2.0/src/rp2_common/hardware_irq/irq.c.obj
 .text.runtime_init_per_core_irq_priorities
                0x10003edc       0x1c app/CMakeFiles/app_main.dir/C_/Users/Mypc/.pico-sdk/sdk/2.2.0/src/rp2_common/hardware_irq/irq.c.obj
                0x10003edc                runtime_init_per_core_irq_priorities
 .text.resolve_j_16
                0x10003ef8       0x30 app/CMakeFiles/app_main.dir/C_/Users/Mypc/.pico-sdk/sdk/2.2.0/src/rp2_common/hardware_irq/irq.c.obj
 .text.make_j_16
                0x10003f28       0x48 app/CMakeFiles/app_main.dir/C_/Users/Mypc/.pico-sdk/sdk/2.2.0/src/rp2_common/hardware_irq/irq.c.obj
 .text.insert_bl_32
                0x10003f70       0x40 app/CMakeFiles/app_main.dir/C_/Users/Mypc/.pico-sdk/sdk/2.2.0/src/rp2_common/hardware_irq/irq.c.obj
 .text.irq_is_enabled
                0x10003fb0       0x18 app/CMakeFiles/app_main.dir/C_/Users/Mypc/.pico-sdk/sdk/2.2.0/src/rp2_common/hardware_irq/irq.c.obj
                0x10003fb0                irq_is_enabled
 .text.irq_set_mask_n_enabled
                0x10003fc8       0x1c app/CMakeFiles/app_main.dir/C_/Users/Mypc/.pico-sdk/sdk/2.2.0/src/rp2_common/hardware_irq/irq.c.obj
                0x10003fc8                irq_set_mask_n_enabled
 .text.irq_set_enabled
                0x10003fe4       0x14 app/CMakeFiles/app_main.dir/C_/Users/Mypc/.pico-sdk/sdk/2.2.0/src/rp2_common/hardware_irq/irq.c.obj
                0x10003fe4                irq_set_enabled
 .text.irq_get_vtable_handler
                0x10003ff8       0x10 app/CMakeFiles/app_main.dir/C_/Users/Mypc/.pico-sdk/sdk/2.2.0/src/rp2_common/hardware_irq/irq.c.obj
                0x10003ff8                irq_get_vtable_handler
 .text.irq_has_handler
                0x10004008       0x20 app/CMakeFiles/app_main.dir/C_/Users/Mypc/.pico-sdk/sdk/2.2.0/src/rp2_common/hardware_irq/irq.c.obj
                0x10004008                irq_has_handler
 .text.irq_set_exclusive_handler
                0x10004028       0x54 app/CMakeFiles/app_main.dir/C_/Users/Mypc/.pico-sdk/sdk/2.2.0/src/rp2_common/hardware_irq/irq.c.obj
                0x10004028                irq_set_exclusive_handler
 .text.irq_add_shared_handler
                0x1000407c      0x218 app/CMakeFiles/app_main.dir/C_/Users/Mypc/.pico-sdk/sdk/2.2.0/src/rp2_common/hardware_irq/irq.c.obj
                0x1000407c                irq_add_shared_handler
 .text.irq_remove_handler
                0x10004294      0x18c app/CMakeFiles/app_main.dir/C_/Users/Mypc/.pico-sdk/sdk/2.2.0/src/rp2_common/hardware_irq/irq.c.obj
                0x10004294                irq_remove_handler
 .text.irq_add_tail_to_free_list
                0x10004420       0xf4 app/CMakeFiles/app_main.dir/C_/Users/Mypc/.pico-sdk/sdk/2.2.0/src/rp2_common/hardware_irq/irq.c.obj
                0x10004420                irq_add_tail_to_free_list
 .text.panic    0x10004514       0x30 app/CMakeFiles/app_main.dir/C_/Users/Mypc/.pico-sdk/sdk/2.2.0/src/rp2_common/pico_platform_panic/panic.c.obj
                0x10004514                panic
 .text.hw_claim_lock
                0x10004544       0x18 app/CMakeFiles/app_main.dir/C_/Users/Mypc/.pico-sdk/sdk/2.2.0/src/common/hardware_claim/claim.c.obj
                0x10004544                hw_claim_lock
 .text.hw_claim_unlock
                0x1000455c       0x14 app/CMakeFiles/app_main.dir/C_/Users/Mypc/.pico-sdk/sdk/2.2.0/src/common/hardware_claim/claim.c.obj
                0x1000455c                hw_claim_unlock
 .text.hw_claim_or_assert
                0x10004570       0x32 app/CMakeFiles/app_main.dir/C_/Users/Mypc/.pico-sdk/sdk/2.2.0/src/common/hardware_claim/claim.c.obj
                0x10004570                hw_claim_or_assert
 .text.hw_claim_unused_from_range
                0x100045a2       0x50 app/CMakeFiles/app_main.dir/C_/Users/Mypc/.pico-sdk/sdk/2.2.0/src/common/hardware_claim/claim.c.obj
                0x100045a2                hw_claim_unused_from_range
 *fill*         0x100045f2        0x2 
 .text.next_striped_spin_lock_num
                0x100045f4       0x1c app/CMakeFiles/app_main.dir/C_/Users/Mypc/.pico-sdk/sdk/2.2.0/src/rp2_common/hardware_sync/sync.c.obj
                0x100045f4                next_striped_spin_lock_num
 .text.spin_lock_claim_unused
                0x10004610       0x24 app/CMakeFiles/app_main.dir/C_/Users/Mypc/.pico-sdk/sdk/2.2.0/src/rp2_common/hardware_sync/sync.c.obj
                0x10004610                spin_lock_claim_unused
 .text.spin_locks_reset
                0x10004634       0x20 app/CMakeFiles/app_main.dir/C_/Users/Mypc/.pico-sdk/sdk/2.2.0/src/rp2_common/hardware_sync_spin_lock/sync_spin_lock.c.obj
                0x10004634                spin_locks_reset
 .text.lock_init
                0x10004654       0x10 app/CMakeFiles/app_main.dir/C_/Users/Mypc/.pico-sdk/sdk/2.2.0/src/common/pico_sync/lock_core.c.obj
                0x10004654                lock_init
 .text.mutex_init
                0x10004664       0x1a app/CMakeFiles/app_main.dir/C_/Users/Mypc/.pico-sdk/sdk/2.2.0/src/common/pico_sync/mutex.c.obj
                0x10004664                mutex_init
 .text.recursive_mutex_init
                0x1000467e       0x1e app/CMakeFiles/app_main.dir/C_/Users/Mypc/.pico-sdk/sdk/2.2.0/src/common/pico_sync/mutex.c.obj
                0x1000467e                recursive_mutex_init
 .text.runtime_init_mutex
                0x1000469c       0x4c app/CMakeFiles/app_main.dir/C_/Users/Mypc/.pico-sdk/sdk/2.2.0/src/common/pico_sync/mutex.c.obj
                0x1000469c                runtime_init_mutex
 .text.critical_section_init_with_lock_num
                0x100046e8       0x14 app/CMakeFiles/app_main.dir/C_/Users/Mypc/.pico-sdk/sdk/2.2.0/src/common/pico_sync/critical_section.c.obj
                0x100046e8                critical_section_init_with_lock_num
 .text.critical_section_init
                0x100046fc       0x14 app/CMakeFiles/app_main.dir/C_/Users/Mypc/.pico-sdk/sdk/2.2.0/src/common/pico_sync/critical_section.c.obj
                0x100046fc                critical_section_init
 .text.ta_set_timeout
                0x10004710       0x24 app/CMakeFiles/app_main.dir/C_/Users/Mypc/.pico-sdk/sdk/2.2.0/src/common/pico_time/time.c.obj
 .text.make_alarm_id
                0x10004734        0x6 app/CMakeFiles/app_main.dir/C_/Users/Mypc/.pico-sdk/sdk/2.2.0/src/common/pico_time/time.c.obj
 *fill*         0x1000473a        0x2 
 .text.sleep_until_callback
                0x1000473c       0x30 app/CMakeFiles/app_main.dir/C_/Users/Mypc/.pico-sdk/sdk/2.2.0/src/common/pico_time/time.c.obj
 .text.alarm_pool_irq_handler
                0x1000476c      0x2f0 app/CMakeFiles/app_main.dir/C_/Users/Mypc/.pico-sdk/sdk/2.2.0/src/common/pico_time/time.c.obj
 .text.ta_enable_irq_handler
                0x10004a5c       0x2c app/CMakeFiles/app_main.dir/C_/Users/Mypc/.pico-sdk/sdk/2.2.0/src/common/pico_time/time.c.obj
 .text.alarm_pool_post_alloc_init
                0x10004a88       0x78 app/CMakeFiles/app_main.dir/C_/Users/Mypc/.pico-sdk/sdk/2.2.0/src/common/pico_time/time.c.obj
 .text.alarm_pool_get_default
                0x10004b00       0x2c app/CMakeFiles/app_main.dir/C_/Users/Mypc/.pico-sdk/sdk/2.2.0/src/common/pico_time/time.c.obj
                0x10004b00                alarm_pool_get_default
 .text.alarm_pool_add_alarm_at_force_in_context
                0x10004b2c       0xa4 app/CMakeFiles/app_main.dir/C_/Users/Mypc/.pico-sdk/sdk/2.2.0/src/common/pico_time/time.c.obj
                0x10004b2c                alarm_pool_add_alarm_at_force_in_context
 .text.alarm_pool_add_alarm_at
                0x10004bd0       0x3c app/CMakeFiles/app_main.dir/C_/Users/Mypc/.pico-sdk/sdk/2.2.0/src/common/pico_time/time.c.obj
                0x10004bd0                alarm_pool_add_alarm_at
 .text.add_alarm_at
                0x10004c0c       0x2e app/CMakeFiles/app_main.dir/C_/Users/Mypc/.pico-sdk/sdk/2.2.0/src/common/pico_time/time.c.obj
 *fill*         0x10004c3a        0x2 
 .text.alarm_pool_cancel_alarm
                0x10004c3c       0x78 app/CMakeFiles/app_main.dir/C_/Users/Mypc/.pico-sdk/sdk/2.2.0/src/common/pico_time/time.c.obj
                0x10004c3c                alarm_pool_cancel_alarm
 .text.cancel_alarm
                0x10004cb4       0x10 app/CMakeFiles/app_main.dir/C_/Users/Mypc/.pico-sdk/sdk/2.2.0/src/common/pico_time/time.c.obj
 .text.sleep_until
                0x10004cc4       0xb0 app/CMakeFiles/app_main.dir/C_/Users/Mypc/.pico-sdk/sdk/2.2.0/src/common/pico_time/time.c.obj
                0x10004cc4                sleep_until
 .text.sleep_us
                0x10004d74       0x24 app/CMakeFiles/app_main.dir/C_/Users/Mypc/.pico-sdk/sdk/2.2.0/src/common/pico_time/time.c.obj
                0x10004d74                sleep_us
 .text.sleep_ms
                0x10004d98       0x14 app/CMakeFiles/app_main.dir/C_/Users/Mypc/.pico-sdk/sdk/2.2.0/src/common/pico_time/time.c.obj
                0x10004d98                sleep_ms
 .text.best_effort_wfe_or_timeout
                0x10004dac      0x11c app/CMakeFiles/app_main.dir/C_/Users/Mypc/.pico-sdk/sdk/2.2.0/src/common/pico_time/time.c.obj
                0x10004dac                best_effort_wfe_or_timeout
 .text.alarm_pool_get_default_timer
                0x10004ec8        0x8 app/CMakeFiles/app_main.dir/C_/Users/Mypc/.pico-sdk/sdk/2.2.0/src/common/pico_time/time.c.obj
                0x10004ec8                alarm_pool_get_default_timer
 .text.runtime_init_default_alarm_pool
                0x10004ed0       0x38 app/CMakeFiles/app_main.dir/C_/Users/Mypc/.pico-sdk/sdk/2.2.0/src/common/pico_time/time.c.obj
                0x10004ed0                runtime_init_default_alarm_pool
 .text.timer_hardware_alarm_claim
                0x10004f08       0x14 app/CMakeFiles/app_main.dir/C_/Users/Mypc/.pico-sdk/sdk/2.2.0/src/rp2_common/hardware_timer/timer.c.obj
                0x10004f08                timer_hardware_alarm_claim
 .text.timer_time_us_64
                0x10004f1c       0x10 app/CMakeFiles/app_main.dir/C_/Users/Mypc/.pico-sdk/sdk/2.2.0/src/rp2_common/hardware_timer/timer.c.obj
                0x10004f1c                timer_time_us_64
 .text.timer_busy_wait_until
                0x10004f2c       0x1a app/CMakeFiles/app_main.dir/C_/Users/Mypc/.pico-sdk/sdk/2.2.0/src/rp2_common/hardware_timer/timer.c.obj
                0x10004f2c                timer_busy_wait_until
 .text.timer_busy_wait_us
                0x10004f46       0x38 app/CMakeFiles/app_main.dir/C_/Users/Mypc/.pico-sdk/sdk/2.2.0/src/rp2_common/hardware_timer/timer.c.obj
                0x10004f46                timer_busy_wait_us
 *fill*         0x10004f7e        0x2 
 .text.time_us_64
                0x10004f80       0x10 app/CMakeFiles/app_main.dir/C_/Users/Mypc/.pico-sdk/sdk/2.2.0/src/rp2_common/hardware_timer/timer.c.obj
                0x10004f80                time_us_64
 .text.busy_wait_us
                0x10004f90       0x14 app/CMakeFiles/app_main.dir/C_/Users/Mypc/.pico-sdk/sdk/2.2.0/src/rp2_common/hardware_timer/timer.c.obj
                0x10004f90                busy_wait_us
 .text.busy_wait_until
                0x10004fa4       0x14 app/CMakeFiles/app_main.dir/C_/Users/Mypc/.pico-sdk/sdk/2.2.0/src/rp2_common/hardware_timer/timer.c.obj
                0x10004fa4                busy_wait_until
 .text.board_init
                0x10004fb8       0x14 app/CMakeFiles/app_main.dir/C_/Users/Mypc/.pico-sdk/sdk/2.2.0/lib/tinyusb/hw/bsp/rp2040/family.c.obj
                0x10004fb8                board_init
 .text.board_led_write
                0x10004fcc       0x1c app/CMakeFiles/app_main.dir/C_/Users/Mypc/.pico-sdk/sdk/2.2.0/lib/tinyusb/hw/bsp/rp2040/family.c.obj
                0x10004fcc                board_led_write
 .text.board_getchar
                0x10004fe8        0xa app/CMakeFiles/app_main.dir/C_/Users/Mypc/.pico-sdk/sdk/2.2.0/lib/tinyusb/hw/bsp/rp2040/family.c.obj
                0x10004fe8                board_getchar
 *fill*         0x10004ff2        0x2 
 .text._retrieve_unique_id_on_boot
                0x10004ff4       0x10 app/CMakeFiles/app_main.dir/C_/Users/Mypc/.pico-sdk/sdk/2.2.0/src/rp2_common/pico_unique_id/unique_id.c.obj
 .text.flash_get_unique_id
                0x10005004       0x40 app/CMakeFiles/app_main.dir/C_/Users/Mypc/.pico-sdk/sdk/2.2.0/src/rp2_common/hardware_flash/flash.c.obj
                0x10005004                flash_get_unique_id
 .text.rom_func_lookup
                0x10005044       0x10 app/CMakeFiles/app_main.dir/C_/Users/Mypc/.pico-sdk/sdk/2.2.0/src/rp2_common/pico_bootrom/bootrom.c.obj
                0x10005044                rom_func_lookup
 .text.rom_data_lookup
                0x10005054       0x10 app/CMakeFiles/app_main.dir/C_/Users/Mypc/.pico-sdk/sdk/2.2.0/src/rp2_common/pico_bootrom/bootrom.c.obj
                0x10005054                rom_data_lookup
 .text.rom_funcs_lookup
                0x10005064       0x36 app/CMakeFiles/app_main.dir/C_/Users/Mypc/.pico-sdk/sdk/2.2.0/src/rp2_common/pico_bootrom/bootrom.c.obj
                0x10005064                rom_funcs_lookup
 *fill*         0x1000509a        0x2 
 .text.clock_configure_internal
                0x1000509c       0xc4 app/CMakeFiles/app_main.dir/C_/Users/Mypc/.pico-sdk/sdk/2.2.0/src/rp2_common/hardware_clocks/clocks.c.obj
 .text.clock_configure_int_divider
                0x10005160       0x28 app/CMakeFiles/app_main.dir/C_/Users/Mypc/.pico-sdk/sdk/2.2.0/src/rp2_common/hardware_clocks/clocks.c.obj
                0x10005160                clock_configure_int_divider
 .text.clock_configure_undivided
                0x10005188       0x12 app/CMakeFiles/app_main.dir/C_/Users/Mypc/.pico-sdk/sdk/2.2.0/src/rp2_common/hardware_clocks/clocks.c.obj
                0x10005188                clock_configure_undivided
 *fill*         0x1000519a        0x2 
 .text.clock_get_hz
                0x1000519c        0xc app/CMakeFiles/app_main.dir/C_/Users/Mypc/.pico-sdk/sdk/2.2.0/src/rp2_common/hardware_clocks/clocks.c.obj
                0x1000519c                clock_get_hz
 .text.gpio_default_irq_handler
                0x100051a8       0xa8 app/CMakeFiles/app_main.dir/C_/Users/Mypc/.pico-sdk/sdk/2.2.0/src/rp2_common/hardware_gpio/gpio.c.obj
 .text._gpio_set_irq_enabled
                0x10005250       0x3c app/CMakeFiles/app_main.dir/C_/Users/Mypc/.pico-sdk/sdk/2.2.0/src/rp2_common/hardware_gpio/gpio.c.obj
 .text.gpio_set_function
                0x1000528c       0x34 app/CMakeFiles/app_main.dir/C_/Users/Mypc/.pico-sdk/sdk/2.2.0/src/rp2_common/hardware_gpio/gpio.c.obj
                0x1000528c                gpio_set_function
 .text.gpio_set_pulls
                0x100052c0       0x38 app/CMakeFiles/app_main.dir/C_/Users/Mypc/.pico-sdk/sdk/2.2.0/src/rp2_common/hardware_gpio/gpio.c.obj
                0x100052c0                gpio_set_pulls
 .text.gpio_set_irq_enabled
                0x100052f8       0x50 app/CMakeFiles/app_main.dir/C_/Users/Mypc/.pico-sdk/sdk/2.2.0/src/rp2_common/hardware_gpio/gpio.c.obj
                0x100052f8                gpio_set_irq_enabled
 .text.gpio_set_irq_callback
                0x10005348       0x48 app/CMakeFiles/app_main.dir/C_/Users/Mypc/.pico-sdk/sdk/2.2.0/src/rp2_common/hardware_gpio/gpio.c.obj
                0x10005348                gpio_set_irq_callback
 .text.gpio_set_irq_enabled_with_callback
                0x10005390       0x28 app/CMakeFiles/app_main.dir/C_/Users/Mypc/.pico-sdk/sdk/2.2.0/src/rp2_common/hardware_gpio/gpio.c.obj
                0x10005390                gpio_set_irq_enabled_with_callback
 .text.gpio_set_input_enabled
                0x100053b8       0x28 app/CMakeFiles/app_main.dir/C_/Users/Mypc/.pico-sdk/sdk/2.2.0/src/rp2_common/hardware_gpio/gpio.c.obj
                0x100053b8                gpio_set_input_enabled
 .text.gpio_init
                0x100053e0       0x16 app/CMakeFiles/app_main.dir/C_/Users/Mypc/.pico-sdk/sdk/2.2.0/src/rp2_common/hardware_gpio/gpio.c.obj
                0x100053e0                gpio_init
 *fill*         0x100053f6        0x2 
 .text.pll_init
                0x100053f8      0x124 app/CMakeFiles/app_main.dir/C_/Users/Mypc/.pico-sdk/sdk/2.2.0/src/rp2_common/hardware_pll/pll.c.obj
                0x100053f8                pll_init
 .text.tick_start
                0x1000551c       0x10 app/CMakeFiles/app_main.dir/C_/Users/Mypc/.pico-sdk/sdk/2.2.0/src/rp2_common/hardware_ticks/ticks.c.obj
                0x1000551c                tick_start
 .text.xosc_init
                0x1000552c       0x2c app/CMakeFiles/app_main.dir/C_/Users/Mypc/.pico-sdk/sdk/2.2.0/src/rp2_common/hardware_xosc/xosc.c.obj
                0x1000552c                xosc_init
 .text.runtime_run_initializers_from
                0x10005558       0x18 app/CMakeFiles/app_main.dir/C_/Users/Mypc/.pico-sdk/sdk/2.2.0/src/rp2_common/pico_runtime/runtime.c.obj
 .text.first_per_core_initializer
                0x10005570        0x2 app/CMakeFiles/app_main.dir/C_/Users/Mypc/.pico-sdk/sdk/2.2.0/src/rp2_common/pico_runtime/runtime.c.obj
 *fill*         0x10005572        0x2 
 .text.runtime_run_initializers
                0x10005574       0x10 app/CMakeFiles/app_main.dir/C_/Users/Mypc/.pico-sdk/sdk/2.2.0/src/rp2_common/pico_runtime/runtime.c.obj
                0x10005574                runtime_run_initializers
 .text.runtime_init_early_resets
                0x10005584       0x2c app/CMakeFiles/app_main.dir/C_/Users/Mypc/.pico-sdk/sdk/2.2.0/src/rp2_common/pico_runtime_init/runtime_init.c.obj
                0x10005584                runtime_init_early_resets
 .text.runtime_init_usb_power_down
                0x100055b0       0x1c app/CMakeFiles/app_main.dir/C_/Users/Mypc/.pico-sdk/sdk/2.2.0/src/rp2_common/pico_runtime_init/runtime_init.c.obj
                0x100055b0                runtime_init_usb_power_down
 .text.runtime_init_post_clock_resets
                0x100055cc       0x20 app/CMakeFiles/app_main.dir/C_/Users/Mypc/.pico-sdk/sdk/2.2.0/src/rp2_common/pico_runtime_init/runtime_init.c.obj
                0x100055cc                runtime_init_post_clock_resets
 .text.runtime_init_rp2040_gpio_ie_disable
                0x100055ec       0x14 app/CMakeFiles/app_main.dir/C_/Users/Mypc/.pico-sdk/sdk/2.2.0/src/rp2_common/pico_runtime_init/runtime_init.c.obj
                0x100055ec                runtime_init_rp2040_gpio_ie_disable
 .text.runtime_init_spin_locks_reset
                0x10005600        0x8 app/CMakeFiles/app_main.dir/C_/Users/Mypc/.pico-sdk/sdk/2.2.0/src/rp2_common/pico_runtime_init/runtime_init.c.obj
                0x10005600                runtime_init_spin_locks_reset
 .text.runtime_init_install_ram_vector_table
                0x10005608       0x48 app/CMakeFiles/app_main.dir/C_/Users/Mypc/.pico-sdk/sdk/2.2.0/src/rp2_common/pico_runtime_init/runtime_init.c.obj
                0x10005608                runtime_init_install_ram_vector_table
 .text.start_all_ticks
                0x10005650       0x28 app/CMakeFiles/app_main.dir/C_/Users/Mypc/.pico-sdk/sdk/2.2.0/src/rp2_common/pico_runtime_init/runtime_init_clocks.c.obj
 .text.runtime_init_clocks
                0x10005678       0xcc app/CMakeFiles/app_main.dir/C_/Users/Mypc/.pico-sdk/sdk/2.2.0/src/rp2_common/pico_runtime_init/runtime_init_clocks.c.obj
                0x10005678                runtime_init_clocks
 .text          0x10005744       0x10 app/CMakeFiles/app_main.dir/C_/Users/Mypc/.pico-sdk/sdk/2.2.0/src/rp2_common/pico_bit_ops/bit_ops_aeabi.S.obj
 .text.__wrap___aeabi_idiv
                0x10005754       0x50 app/CMakeFiles/app_main.dir/C_/Users/Mypc/.pico-sdk/sdk/2.2.0/src/rp2_common/pico_divider/divider_hardware.S.obj
                0x10005754                __wrap___aeabi_idivmod
                0x10005754                divmod_s32s32
                0x10005754                div_s32s32
                0x10005754                __wrap___aeabi_idiv
                0x1000575c                divmod_s32s32_unsafe
                0x10005788                divmod_s32s32_savestate
 .text.__wrap___aeabi_uidiv
                0x100057a4       0x4c app/CMakeFiles/app_main.dir/C_/Users/Mypc/.pico-sdk/sdk/2.2.0/src/rp2_common/pico_divider/divider_hardware.S.obj
                0x100057a4                __wrap___aeabi_uidiv
                0x100057a4                __wrap___aeabi_uidivmod
                0x100057a4                div_u32u32
                0x100057a4                divmod_u32u32
                0x100057ac                divmod_u32u32_unsafe
                0x100057d4                divmod_u32u32_savestate
 .text.__wrap___aeabi_ldiv
                0x100057f0      0x424 app/CMakeFiles/app_main.dir/C_/Users/Mypc/.pico-sdk/sdk/2.2.0/src/rp2_common/pico_divider/divider_hardware.S.obj
                0x100057f0                div_s64s64
                0x100057f0                divmod_s64s64
                0x100057f0                __wrap___aeabi_ldivmod
                0x10005820                divmod_u64u64
                0x10005820                div_u64u64
                0x10005820                __wrap___aeabi_uldivmod
                0x10005830                divmod_u64u64_savestate
                0x10005850                divmod_s64s64_unsafe
                0x100058d8                divmod_u64u64_unsafe
 .text.__wrap___aeabi_darithmetic
                0x10005c14       0x80 app/CMakeFiles/app_main.dir/C_/Users/Mypc/.pico-sdk/sdk/2.2.0/src/rp2_common/pico_double/double_aeabi_rp2040.S.obj
                0x10005c14                __wrap___aeabi_drsub
                0x10005c1a                __wrap___aeabi_dsub
                0x10005c2c                __wrap___aeabi_dadd
                0x10005c3e                __wrap___aeabi_ddiv
                0x10005c7a                __wrap___aeabi_dmul
 .text.__wrap___aeabi_cdcmple
                0x10005c94       0x6c app/CMakeFiles/app_main.dir/C_/Users/Mypc/.pico-sdk/sdk/2.2.0/src/rp2_common/pico_double/double_aeabi_rp2040.S.obj
                0x10005c94                __wrap___aeabi_cdrcmple
                0x10005ca4                __wrap___aeabi_cdcmpeq
                0x10005ca4                __wrap___aeabi_cdcmple
 .text.__wrap___aeabi_dcmplt
                0x10005d00        0xc app/CMakeFiles/app_main.dir/C_/Users/Mypc/.pico-sdk/sdk/2.2.0/src/rp2_common/pico_double/double_aeabi_rp2040.S.obj
                0x10005d00                __wrap___aeabi_dcmplt
 .text.__wrap___aeabi_dcmple
                0x10005d0c       0x10 app/CMakeFiles/app_main.dir/C_/Users/Mypc/.pico-sdk/sdk/2.2.0/src/rp2_common/pico_double/double_aeabi_rp2040.S.obj
                0x10005d0c                __wrap___aeabi_dcmple
 .text.__wrap___aeabi_dcmpge
                0x10005d1c       0x10 app/CMakeFiles/app_main.dir/C_/Users/Mypc/.pico-sdk/sdk/2.2.0/src/rp2_common/pico_double/double_aeabi_rp2040.S.obj
                0x10005d1c                __wrap___aeabi_dcmpge
 .text.__wrap___aeabi_dcmpgt
                0x10005d2c        0xa app/CMakeFiles/app_main.dir/C_/Users/Mypc/.pico-sdk/sdk/2.2.0/src/rp2_common/pico_double/double_aeabi_rp2040.S.obj
                0x10005d2c                __wrap___aeabi_dcmpgt
 .text.__wrap___aeabi_dcmpun
                0x10005d36       0x18 app/CMakeFiles/app_main.dir/C_/Users/Mypc/.pico-sdk/sdk/2.2.0/src/rp2_common/pico_double/double_aeabi_rp2040.S.obj
                0x10005d36                __wrap___aeabi_dcmpun
 *fill*         0x10005d4e        0x2 
 .text.__wrap___aeabi_i2d
                0x10005d50       0x38 app/CMakeFiles/app_main.dir/C_/Users/Mypc/.pico-sdk/sdk/2.2.0/src/rp2_common/pico_double/double_aeabi_rp2040.S.obj
                0x10005d50                uint2double
                0x10005d50                __wrap___aeabi_ui2d
                0x10005d58                int2double
                0x10005d58                __wrap___aeabi_i2d
 .text.__wrap___aeabi_d2iz
                0x10005d88       0x48 app/CMakeFiles/app_main.dir/C_/Users/Mypc/.pico-sdk/sdk/2.2.0/src/rp2_common/pico_double/double_aeabi_rp2040.S.obj
                0x10005d88                double2int_z
                0x10005d88                __wrap___aeabi_d2iz
 .text.__wrap___aeabi_d2uiz
                0x10005dd0       0x18 app/CMakeFiles/app_main.dir/C_/Users/Mypc/.pico-sdk/sdk/2.2.0/src/rp2_common/pico_double/double_aeabi_rp2040.S.obj
                0x10005dd0                double2uint
                0x10005dd0                __wrap___aeabi_d2uiz
                0x10005dd0                double2uint_z
 .text.__aeabi_double_init
                0x10005de8       0xcc app/CMakeFiles/app_main.dir/C_/Users/Mypc/.pico-sdk/sdk/2.2.0/src/rp2_common/pico_double/double_init_rom_rp2040.c.obj
                0x10005de8                __aeabi_double_init
 .text.double_table_shim_on_use_helper
                0x10005eb4       0x34 app/CMakeFiles/app_main.dir/C_/Users/Mypc/.pico-sdk/sdk/2.2.0/src/rp2_common/pico_double/double_v1_rom_shim_rp2040.S.obj
                0x10005eb4                double_table_shim_on_use_helper
 .text.__wrap___aeabi_dsub
                0x10005ee8       0x10 app/CMakeFiles/app_main.dir/C_/Users/Mypc/.pico-sdk/sdk/2.2.0/src/rp2_common/pico_double/double_v1_rom_shim_rp2040.S.obj
                0x10005ee8                drsub_shim
                0x10005eee                dsub_shim
 .text.dadd_shim
                0x10005ef8      0x15c app/CMakeFiles/app_main.dir/C_/Users/Mypc/.pico-sdk/sdk/2.2.0/src/rp2_common/pico_double/double_v1_rom_shim_rp2040.S.obj
                0x10005ef8                dadd_shim
 .text.dmul_shim
                0x10006054      0x15c app/CMakeFiles/app_main.dir/C_/Users/Mypc/.pico-sdk/sdk/2.2.0/src/rp2_common/pico_double/double_v1_rom_shim_rp2040.S.obj
                0x10006054                dmul_shim
 .text.ddiv_shim
                0x100061b0      0x1b0 app/CMakeFiles/app_main.dir/C_/Users/Mypc/.pico-sdk/sdk/2.2.0/src/rp2_common/pico_double/double_v1_rom_shim_rp2040.S.obj
                0x100061b0                ddiv_shim
 .text.double2uint_shim
                0x10006360        0xe app/CMakeFiles/app_main.dir/C_/Users/Mypc/.pico-sdk/sdk/2.2.0/src/rp2_common/pico_double/double_v1_rom_shim_rp2040.S.obj
                0x10006360                double2uint_shim
                0x10006362                double2ufix_shim
 *fill*         0x1000636e        0x2 
 .text.double2uint64_shim
                0x10006370       0x70 app/CMakeFiles/app_main.dir/C_/Users/Mypc/.pico-sdk/sdk/2.2.0/src/rp2_common/pico_double/double_v1_rom_shim_rp2040.S.obj
                0x10006370                double2uint64_shim
                0x10006372                double2ufix64_shim
                0x10006392                d2fix_a
 .text.dunpacks
                0x100063e0       0x3c app/CMakeFiles/app_main.dir/C_/Users/Mypc/.pico-sdk/sdk/2.2.0/src/rp2_common/pico_double/double_v1_rom_shim_rp2040.S.obj
                0x100063e0                dunpacks
 .text.__aeabi_lmul
                0x1000641c       0x32 app/CMakeFiles/app_main.dir/C_/Users/Mypc/.pico-sdk/sdk/2.2.0/src/rp2_common/pico_int64_ops/pico_int64_ops_aeabi.S.obj
                0x1000641c                __wrap___aeabi_lmul
 *fill*         0x1000644e        0x2 
 .text.__aeabi_float_init
                0x10006450       0xfc app/CMakeFiles/app_main.dir/C_/Users/Mypc/.pico-sdk/sdk/2.2.0/src/rp2_common/pico_float/float_init_rom_rp2040.c.obj
                0x10006450                __aeabi_float_init
 .text.float_table_shim_on_use_helper
                0x1000654c       0x34 app/CMakeFiles/app_main.dir/C_/Users/Mypc/.pico-sdk/sdk/2.2.0/src/rp2_common/pico_float/float_v1_rom_shim_rp2040.S.obj
                0x1000654c                float_table_shim_on_use_helper
 .text.check_alloc
                0x10006580       0x20 app/CMakeFiles/app_main.dir/C_/Users/Mypc/.pico-sdk/sdk/2.2.0/src/rp2_common/pico_malloc/malloc.c.obj
 .text.__wrap_malloc
                0x100065a0       0x14 app/CMakeFiles/app_main.dir/C_/Users/Mypc/.pico-sdk/sdk/2.2.0/src/rp2_common/pico_malloc/malloc.c.obj
                0x100065a0                __wrap_malloc
 .text          0x100065b4       0x10 app/CMakeFiles/app_main.dir/C_/Users/Mypc/.pico-sdk/sdk/2.2.0/src/rp2_common/pico_mem_ops/mem_ops_aeabi.S.obj
                0x100065b4                __aeabi_mem_init
 .text.memset   0x100065c4        0xc app/CMakeFiles/app_main.dir/C_/Users/Mypc/.pico-sdk/sdk/2.2.0/src/rp2_common/pico_mem_ops/mem_ops_aeabi.S.obj
                0x100065c4                __wrap_memset
 .text.memcpy   0x100065d0        0xc app/CMakeFiles/app_main.dir/C_/Users/Mypc/.pico-sdk/sdk/2.2.0/src/rp2_common/pico_mem_ops/mem_ops_aeabi.S.obj
                0x100065d0                __wrap_memcpy
                0x100065d0                __wrap___aeabi_memcpy
 .text._out_null
                0x100065dc        0x2 app/CMakeFiles/app_main.dir/C_/Users/Mypc/.pico-sdk/sdk/2.2.0/src/rp2_common/pico_printf/printf.c.obj
 .text._out_fct
                0x100065de        0xe app/CMakeFiles/app_main.dir/C_/Users/Mypc/.pico-sdk/sdk/2.2.0/src/rp2_common/pico_printf/printf.c.obj
 .text._atoi    0x100065ec       0x24 app/CMakeFiles/app_main.dir/C_/Users/Mypc/.pico-sdk/sdk/2.2.0/src/rp2_common/pico_printf/printf.c.obj
 .text._out_rev
                0x10006610       0xb0 app/CMakeFiles/app_main.dir/C_/Users/Mypc/.pico-sdk/sdk/2.2.0/src/rp2_common/pico_printf/printf.c.obj
 .text._ntoa_format
                0x100066c0      0x10e app/CMakeFiles/app_main.dir/C_/Users/Mypc/.pico-sdk/sdk/2.2.0/src/rp2_common/pico_printf/printf.c.obj
 .text._ntoa_long
                0x100067ce       0xbc app/CMakeFiles/app_main.dir/C_/Users/Mypc/.pico-sdk/sdk/2.2.0/src/rp2_common/pico_printf/printf.c.obj
 .text._ntoa_long_long
                0x1000688a      0x10e app/CMakeFiles/app_main.dir/C_/Users/Mypc/.pico-sdk/sdk/2.2.0/src/rp2_common/pico_printf/printf.c.obj
 .text._etoa    0x10006998      0x424 app/CMakeFiles/app_main.dir/C_/Users/Mypc/.pico-sdk/sdk/2.2.0/src/rp2_common/pico_printf/printf.c.obj
 .text._ftoa    0x10006dbc      0x348 app/CMakeFiles/app_main.dir/C_/Users/Mypc/.pico-sdk/sdk/2.2.0/src/rp2_common/pico_printf/printf.c.obj
 .text._vsnprintf
                0x10007104      0x6a4 app/CMakeFiles/app_main.dir/C_/Users/Mypc/.pico-sdk/sdk/2.2.0/src/rp2_common/pico_printf/printf.c.obj
 .text.vfctprintf
                0x100077a8       0x24 app/CMakeFiles/app_main.dir/C_/Users/Mypc/.pico-sdk/sdk/2.2.0/src/rp2_common/pico_printf/printf.c.obj
                0x100077a8                vfctprintf
 .text._exit    0x100077cc        0x4 app/CMakeFiles/app_main.dir/C_/Users/Mypc/.pico-sdk/sdk/2.2.0/src/rp2_common/pico_clib_interface/newlib_interface.c.obj
                0x100077cc                _exit
 .text._sbrk    0x100077d0       0x38 app/CMakeFiles/app_main.dir/C_/Users/Mypc/.pico-sdk/sdk/2.2.0/src/rp2_common/pico_clib_interface/newlib_interface.c.obj
                0x100077d0                _sbrk
 .text._read    0x10007808       0x24 app/CMakeFiles/app_main.dir/C_/Users/Mypc/.pico-sdk/sdk/2.2.0/src/rp2_common/pico_clib_interface/newlib_interface.c.obj
                0x10007808                _read
 .text._write   0x1000782c       0x22 app/CMakeFiles/app_main.dir/C_/Users/Mypc/.pico-sdk/sdk/2.2.0/src/rp2_common/pico_clib_interface/newlib_interface.c.obj
                0x1000782c                _write
 .text._close   0x1000784e        0x6 app/CMakeFiles/app_main.dir/C_/Users/Mypc/.pico-sdk/sdk/2.2.0/src/rp2_common/pico_clib_interface/newlib_interface.c.obj
                0x1000784e                _close
 .text._lseek   0x10007854        0x6 app/CMakeFiles/app_main.dir/C_/Users/Mypc/.pico-sdk/sdk/2.2.0/src/rp2_common/pico_clib_interface/newlib_interface.c.obj
                0x10007854                _lseek
 .text._fstat   0x1000785a        0x6 app/CMakeFiles/app_main.dir/C_/Users/Mypc/.pico-sdk/sdk/2.2.0/src/rp2_common/pico_clib_interface/newlib_interface.c.obj
                0x1000785a                _fstat
 .text.exit     0x10007860        0x6 app/CMakeFiles/app_main.dir/C_/Users/Mypc/.pico-sdk/sdk/2.2.0/src/rp2_common/pico_clib_interface/newlib_interface.c.obj
                0x10007860                exit
 *fill*         0x10007866        0x2 
 .text.__assert_func
                0x10007868       0x38 app/CMakeFiles/app_main.dir/C_/Users/Mypc/.pico-sdk/sdk/2.2.0/src/rp2_common/pico_clib_interface/newlib_interface.c.obj
                0x10007868                __assert_func
 .text.runtime_init
                0x100078a0       0x28 app/CMakeFiles/app_main.dir/C_/Users/Mypc/.pico-sdk/sdk/2.2.0/src/rp2_common/pico_clib_interface/newlib_interface.c.obj
                0x100078a0                runtime_init
 .text.stdio_out_chars_no_crlf
                0x100078c8        0xe app/CMakeFiles/app_main.dir/C_/Users/Mypc/.pico-sdk/sdk/2.2.0/src/rp2_common/pico_stdio/stdio.c.obj
 *fill*         0x100078d6        0x2 
 .text.stdio_out_chars_crlf
                0x100078d8       0x80 app/CMakeFiles/app_main.dir/C_/Users/Mypc/.pico-sdk/sdk/2.2.0/src/rp2_common/pico_stdio/stdio.c.obj
 .text.stdio_stack_buffer_flush
                0x10007958       0x44 app/CMakeFiles/app_main.dir/C_/Users/Mypc/.pico-sdk/sdk/2.2.0/src/rp2_common/pico_stdio/stdio.c.obj
 .text.stdio_buffered_printer
                0x1000799c       0x20 app/CMakeFiles/app_main.dir/C_/Users/Mypc/.pico-sdk/sdk/2.2.0/src/rp2_common/pico_stdio/stdio.c.obj
 .text.stdout_serialize_begin
                0x100079bc       0x30 app/CMakeFiles/app_main.dir/C_/Users/Mypc/.pico-sdk/sdk/2.2.0/src/rp2_common/pico_stdio/stdio.c.obj
                0x100079bc                stdout_serialize_begin
 .text.stdout_serialize_end
                0x100079ec       0x10 app/CMakeFiles/app_main.dir/C_/Users/Mypc/.pico-sdk/sdk/2.2.0/src/rp2_common/pico_stdio/stdio.c.obj
                0x100079ec                stdout_serialize_end
 .text.stdio_put_string
                0x100079fc       0x94 app/CMakeFiles/app_main.dir/C_/Users/Mypc/.pico-sdk/sdk/2.2.0/src/rp2_common/pico_stdio/stdio.c.obj
                0x100079fc                stdio_put_string
 .text.stdio_get_until
                0x10007a90       0x74 app/CMakeFiles/app_main.dir/C_/Users/Mypc/.pico-sdk/sdk/2.2.0/src/rp2_common/pico_stdio/stdio.c.obj
                0x10007a90                stdio_get_until
 .text.stdio_flush
                0x10007b04       0x20 app/CMakeFiles/app_main.dir/C_/Users/Mypc/.pico-sdk/sdk/2.2.0/src/rp2_common/pico_stdio/stdio.c.obj
                0x10007b04                stdio_flush
 .text.stdio_init_all
                0x10007b24        0x4 app/CMakeFiles/app_main.dir/C_/Users/Mypc/.pico-sdk/sdk/2.2.0/src/rp2_common/pico_stdio/stdio.c.obj
                0x10007b24                stdio_init_all
 .text.stdio_getchar_timeout_us
                0x10007b28       0x54 app/CMakeFiles/app_main.dir/C_/Users/Mypc/.pico-sdk/sdk/2.2.0/src/rp2_common/pico_stdio/stdio.c.obj
                0x10007b28                stdio_getchar_timeout_us
 .text.__wrap_putchar
                0x10007b7c       0x1c app/CMakeFiles/app_main.dir/C_/Users/Mypc/.pico-sdk/sdk/2.2.0/src/rp2_common/pico_stdio/stdio.c.obj
                0x10007b7c                __wrap_putchar
                0x10007b7c                stdio_putchar
 .text.__wrap_puts
                0x10007b98       0x1e app/CMakeFiles/app_main.dir/C_/Users/Mypc/.pico-sdk/sdk/2.2.0/src/rp2_common/pico_stdio/stdio.c.obj
                0x10007b98                stdio_puts
                0x10007b98                __wrap_puts
 *fill*         0x10007bb6        0x2 
 .text.__wrap_vprintf
                0x10007bb8       0x40 app/CMakeFiles/app_main.dir/C_/Users/Mypc/.pico-sdk/sdk/2.2.0/src/rp2_common/pico_stdio/stdio.c.obj
                0x10007bb8                stdio_vprintf
                0x10007bb8                __wrap_vprintf
 .text.__wrap_printf
                0x10007bf8       0x18 app/CMakeFiles/app_main.dir/C_/Users/Mypc/.pico-sdk/sdk/2.2.0/src/rp2_common/pico_stdio/stdio.c.obj
                0x10007bf8                __wrap_printf
                0x10007bf8                stdio_printf
 .text.ok       0x10007c10       0x20 file_processing/libfile_processing.a(file_processing.c.obj)
                0x10007c10                ok
 .text.invalid_name
                0x10007c30        0x2 file_processing/libfile_processing.a(file_processing.c.obj)
                0x10007c30                invalid_name
 .text.denied   0x10007c32        0x2 file_processing/libfile_processing.a(file_processing.c.obj)
                0x10007c32                denied
 .text.exist    0x10007c34        0x4 file_processing/libfile_processing.a(file_processing.c.obj)
                0x10007c34                exist
 .text.invalid_object
                0x10007c38        0x2 file_processing/libfile_processing.a(file_processing.c.obj)
                0x10007c38                invalid_object
 .text.not_enabled
                0x10007c3a        0x2 file_processing/libfile_processing.a(file_processing.c.obj)
                0x10007c3a                not_enabled
 .text.mkfs_aborted
                0x10007c3c        0x2 file_processing/libfile_processing.a(file_processing.c.obj)
                0x10007c3c                mkfs_aborted
 .text.timeout  0x10007c3e        0x2 file_processing/libfile_processing.a(file_processing.c.obj)
                0x10007c3e                timeout
 .text.locked   0x10007c40        0x2 file_processing/libfile_processing.a(file_processing.c.obj)
                0x10007c40                locked
 .text.too_many_open_files
                0x10007c42        0x2 file_processing/libfile_processing.a(file_processing.c.obj)
                0x10007c42                too_many_open_files
 .text.start_error
                0x10007c44        0x2 file_processing/libfile_processing.a(file_processing.c.obj)
                0x10007c44                start_error
 *fill*         0x10007c46        0x2 
 .text.no_path  0x10007c48       0x4c file_processing/libfile_processing.a(file_processing.c.obj)
                0x10007c48                no_path
 .text.no_file  0x10007c94       0x54 file_processing/libfile_processing.a(file_processing.c.obj)
                0x10007c94                no_file
 .text.no_folder
                0x10007ce8       0x38 file_processing/libfile_processing.a(file_processing.c.obj)
                0x10007ce8                no_folder
 .text.no_filesystem
                0x10007d20       0x2c file_processing/libfile_processing.a(file_processing.c.obj)
                0x10007d20                no_filesystem
 .text.start    0x10007d4c       0x18 file_processing/libfile_processing.a(file_processing.c.obj)
                0x10007d4c                start
 .text.file_processing_main
                0x10007d64       0x28 file_processing/libfile_processing.a(file_processing.c.obj)
                0x10007d64                file_processing_main
 .text.append_char
                0x10007d8c       0x30 file_processing/libfile_processing.a(file_processing.c.obj)
                0x10007d8c                append_char
 .text.gpio_clear_events
                0x10007dbc       0x18 hardware_processing/libhardware_processing.a(hardware_processing.c.obj)
 .text.prepare_memory_for_spi_transfer
                0x10007dd4       0x12 hardware_processing/libhardware_processing.a(hardware_processing.c.obj)
                0x10007dd4                prepare_memory_for_spi_transfer
 *fill*         0x10007de6        0x2 
 .text.set_gpio_pins
                0x10007de8       0x38 hardware_processing/libhardware_processing.a(hardware_processing.c.obj)
                0x10007de8                set_gpio_pins
 .text.set_spi_gpio_pins
                0x10007e20       0x6c hardware_processing/libhardware_processing.a(hardware_processing.c.obj)
                0x10007e20                set_spi_gpio_pins
 .text.gpio_set_irq_active
                0x10007e8c       0x48 hardware_processing/libhardware_processing.a(hardware_processing.c.obj)
                0x10007e8c                gpio_set_irq_active
 .text.copy_queue_buffer
                0x10007ed4       0x3e hardware_processing/libhardware_processing.a(hardware_processing.c.obj)
                0x10007ed4                copy_queue_buffer
 *fill*         0x10007f12        0x2 
 .text.spi_irq_setup_init
                0x10007f14       0x20 hardware_processing/libhardware_processing.a(hardware_processing.c.obj)
                0x10007f14                spi_irq_setup_init
 .text.spi0_irq_handler
                0x10007f34       0x2c hardware_processing/libhardware_processing.a(hardware_processing.c.obj)
                0x10007f34                spi0_irq_handler
 .text.spi_is_processing
                0x10007f60       0x10 hardware_processing/libhardware_processing.a(hardware_processing.c.obj)
                0x10007f60                spi_is_processing
 .text.myIRQHandler
                0x10007f70       0x48 hardware_processing/libhardware_processing.a(hardware_processing.c.obj)
 .text.queue_init
                0x10007fb8       0x1c hardware_processing/libhardware_processing.a(queue.c.obj)
                0x10007fb8                queue_init
 .text.enqueue  0x10007fd4       0x30 hardware_processing/libhardware_processing.a(queue.c.obj)
                0x10007fd4                enqueue
 .text.dequeue  0x10008004       0x2c hardware_processing/libhardware_processing.a(queue.c.obj)
                0x10008004                dequeue
 .text.set_queue_empty
                0x10008030        0x8 hardware_processing/libhardware_processing.a(queue.c.obj)
                0x10008030                set_queue_empty
 .text.queue_is_empty
                0x10008038       0x14 hardware_processing/libhardware_processing.a(queue.c.obj)
                0x10008038                queue_is_empty
 .text.spi_unreset
                0x1000804c       0x2c hardware_processing/libhardware_processing.a(spi.c.obj)
 .text.spi_set_baudrate
                0x10008078       0xb4 hardware_processing/libhardware_processing.a(spi.c.obj)
                0x10008078                spi_set_baudrate
 .text.spi_init
                0x1000812c       0x70 hardware_processing/libhardware_processing.a(spi.c.obj)
                0x1000812c                spi_init
 .text.ld_word  0x1000819c        0xa fatfs/libfatfs_lib.a(ff.c.obj)
 .text.ld_dword
                0x100081a6       0x18 fatfs/libfatfs_lib.a(ff.c.obj)
 .text.st_word  0x100081be        0x8 fatfs/libfatfs_lib.a(ff.c.obj)
 .text.st_dword
                0x100081c6       0x10 fatfs/libfatfs_lib.a(ff.c.obj)
 .text.dbc_1st  0x100081d6        0x4 fatfs/libfatfs_lib.a(ff.c.obj)
 .text.dbc_2nd  0x100081da        0x4 fatfs/libfatfs_lib.a(ff.c.obj)
 .text.clst2sect
                0x100081de       0x18 fatfs/libfatfs_lib.a(ff.c.obj)
 .text.ld_clust
                0x100081f6       0x26 fatfs/libfatfs_lib.a(ff.c.obj)
 .text.st_clust
                0x1000821c       0x26 fatfs/libfatfs_lib.a(ff.c.obj)
 *fill*         0x10008242        0x2 
 .text.pick_lfn
                0x10008244       0x94 fatfs/libfatfs_lib.a(ff.c.obj)
 .text.put_lfn  0x100082d8       0x8c fatfs/libfatfs_lib.a(ff.c.obj)
 .text.sum_sfn  0x10008364       0x20 fatfs/libfatfs_lib.a(ff.c.obj)
 .text.get_ldnumber
                0x10008384       0x5c fatfs/libfatfs_lib.a(ff.c.obj)
 .text.validate
                0x100083e0       0x52 fatfs/libfatfs_lib.a(ff.c.obj)
 .text.sync_window
                0x10008432       0x4a fatfs/libfatfs_lib.a(ff.c.obj)
 .text.move_window
                0x1000847c       0x36 fatfs/libfatfs_lib.a(ff.c.obj)
 *fill*         0x100084b2        0x2 
 .text.check_fs
                0x100084b4       0xdc fatfs/libfatfs_lib.a(ff.c.obj)
 .text.find_volume
                0x10008590       0x6e fatfs/libfatfs_lib.a(ff.c.obj)
 *fill*         0x100085fe        0x2 
 .text.mount_volume
                0x10008600      0x30c fatfs/libfatfs_lib.a(ff.c.obj)
 .text.put_fat  0x1000890c      0x12e fatfs/libfatfs_lib.a(ff.c.obj)
 .text.get_fat  0x10008a3a       0xd6 fatfs/libfatfs_lib.a(ff.c.obj)
 .text.dir_sdi  0x10008b10       0xb4 fatfs/libfatfs_lib.a(ff.c.obj)
 .text.create_chain
                0x10008bc4      0x122 fatfs/libfatfs_lib.a(ff.c.obj)
 .text.remove_chain
                0x10008ce6       0x7c fatfs/libfatfs_lib.a(ff.c.obj)
 .text.dir_clear
                0x10008d62       0x64 fatfs/libfatfs_lib.a(ff.c.obj)
 .text.dir_next
                0x10008dc6       0xd4 fatfs/libfatfs_lib.a(ff.c.obj)
 .text.dir_alloc
                0x10008e9a       0x4e fatfs/libfatfs_lib.a(ff.c.obj)
 .text.dir_read
                0x10008ee8       0xdc fatfs/libfatfs_lib.a(ff.c.obj)
 .text.dir_remove
                0x10008fc4       0x4c fatfs/libfatfs_lib.a(ff.c.obj)
 .text.putc_init
                0x10009010       0x12 fatfs/libfatfs_lib.a(ff.c.obj)
 .text.put_utf  0x10009022       0x3a fatfs/libfatfs_lib.a(ff.c.obj)
 .text.get_fileinfo
                0x1000905c      0x148 fatfs/libfatfs_lib.a(ff.c.obj)
 .text.tchar2uni
                0x100091a4       0x4c fatfs/libfatfs_lib.a(ff.c.obj)
 .text.create_name
                0x100091f0      0x32c fatfs/libfatfs_lib.a(ff.c.obj)
 .text.cmp_lfn  0x1000951c       0xb0 fatfs/libfatfs_lib.a(ff.c.obj)
 .text.dir_find
                0x100095cc       0xe8 fatfs/libfatfs_lib.a(ff.c.obj)
 .text.follow_path
                0x100096b4       0xb0 fatfs/libfatfs_lib.a(ff.c.obj)
 .text.gen_numname
                0x10009764       0xac fatfs/libfatfs_lib.a(ff.c.obj)
 .text.dir_register
                0x10009810      0x152 fatfs/libfatfs_lib.a(ff.c.obj)
 *fill*         0x10009962        0x2 
 .text.sync_fs  0x10009964       0x9c fatfs/libfatfs_lib.a(ff.c.obj)
 .text.create_partition
                0x10009a00      0x18c fatfs/libfatfs_lib.a(ff.c.obj)
 .text.f_mount  0x10009b8c       0x5c fatfs/libfatfs_lib.a(ff.c.obj)
                0x10009b8c                f_mount
 .text.f_open   0x10009be8      0x210 fatfs/libfatfs_lib.a(ff.c.obj)
                0x10009be8                f_open
 .text.f_read   0x10009df8      0x1a2 fatfs/libfatfs_lib.a(ff.c.obj)
                0x10009df8                f_read
 .text.f_write  0x10009f9a      0x1e8 fatfs/libfatfs_lib.a(ff.c.obj)
                0x10009f9a                f_write
 .text.putc_bfd
                0x1000a182       0x40 fatfs/libfatfs_lib.a(ff.c.obj)
 .text.putc_flush
                0x1000a1c2       0x3c fatfs/libfatfs_lib.a(ff.c.obj)
 *fill*         0x1000a1fe        0x2 
 .text.f_sync   0x1000a200       0x98 fatfs/libfatfs_lib.a(ff.c.obj)
                0x1000a200                f_sync
 .text.f_close  0x1000a298       0x24 fatfs/libfatfs_lib.a(ff.c.obj)
                0x1000a298                f_close
 .text.f_chdir  0x1000a2bc       0x5c fatfs/libfatfs_lib.a(ff.c.obj)
                0x1000a2bc                f_chdir
 .text.f_getcwd
                0x1000a318      0x118 fatfs/libfatfs_lib.a(ff.c.obj)
                0x1000a318                f_getcwd
 .text.f_opendir
                0x1000a430       0x6c fatfs/libfatfs_lib.a(ff.c.obj)
                0x1000a430                f_opendir
 .text.f_closedir
                0x1000a49c       0x18 fatfs/libfatfs_lib.a(ff.c.obj)
                0x1000a49c                f_closedir
 .text.f_readdir
                0x1000a4b4       0x52 fatfs/libfatfs_lib.a(ff.c.obj)
                0x1000a4b4                f_readdir
 .text.f_stat   0x1000a506       0x44 fatfs/libfatfs_lib.a(ff.c.obj)
                0x1000a506                f_stat
 .text.f_unlink
                0x1000a54a       0xba fatfs/libfatfs_lib.a(ff.c.obj)
                0x1000a54a                f_unlink
 .text.f_mkdir  0x1000a604      0x118 fatfs/libfatfs_lib.a(ff.c.obj)
                0x1000a604                f_mkdir
 .text.f_rename
                0x1000a71c      0x11a fatfs/libfatfs_lib.a(ff.c.obj)
                0x1000a71c                f_rename
 *fill*         0x1000a836        0x2 
 .text.f_mkfs   0x1000a838      0x6ac fatfs/libfatfs_lib.a(ff.c.obj)
                0x1000a838                f_mkfs
 .text.f_puts   0x1000aee4       0x26 fatfs/libfatfs_lib.a(ff.c.obj)
                0x1000aee4                f_puts
 *fill*         0x1000af0a        0x2 
 .text.ff_uni2oem
                0x1000af0c       0x44 fatfs/libfatfs_lib.a(ffunicode.c.obj)
                0x1000af0c                ff_uni2oem
 .text.ff_oem2uni
                0x1000af50       0x30 fatfs/libfatfs_lib.a(ffunicode.c.obj)
                0x1000af50                ff_oem2uni
 .text.ff_wtoupper
                0x1000af80       0xa8 fatfs/libfatfs_lib.a(ffunicode.c.obj)
                0x1000af80                ff_wtoupper
 .text.onCharInput
                0x1000b028       0x28 fatfs/libfatfs_lib.a(msc_app.c.obj)
 .text.isControlChar
                0x1000b050       0x32 fatfs/libfatfs_lib.a(msc_app.c.obj)
 .text.isDisplayableChar
                0x1000b082       0x10 fatfs/libfatfs_lib.a(msc_app.c.obj)
 .text.fifoBufAvailable
                0x1000b092       0x1a fatfs/libfatfs_lib.a(msc_app.c.obj)
 .text.fifoBufPop
                0x1000b0ac       0x24 fatfs/libfatfs_lib.a(msc_app.c.obj)
 .text.fifoBufPush
                0x1000b0d0       0x28 fatfs/libfatfs_lib.a(msc_app.c.obj)
 .text.getTokenPosition
                0x1000b0f8       0x44 fatfs/libfatfs_lib.a(msc_app.c.obj)
 .text.disk_io_complete
                0x1000b13c       0x10 fatfs/libfatfs_lib.a(msc_app.c.obj)
 .text.writeToOutput
                0x1000b14c       0x22 fatfs/libfatfs_lib.a(msc_app.c.obj)
 *fill*         0x1000b16e        0x2 
 .text.onUnknownCommand
                0x1000b170       0x34 fatfs/libfatfs_lib.a(msc_app.c.obj)
 .text.clearCurrentLine
                0x1000b1a4       0x38 fatfs/libfatfs_lib.a(msc_app.c.obj)
 .text.getAutocompletedCommand
                0x1000b1dc       0xd4 fatfs/libfatfs_lib.a(msc_app.c.obj)
 .text.printLiveAutocompletion
                0x1000b2b0       0x8a fatfs/libfatfs_lib.a(msc_app.c.obj)
 *fill*         0x1000b33a        0x2 
 .text.onAutocompleteRequest
                0x1000b33c       0xb8 fatfs/libfatfs_lib.a(msc_app.c.obj)
 .text.inquiry_complete_cb
                0x1000b3f4       0xb4 fatfs/libfatfs_lib.a(msc_app.c.obj)
 .text.wait_for_disk_io
                0x1000b4a8       0x20 fatfs/libfatfs_lib.a(msc_app.c.obj)
 .text.cli_write_char
                0x1000b4c8        0xa fatfs/libfatfs_lib.a(msc_app.c.obj)
 *fill*         0x1000b4d2        0x2 
 .text.embeddedCliDefaultConfig
                0x1000b4d4       0x20 fatfs/libfatfs_lib.a(msc_app.c.obj)
                0x1000b4d4                embeddedCliDefaultConfig
 .text.embeddedCliRequiredSize
                0x1000b4f4       0x30 fatfs/libfatfs_lib.a(msc_app.c.obj)
                0x1000b4f4                embeddedCliRequiredSize
 .text.embeddedCliReceiveChar
                0x1000b524       0x1c fatfs/libfatfs_lib.a(msc_app.c.obj)
                0x1000b524                embeddedCliReceiveChar
 .text.embeddedCliAddBinding
                0x1000b540       0x40 fatfs/libfatfs_lib.a(msc_app.c.obj)
                0x1000b540                embeddedCliAddBinding
 .text.initInternalBindings
                0x1000b580       0x2c fatfs/libfatfs_lib.a(msc_app.c.obj)
 .text.embeddedCliNew
                0x1000b5ac       0xa4 fatfs/libfatfs_lib.a(msc_app.c.obj)
                0x1000b5ac                embeddedCliNew
 .text.embeddedCliTokenizeArgs
                0x1000b650       0x88 fatfs/libfatfs_lib.a(msc_app.c.obj)
                0x1000b650                embeddedCliTokenizeArgs
 .text.embeddedCliGetToken
                0x1000b6d8       0x1c fatfs/libfatfs_lib.a(msc_app.c.obj)
                0x1000b6d8                embeddedCliGetToken
 .text.historyGet
                0x1000b6f4       0x1c fatfs/libfatfs_lib.a(msc_app.c.obj)
 .text.navigateHistory
                0x1000b710       0x98 fatfs/libfatfs_lib.a(msc_app.c.obj)
 .text.onEscapedInput
                0x1000b7a8       0x32 fatfs/libfatfs_lib.a(msc_app.c.obj)
 *fill*         0x1000b7da        0x2 
 .text.embeddedCliGetTokenVariable
                0x1000b7dc       0x1c fatfs/libfatfs_lib.a(msc_app.c.obj)
                0x1000b7dc                embeddedCliGetTokenVariable
 .text.historyRemove
                0x1000b7f8       0x66 fatfs/libfatfs_lib.a(msc_app.c.obj)
 .text.historyPut
                0x1000b85e       0x76 fatfs/libfatfs_lib.a(msc_app.c.obj)
 .text.parseCommand
                0x1000b8d4      0x128 fatfs/libfatfs_lib.a(msc_app.c.obj)
 .text.onControlInput
                0x1000b9fc       0xa4 fatfs/libfatfs_lib.a(msc_app.c.obj)
 .text.embeddedCliProcess
                0x1000baa0       0xb0 fatfs/libfatfs_lib.a(msc_app.c.obj)
                0x1000baa0                embeddedCliProcess
 .text.embeddedCliGetTokenCount
                0x1000bb50       0x2e fatfs/libfatfs_lib.a(msc_app.c.obj)
                0x1000bb50                embeddedCliGetTokenCount
 *fill*         0x1000bb7e        0x2 
 .text.onHelp   0x1000bb80      0x134 fatfs/libfatfs_lib.a(msc_app.c.obj)
 .text.cli_cmd_cat
                0x1000bcb4       0xac fatfs/libfatfs_lib.a(msc_app.c.obj)
                0x1000bcb4                cli_cmd_cat
 .text.cli_cmd_cd
                0x1000bd60       0x34 fatfs/libfatfs_lib.a(msc_app.c.obj)
                0x1000bd60                cli_cmd_cd
 .text.cli_cmd_cp
                0x1000bd94       0xc4 fatfs/libfatfs_lib.a(msc_app.c.obj)
                0x1000bd94                cli_cmd_cp
 .text.cli_cmd_ls
                0x1000be58       0xac fatfs/libfatfs_lib.a(msc_app.c.obj)
                0x1000be58                cli_cmd_ls
 .text.cli_cmd_pwd
                0x1000bf04       0x40 fatfs/libfatfs_lib.a(msc_app.c.obj)
                0x1000bf04                cli_cmd_pwd
 .text.cli_cmd_mkdir
                0x1000bf44       0x34 fatfs/libfatfs_lib.a(msc_app.c.obj)
                0x1000bf44                cli_cmd_mkdir
 .text.cli_cmd_mv
                0x1000bf78       0x4c fatfs/libfatfs_lib.a(msc_app.c.obj)
                0x1000bf78                cli_cmd_mv
 .text.cli_cmd_rm
                0x1000bfc4       0x44 fatfs/libfatfs_lib.a(msc_app.c.obj)
                0x1000bfc4                cli_cmd_rm
 .text.msc_app_task
                0x1000c008       0x34 fatfs/libfatfs_lib.a(msc_app.c.obj)
                0x1000c008                msc_app_task
 .text.tuh_msc_mount_cb
                0x1000c03c       0x2c fatfs/libfatfs_lib.a(msc_app.c.obj)
                0x1000c03c                tuh_msc_mount_cb
 .text.tuh_msc_umount_cb
                0x1000c068       0x30 fatfs/libfatfs_lib.a(msc_app.c.obj)
                0x1000c068                tuh_msc_umount_cb
 .text.disk_status
                0x1000c098       0x16 fatfs/libfatfs_lib.a(msc_app.c.obj)
                0x1000c098                disk_status
 .text.disk_initialize
                0x1000c0ae        0x4 fatfs/libfatfs_lib.a(msc_app.c.obj)
                0x1000c0ae                disk_initialize
 *fill*         0x1000c0b2        0x2 
 .text.disk_read
                0x1000c0b4       0x3c fatfs/libfatfs_lib.a(msc_app.c.obj)
                0x1000c0b4                disk_read
 .text.disk_write
                0x1000c0f0       0x3c fatfs/libfatfs_lib.a(msc_app.c.obj)
                0x1000c0f0                disk_write
 .text.disk_ioctl
                0x1000c12c       0x4a fatfs/libfatfs_lib.a(msc_app.c.obj)
                0x1000c12c                disk_ioctl
 *fill*         0x1000c176        0x2 
 .text.cli_init
                0x1000c178      0x1bc fatfs/libfatfs_lib.a(msc_app.c.obj)
                0x1000c178                cli_init
 .text.msc_app_init
                0x1000c334       0x30 fatfs/libfatfs_lib.a(msc_app.c.obj)
                0x1000c334                msc_app_init
 .text.malloc   0x1000c364       0x14 C:/Users/Mypc/.pico-sdk/toolchain/14_2_Rel1/bin/../lib/gcc/arm-none-eabi/14.2.1/thumb/v6-m/nofp\libg.a(libc_a-malloc.o)
                0x1000c364                malloc
 .text._malloc_r
                0x1000c378      0x5cc C:/Users/Mypc/.pico-sdk/toolchain/14_2_Rel1/bin/../lib/gcc/arm-none-eabi/14.2.1/thumb/v6-m/nofp\libg.a(libc_a-mallocr.o)
                0x1000c378                _malloc_r
 .text.__malloc_lock
                0x1000c944       0x10 C:/Users/Mypc/.pico-sdk/toolchain/14_2_Rel1/bin/../lib/gcc/arm-none-eabi/14.2.1/thumb/v6-m/nofp\libg.a(libc_a-mlock.o)
                0x1000c944                __malloc_lock
 .text.__malloc_unlock
                0x1000c954       0x10 C:/Users/Mypc/.pico-sdk/toolchain/14_2_Rel1/bin/../lib/gcc/arm-none-eabi/14.2.1/thumb/v6-m/nofp\libg.a(libc_a-mlock.o)
                0x1000c954                __malloc_unlock
 .text.setbuf   0x1000c964       0x18 C:/Users/Mypc/.pico-sdk/toolchain/14_2_Rel1/bin/../lib/gcc/arm-none-eabi/14.2.1/thumb/v6-m/nofp\libg.a(libc_a-setbuf.o)
                0x1000c964                setbuf
 .text.setvbuf  0x1000c97c      0x1a8 C:/Users/Mypc/.pico-sdk/toolchain/14_2_Rel1/bin/../lib/gcc/arm-none-eabi/14.2.1/thumb/v6-m/nofp\libg.a(libc_a-setvbuf.o)
                0x1000c97c                setvbuf
 .text.memcmp   0x1000cb24       0x48 C:/Users/Mypc/.pico-sdk/toolchain/14_2_Rel1/bin/../lib/gcc/arm-none-eabi/14.2.1/thumb/v6-m/nofp\libg.a(libc_a-memcmp.o)
                0x1000cb24                memcmp
 .text.memmove  0x1000cb6c       0xc4 C:/Users/Mypc/.pico-sdk/toolchain/14_2_Rel1/bin/../lib/gcc/arm-none-eabi/14.2.1/thumb/v6-m/nofp\libg.a(libc_a-memmove.o)
                0x1000cb6c                memmove
 .text.strchr   0x1000cc30       0xc4 C:/Users/Mypc/.pico-sdk/toolchain/14_2_Rel1/bin/../lib/gcc/arm-none-eabi/14.2.1/thumb/v6-m/nofp\libg.a(libc_a-strchr.o)
                0x1000cc30                strchr
 .text._sbrk_r  0x1000ccf4       0x24 C:/Users/Mypc/.pico-sdk/toolchain/14_2_Rel1/bin/../lib/gcc/arm-none-eabi/14.2.1/thumb/v6-m/nofp\libg.a(libc_a-sbrkr.o)
                0x1000ccf4                _sbrk_r
 .text.__errno  0x1000cd18        0xc C:/Users/Mypc/.pico-sdk/toolchain/14_2_Rel1/bin/../lib/gcc/arm-none-eabi/14.2.1/thumb/v6-m/nofp\libg.a(libc_a-errno.o)
                0x1000cd18                __errno
 .text.__retarget_lock_init_recursive
                0x1000cd24        0x4 C:/Users/Mypc/.pico-sdk/toolchain/14_2_Rel1/bin/../lib/gcc/arm-none-eabi/14.2.1/thumb/v6-m/nofp\libg.a(libc_a-lock.o)
                0x1000cd24                __retarget_lock_init_recursive
 .text.__retarget_lock_close_recursive
                0x1000cd28        0x4 C:/Users/Mypc/.pico-sdk/toolchain/14_2_Rel1/bin/../lib/gcc/arm-none-eabi/14.2.1/thumb/v6-m/nofp\libg.a(libc_a-lock.o)
                0x1000cd28                __retarget_lock_close_recursive
 .text.__retarget_lock_acquire_recursive
                0x1000cd2c        0x4 C:/Users/Mypc/.pico-sdk/toolchain/14_2_Rel1/bin/../lib/gcc/arm-none-eabi/14.2.1/thumb/v6-m/nofp\libg.a(libc_a-lock.o)
                0x1000cd2c                __retarget_lock_acquire_recursive
 .text.__retarget_lock_release_recursive
                0x1000cd30        0x4 C:/Users/Mypc/.pico-sdk/toolchain/14_2_Rel1/bin/../lib/gcc/arm-none-eabi/14.2.1/thumb/v6-m/nofp\libg.a(libc_a-lock.o)
                0x1000cd30                __retarget_lock_release_recursive
 .text.sysconf  0x1000cd34       0x1c C:/Users/Mypc/.pico-sdk/toolchain/14_2_Rel1/bin/../lib/gcc/arm-none-eabi/14.2.1/thumb/v6-m/nofp\libg.a(libc_a-sysconf.o)
                0x1000cd34                sysconf
 .text          0x1000cd50       0x88 C:/Users/Mypc/.pico-sdk/toolchain/14_2_Rel1/bin/../lib/gcc/arm-none-eabi/14.2.1/thumb/v6-m/nofp\libg.a(libc_a-strcmp.o)
                0x1000cd50                strcmp
 .text.strlen   0x1000cdd8       0x5c C:/Users/Mypc/.pico-sdk/toolchain/14_2_Rel1/bin/../lib/gcc/arm-none-eabi/14.2.1/thumb/v6-m/nofp\libg.a(libc_a-strlen-stub.o)
                0x1000cdd8                strlen
 .text._malloc_trim_r
                0x1000ce34       0xb4 C:/Users/Mypc/.pico-sdk/toolchain/14_2_Rel1/bin/../lib/gcc/arm-none-eabi/14.2.1/thumb/v6-m/nofp\libg.a(libc_a-freer.o)
                0x1000ce34                _malloc_trim_r
 .text._free_r  0x1000cee8      0x1f0 C:/Users/Mypc/.pico-sdk/toolchain/14_2_Rel1/bin/../lib/gcc/arm-none-eabi/14.2.1/thumb/v6-m/nofp\libg.a(libc_a-freer.o)
                0x1000cee8                _free_r
 .text.__sflush_r
                0x1000d0d8      0x13c C:/Users/Mypc/.pico-sdk/toolchain/14_2_Rel1/bin/../lib/gcc/arm-none-eabi/14.2.1/thumb/v6-m/nofp\libg.a(libc_a-fflush.o)
                0x1000d0d8                __sflush_r
 .text._fflush_r
                0x1000d214       0x68 C:/Users/Mypc/.pico-sdk/toolchain/14_2_Rel1/bin/../lib/gcc/arm-none-eabi/14.2.1/thumb/v6-m/nofp\libg.a(libc_a-fflush.o)
                0x1000d214                _fflush_r
 .text.stdio_exit_handler
                0x1000d27c       0x1c C:/Users/Mypc/.pico-sdk/toolchain/14_2_Rel1/bin/../lib/gcc/arm-none-eabi/14.2.1/thumb/v6-m/nofp\libg.a(libc_a-findfp.o)
 .text.cleanup_stdio
                0x1000d298       0x3c C:/Users/Mypc/.pico-sdk/toolchain/14_2_Rel1/bin/../lib/gcc/arm-none-eabi/14.2.1/thumb/v6-m/nofp\libg.a(libc_a-findfp.o)
 .text.global_stdio_init.part.0
                0x1000d2d4      0x118 C:/Users/Mypc/.pico-sdk/toolchain/14_2_Rel1/bin/../lib/gcc/arm-none-eabi/14.2.1/thumb/v6-m/nofp\libg.a(libc_a-findfp.o)
 .text.__sinit  0x1000d3ec       0x38 C:/Users/Mypc/.pico-sdk/toolchain/14_2_Rel1/bin/../lib/gcc/arm-none-eabi/14.2.1/thumb/v6-m/nofp\libg.a(libc_a-findfp.o)
                0x1000d3ec                __sinit
 .text.__sfp_lock_acquire