Archive member included to satisfy reference by file (symbol)

file_processing/libfile_processing.a(file_processing.c.obj)
                              app/CMakeFiles/app_main.dir/main.c.obj (file_processing_main)
hardware_processing/libhardware_processing.a(hardware_processing.c.obj)
                              app/CMakeFiles/app_main.dir/main.c.obj (copy_queue_buffer)
hardware_processing/libhardware_processing.a(queue.c.obj)
                              app/CMakeFiles/app_main.dir/main.c.obj (queue_init)
hardware_processing/libhardware_processing.a(pio.c.obj)
                              hardware_processing/libhardware_processing.a(hardware_processing.c.obj) (pio_claim_unused_sm)
hardware_processing/libhardware_processing.a(dma.c.obj)
                              hardware_processing/libhardware_processing.a(hardware_processing.c.obj) (dma_claim_unused_channel)
fatfs/libfatfs_lib.a(ff.c.obj)
                              file_processing/libfile_processing.a(file_processing.c.obj) (f_mount)
fatfs/libfatfs_lib.a(ffunicode.c.obj)
                              fatfs/libfatfs_lib.a(ff.c.obj) (ff_uni2oem)
fatfs/libfatfs_lib.a(msc_app.c.obj)
                              app/CMakeFiles/app_main.dir/main.c.obj (msc_app_task)
C:/Users/mmadha/.pico-sdk/toolchain/14_2_Rel1/bin/../lib/gcc/arm-none-eabi/14.2.1/thumb/v6-m/nofp\libgcc.a(_dvmd_tls.o)
                              app/CMakeFiles/app_main.dir/C_/Users/mmadha/.pico-sdk/sdk/2.2.0/src/rp2_common/pico_divider/divider_hardware.S.obj (__aeabi_idiv0)
C:/Users/mmadha/.pico-sdk/toolchain/14_2_Rel1/bin/../lib/gcc/arm-none-eabi/14.2.1/thumb/v6-m/nofp\libg.a(libc_a-calloc.o)
                              app/CMakeFiles/app_main.dir/C_/Users/mmadha/.pico-sdk/sdk/2.2.0/src/rp2_common/pico_malloc/malloc.c.obj (calloc)
C:/Users/mmadha/.pico-sdk/toolchain/14_2_Rel1/bin/../lib/gcc/arm-none-eabi/14.2.1/thumb/v6-m/nofp\libg.a(libc_a-callocr.o)
                              C:/Users/mmadha/.pico-sdk/toolchain/14_2_Rel1/bin/../lib/gcc/arm-none-eabi/14.2.1/thumb/v6-m/nofp\libg.a(libc_a-calloc.o) (_calloc_r)
C:/Users/mmadha/.pico-sdk/toolchain/14_2_Rel1/bin/../lib/gcc/arm-none-eabi/14.2.1/thumb/v6-m/nofp\libg.a(libc_a-malloc.o)
                              app/CMakeFiles/app_main.dir/C_/Users/mmadha/.pico-sdk/sdk/2.2.0/src/rp2_common/pico_malloc/malloc.c.obj (malloc)
C:/Users/mmadha/.pico-sdk/toolchain/14_2_Rel1/bin/../lib/gcc/arm-none-eabi/14.2.1/thumb/v6-m/nofp\libg.a(libc_a-mallocr.o)
                              C:/Users/mmadha/.pico-sdk/toolchain/14_2_Rel1/bin/../lib/gcc/arm-none-eabi/14.2.1/thumb/v6-m/nofp\libg.a(libc_a-callocr.o) (_malloc_r)
C:/Users/mmadha/.pico-sdk/toolchain/14_2_Rel1/bin/../lib/gcc/arm-none-eabi/14.2.1/thumb/v6-m/nofp\libg.a(libc_a-mlock.o)
                              C:/Users/mmadha/.pico-sdk/toolchain/14_2_Rel1/bin/../lib/gcc/arm-none-eabi/14.2.1/thumb/v6-m/nofp\libg.a(libc_a-mallocr.o) (__malloc_lock)
C:/Users/mmadha/.pico-sdk/toolchain/14_2_Rel1/bin/../lib/gcc/arm-none-eabi/14.2.1/thumb/v6-m/nofp\libg.a(libc_a-realloc.o)
                              app/CMakeFiles/app_main.dir/C_/Users/mmadha/.pico-sdk/sdk/2.2.0/src/rp2_common/pico_malloc/malloc.c.obj (realloc)
C:/Users/mmadha/.pico-sdk/toolchain/14_2_Rel1/bin/../lib/gcc/arm-none-eabi/14.2.1/thumb/v6-m/nofp\libg.a(libc_a-reallocr.o)
                              C:/Users/mmadha/.pico-sdk/toolchain/14_2_Rel1/bin/../lib/gcc/arm-none-eabi/14.2.1/thumb/v6-m/nofp\libg.a(libc_a-realloc.o) (_realloc_r)
C:/Users/mmadha/.pico-sdk/toolchain/14_2_Rel1/bin/../lib/gcc/arm-none-eabi/14.2.1/thumb/v6-m/nofp\libg.a(libc_a-ctype_.o)
                              app/CMakeFiles/app_main.dir/H_/tinyusb/src/tusb.c.obj (_ctype_)
C:/Users/mmadha/.pico-sdk/toolchain/14_2_Rel1/bin/../lib/gcc/arm-none-eabi/14.2.1/thumb/v6-m/nofp\libg.a(libc_a-setbuf.o)
                              fatfs/libfatfs_lib.a(msc_app.c.obj) (setbuf)
C:/Users/mmadha/.pico-sdk/toolchain/14_2_Rel1/bin/../lib/gcc/arm-none-eabi/14.2.1/thumb/v6-m/nofp\libg.a(libc_a-setvbuf.o)
                              C:/Users/mmadha/.pico-sdk/toolchain/14_2_Rel1/bin/../lib/gcc/arm-none-eabi/14.2.1/thumb/v6-m/nofp\libg.a(libc_a-setbuf.o) (setvbuf)
C:/Users/mmadha/.pico-sdk/toolchain/14_2_Rel1/bin/../lib/gcc/arm-none-eabi/14.2.1/thumb/v6-m/nofp\libg.a(libc_a-memcmp.o)
                              app/CMakeFiles/app_main.dir/C_/Users/mmadha/.pico-sdk/sdk/2.2.0/src/rp2_common/pico_atomic/atomic.c.obj (memcmp)
C:/Users/mmadha/.pico-sdk/toolchain/14_2_Rel1/bin/../lib/gcc/arm-none-eabi/14.2.1/thumb/v6-m/nofp\libg.a(libc_a-memmove.o)
                              fatfs/libfatfs_lib.a(msc_app.c.obj) (memmove)
C:/Users/mmadha/.pico-sdk/toolchain/14_2_Rel1/bin/../lib/gcc/arm-none-eabi/14.2.1/thumb/v6-m/nofp\libg.a(libc_a-strchr.o)
                              fatfs/libfatfs_lib.a(ff.c.obj) (strchr)
C:/Users/mmadha/.pico-sdk/toolchain/14_2_Rel1/bin/../lib/gcc/arm-none-eabi/14.2.1/thumb/v6-m/nofp\libg.a(libc_a-lcltime_r.o)
[...]
Memory Configuration

Name             Origin             Length             Attributes
FLASH            0x10000000         0x00200000         xr
RAM              0x20000000         0x00040000         xrw
SCRATCH_X        0x20040000         0x00001000         xrw
SCRATCH_Y        0x20041000         0x00001000         xrw
*default*        0x00000000         0xffffffff

Linker script and memory map

LOAD C:/Users/mmadha/.pico-sdk/toolchain/14_2_Rel1/bin/../lib/gcc/arm-none-eabi/14.2.1/thumb/v6-m/nofp/crti.o
LOAD C:/Users/mmadha/.pico-sdk/toolchain/14_2_Rel1/bin/../lib/gcc/arm-none-eabi/14.2.1/thumb/v6-m/nofp/crtbegin.o
LOAD C:/Users/mmadha/.pico-sdk/toolchain/14_2_Rel1/bin/../lib/gcc/arm-none-eabi/14.2.1/thumb/v6-m/nofp/crt0.o

.flash_begin    0x10000000        0x0
                0x10000000                        __flash_binary_start = .

.boot2          0x10000000      0x100
                0x10000000                        __boot2_start__ = .
 *(.boot2)
 .boot2         0x10000000      0x100 pico-sdk/src/rp2040/boot_stage2/CMakeFiles/bs2_default_library.dir/./bs2_default_padded_checksummed.S.obj
                0x10000100                        __boot2_end__ = .
                0x00000001                        ASSERT (((__boot2_end__ - __boot2_start__) == 0x100), ERROR: Pico second stage bootloader must be 256 bytes in size)

.text           0x10000100     0xdcf4
                0x10000100                        __logical_binary_start = .
 *(.vectors)
 .vectors       0x10000100       0xd4 app/CMakeFiles/app_main.dir/C_/Users/mmadha/.pico-sdk/sdk/2.2.0/src/rp2_common/pico_crt0/crt0.S.obj
                0x10000100                __VECTOR_TABLE
                0x10000100                __vectors
                0x100001c0                isr_irq13
                0x100001c0                isr_irq27
                0x100001c0                isr_irq31
                0x100001c0                isr_irq12
                0x100001c0                isr_irq5
                0x100001c0                isr_irq11
                0x100001c0                isr_irq3
                0x100001c0                isr_irq23
                0x100001c0                __unhandled_user_irq
                0x100001c0                isr_irq26
                0x100001c0                isr_irq28
                0x100001c0                isr_irq19
                0x100001c0                isr_irq0
                0x100001c0                isr_irq6
                0x100001c0                isr_irq29
                0x100001c0                isr_irq16
                0x100001c0                isr_irq22
                0x100001c0                isr_irq18
                0x100001c0                isr_irq17
                0x100001c0                isr_irq14
                0x100001c0                __vectors_end
                0x100001c0                __default_isrs_start
                0x100001c0                isr_irq2
                0x100001c0                isr_irq10
                0x100001c0                isr_irq8
                0x100001c0                isr_irq24
                0x100001c0                isr_irq1
                0x100001c0                isr_irq7
                0x100001c0                isr_irq21
                0x100001c0                isr_irq20
                0x100001c0                isr_irq15
                0x100001c0                isr_irq25
                0x100001c0                isr_irq4
                0x100001c0                isr_irq30
                0x100001c0                isr_irq9
                0x100001c6                unhandled_user_irq_num_in_r0
                0x100001c8                isr_invalid
                0x100001ca                isr_nmi
                0x100001cc                isr_hardfault
                0x100001ce                isr_svcall
                0x100001d0                isr_pendsv
                0x100001d2                isr_systick
                0x100001d4                __default_isrs_end
 *(.binary_info_header)
 .binary_info_header
                0x100001d4       0x14 app/CMakeFiles/app_main.dir/C_/Users/mmadha/.pico-sdk/sdk/2.2.0/src/rp2_common/pico_crt0/crt0.S.obj
                0x100001e8                        __binary_info_header_end = .
 *(.embedded_block)
                0x100001e8                        __embedded_block_end = .
 *(.reset)
 .reset         0x100001e8       0x9c app/CMakeFiles/app_main.dir/C_/Users/mmadha/.pico-sdk/sdk/2.2.0/src/rp2_common/pico_crt0/crt0.S.obj
                0x100001e8                _entry_point
 *(.init)
 .init          0x10000284        0x4 C:/Users/mmadha/.pico-sdk/toolchain/14_2_Rel1/bin/../lib/gcc/arm-none-eabi/14.2.1/thumb/v6-m/nofp/crti.o
                0x10000284                _init
 *(EXCLUDE_FILE(*libm.a: *libc.a:*lib_a-mem*.o *libgcc.a:) .text*)
 .text.register_tm_clones
                0x10000288       0x28 C:/Users/mmadha/.pico-sdk/toolchain/14_2_Rel1/bin/../lib/gcc/arm-none-eabi/14.2.1/thumb/v6-m/nofp/crtbegin.o
 .text.frame_dummy
                0x100002b0       0x24 C:/Users/mmadha/.pico-sdk/toolchain/14_2_Rel1/bin/../lib/gcc/arm-none-eabi/14.2.1/thumb/v6-m/nofp/crtbegin.o
 .text.board_millis
                0x100002d4       0x20 app/CMakeFiles/app_main.dir/main.c.obj
 .text.tuh_mount_cb
                0x100002f4        0x2 app/CMakeFiles/app_main.dir/main.c.obj
                0x100002f4                tuh_mount_cb
 .text.tuh_umount_cb
                0x100002f6        0x2 app/CMakeFiles/app_main.dir/main.c.obj
                0x100002f6                tuh_umount_cb
 .text.led_blinking_task
                0x100002f8       0x3c app/CMakeFiles/app_main.dir/main.c.obj
                0x100002f8                led_blinking_task
 .text.main     0x10000334       0x74 app/CMakeFiles/app_main.dir/main.c.obj
                0x10000334                main
 .text.tusb_time_delay_ms_api
                0x100003a8        0x8 app/CMakeFiles/app_main.dir/main.c.obj
                0x100003a8                tusb_time_delay_ms_api
 .text.tuh_hid_report_received_cb
                0x100003b0        0x2 app/CMakeFiles/app_main.dir/main.c.obj
                0x100003b0                tuh_hid_report_received_cb
 *fill*         0x100003b2        0x2 
 .text.get_dev_ep
                0x100003b4       0x38 app/CMakeFiles/app_main.dir/H_/tinyusb/src/portable/raspberrypi/rp2040/hcd_rp2040.c.obj
 .text._next_free_interrupt_ep
                0x100003ec       0x24 app/CMakeFiles/app_main.dir/H_/tinyusb/src/portable/raspberrypi/rp2040/hcd_rp2040.c.obj
 .text.hw_xfer_complete
                0x10000410       0x40 app/CMakeFiles/app_main.dir/H_/tinyusb/src/portable/raspberrypi/rp2040/hcd_rp2040.c.obj
 .text.hw_trans_complete
                0x10000450       0x40 app/CMakeFiles/app_main.dir/H_/tinyusb/src/portable/raspberrypi/rp2040/hcd_rp2040.c.obj
 .text._handle_buff_status_bit
                0x10000490       0x40 app/CMakeFiles/app_main.dir/H_/tinyusb/src/portable/raspberrypi/rp2040/hcd_rp2040.c.obj
 .text.hw_handle_buff_status
                0x100004d0       0x68 app/CMakeFiles/app_main.dir/H_/tinyusb/src/portable/raspberrypi/rp2040/hcd_rp2040.c.obj
 .text.hcd_rp2040_irq
                0x10000538       0xec app/CMakeFiles/app_main.dir/H_/tinyusb/src/portable/raspberrypi/rp2040/hcd_rp2040.c.obj
 .text._hw_endpoint_allocate
                0x10000624       0x8c app/CMakeFiles/app_main.dir/H_/tinyusb/src/portable/raspberrypi/rp2040/hcd_rp2040.c.obj
 .text.hcd_init
                0x100006b0       0x70 app/CMakeFiles/app_main.dir/H_/tinyusb/src/portable/raspberrypi/rp2040/hcd_rp2040.c.obj
                0x100006b0                hcd_init
 .text.hcd_port_reset
                0x10000720       0x24 app/CMakeFiles/app_main.dir/H_/tinyusb/src/portable/raspberrypi/rp2040/hcd_rp2040.c.obj
                0x10000720                hcd_port_reset
 .text.hcd_port_reset_end
                0x10000744        0x2 app/CMakeFiles/app_main.dir/H_/tinyusb/src/portable/raspberrypi/rp2040/hcd_rp2040.c.obj
                0x10000744                hcd_port_reset_end
 *fill*         0x10000746        0x2 
 .text.hcd_port_connect_status
                0x10000748       0x44 app/CMakeFiles/app_main.dir/H_/tinyusb/src/portable/raspberrypi/rp2040/hcd_rp2040.c.obj
                0x10000748                hcd_port_connect_status
 .text.hcd_port_speed_get
                0x1000078c       0x44 app/CMakeFiles/app_main.dir/H_/tinyusb/src/portable/raspberrypi/rp2040/hcd_rp2040.c.obj
                0x1000078c                hcd_port_speed_get
 .text._hw_endpoint_init
                0x100007d0      0x120 app/CMakeFiles/app_main.dir/H_/tinyusb/src/portable/raspberrypi/rp2040/hcd_rp2040.c.obj
 .text.hcd_device_close
                0x100008f0       0x90 app/CMakeFiles/app_main.dir/H_/tinyusb/src/portable/raspberrypi/rp2040/hcd_rp2040.c.obj
                0x100008f0                hcd_device_close
 .text.hcd_int_enable
                0x10000980       0x2c app/CMakeFiles/app_main.dir/H_/tinyusb/src/portable/raspberrypi/rp2040/hcd_rp2040.c.obj
                0x10000980                hcd_int_enable
 .text.hcd_edpt_open
                0x100009ac       0x58 app/CMakeFiles/app_main.dir/H_/tinyusb/src/portable/raspberrypi/rp2040/hcd_rp2040.c.obj
                0x100009ac                hcd_edpt_open
 .text.hcd_edpt_xfer
                0x10000a04      0x110 app/CMakeFiles/app_main.dir/H_/tinyusb/src/portable/raspberrypi/rp2040/hcd_rp2040.c.obj
                0x10000a04                hcd_edpt_xfer
 .text.hcd_edpt_abort_xfer
                0x10000b14        0x4 app/CMakeFiles/app_main.dir/H_/tinyusb/src/portable/raspberrypi/rp2040/hcd_rp2040.c.obj
                0x10000b14                hcd_edpt_abort_xfer
 .text.hcd_setup_send
                0x10000b18       0xcc app/CMakeFiles/app_main.dir/H_/tinyusb/src/portable/raspberrypi/rp2040/hcd_rp2040.c.obj
                0x10000b18                hcd_setup_send
 .text.unaligned_memcpy
                0x10000be4       0x14 app/CMakeFiles/app_main.dir/H_/tinyusb/src/portable/raspberrypi/rp2040/rp2040_usb.c.obj
 .text.prepare_ep_buffer
                0x10000bf8       0x6c app/CMakeFiles/app_main.dir/H_/tinyusb/src/portable/raspberrypi/rp2040/rp2040_usb.c.obj
 .text.sync_ep_buffer
                0x10000c64       0x78 app/CMakeFiles/app_main.dir/H_/tinyusb/src/portable/raspberrypi/rp2040/rp2040_usb.c.obj
 .text._hw_endpoint_xfer_sync
                0x10000cdc       0x28 app/CMakeFiles/app_main.dir/H_/tinyusb/src/portable/raspberrypi/rp2040/rp2040_usb.c.obj
 .text.rp2040_usb_init
                0x10000d04       0x50 app/CMakeFiles/app_main.dir/H_/tinyusb/src/portable/raspberrypi/rp2040/rp2040_usb.c.obj
                0x10000d04                rp2040_usb_init
 .text.hw_endpoint_reset_transfer
                0x10000d54        0xc app/CMakeFiles/app_main.dir/H_/tinyusb/src/portable/raspberrypi/rp2040/rp2040_usb.c.obj
                0x10000d54                hw_endpoint_reset_transfer
 .text._hw_endpoint_buffer_control_update32
                0x10000d60       0x4c app/CMakeFiles/app_main.dir/H_/tinyusb/src/portable/raspberrypi/rp2040/rp2040_usb.c.obj
                0x10000d60                _hw_endpoint_buffer_control_update32
 .text.hw_endpoint_start_next_buffer
                0x10000dac       0x7c app/CMakeFiles/app_main.dir/H_/tinyusb/src/portable/raspberrypi/rp2040/rp2040_usb.c.obj
                0x10000dac                hw_endpoint_start_next_buffer
 .text.hw_endpoint_xfer_start
                0x10000e28       0x38 app/CMakeFiles/app_main.dir/H_/tinyusb/src/portable/raspberrypi/rp2040/rp2040_usb.c.obj
                0x10000e28                hw_endpoint_xfer_start
 .text.hw_endpoint_xfer_continue
                0x10000e60       0x30 app/CMakeFiles/app_main.dir/H_/tinyusb/src/portable/raspberrypi/rp2040/rp2040_usb.c.obj
                0x10000e60                hw_endpoint_xfer_continue
 .text.get_driver
                0x10000e90       0x3c app/CMakeFiles/app_main.dir/H_/tinyusb/src/host/usbh.c.obj
 .text._control_blocking_complete_cb
                0x10000ecc        0x8 app/CMakeFiles/app_main.dir/H_/tinyusb/src/host/usbh.c.obj
 .text.enum_get_new_address
                0x10000ed4       0x38 app/CMakeFiles/app_main.dir/H_/tinyusb/src/host/usbh.c.obj
 .text.clear_device
                0x10000f0c       0x26 app/CMakeFiles/app_main.dir/H_/tinyusb/src/host/usbh.c.obj
 *fill*         0x10000f32        0x2 
 .text.process_removed_device
                0x10000f34      0x170 app/CMakeFiles/app_main.dir/H_/tinyusb/src/host/usbh.c.obj
 .text.tu_print_buf
                0x100010a4       0x28 app/CMakeFiles/app_main.dir/H_/tinyusb/src/host/usbh.c.obj
 .text._control_xfer_complete
                0x100010cc       0x7c app/CMakeFiles/app_main.dir/H_/tinyusb/src/host/usbh.c.obj
 .text.enum_full_complete
                0x10001148       0x1c app/CMakeFiles/app_main.dir/H_/tinyusb/src/host/usbh.c.obj
 .text.enum_parse_configuration_desc
                0x10001164      0x190 app/CMakeFiles/app_main.dir/H_/tinyusb/src/host/usbh.c.obj
 .text.tuh_enum_descriptor_device_cb
                0x100012f4        0x2 app/CMakeFiles/app_main.dir/H_/tinyusb/src/host/usbh.c.obj
                0x100012f4                tuh_enum_descriptor_device_cb
 .text.tuh_enum_descriptor_configuration_cb
                0x100012f6        0x4 app/CMakeFiles/app_main.dir/H_/tinyusb/src/host/usbh.c.obj
                0x100012f6                tuh_enum_descriptor_configuration_cb
 .text.tuh_event_hook_cb
                0x100012fa        0x2 app/CMakeFiles/app_main.dir/H_/tinyusb/src/host/usbh.c.obj
                0x100012fa                tuh_event_hook_cb
 .text.tuh_connected
                0x100012fc       0x3c app/CMakeFiles/app_main.dir/H_/tinyusb/src/host/usbh.c.obj
                0x100012fc                tuh_connected
 .text.tuh_rhport_is_active
                0x10001338       0x14 app/CMakeFiles/app_main.dir/H_/tinyusb/src/host/usbh.c.obj
                0x10001338                tuh_rhport_is_active
 .text.tuh_inited
                0x1000134c       0x14 app/CMakeFiles/app_main.dir/H_/tinyusb/src/host/usbh.c.obj
                0x1000134c                tuh_inited
 .text.tuh_rhport_init
                0x10001360      0x19c app/CMakeFiles/app_main.dir/H_/tinyusb/src/host/usbh.c.obj
                0x10001360                tuh_rhport_init
 .text.tuh_task_event_ready
                0x100014fc       0x20 app/CMakeFiles/app_main.dir/H_/tinyusb/src/host/usbh.c.obj
                0x100014fc                tuh_task_event_ready
 .text.usbh_get_enum_buf
                0x1000151c        0x8 app/CMakeFiles/app_main.dir/H_/tinyusb/src/host/usbh.c.obj
                0x1000151c                usbh_get_enum_buf
 .text.usbh_edpt_claim
                0x10001524       0x70 app/CMakeFiles/app_main.dir/H_/tinyusb/src/host/usbh.c.obj
                0x10001524                usbh_edpt_claim
 .text.usbh_edpt_release
                0x10001594       0x60 app/CMakeFiles/app_main.dir/H_/tinyusb/src/host/usbh.c.obj
                0x10001594                usbh_edpt_release
 .text.usbh_edpt_xfer_with_callback
                0x100015f4       0xd4 app/CMakeFiles/app_main.dir/H_/tinyusb/src/host/usbh.c.obj
                0x100015f4                usbh_edpt_xfer_with_callback
 .text.tuh_bus_info_get
                0x100016c8       0x34 app/CMakeFiles/app_main.dir/H_/tinyusb/src/host/usbh.c.obj
                0x100016c8                tuh_bus_info_get
 .text.tuh_speed_get
                0x100016fc       0x12 app/CMakeFiles/app_main.dir/H_/tinyusb/src/host/usbh.c.obj
                0x100016fc                tuh_speed_get
 .text.usbh_get_rhport
                0x1000170e       0x12 app/CMakeFiles/app_main.dir/H_/tinyusb/src/host/usbh.c.obj
                0x1000170e                usbh_get_rhport
 .text.usbh_edpt_control_open
                0x10001720       0x48 app/CMakeFiles/app_main.dir/H_/tinyusb/src/host/usbh.c.obj
 .text.tuh_edpt_abort_xfer
                0x10001768       0xec app/CMakeFiles/app_main.dir/H_/tinyusb/src/host/usbh.c.obj
                0x10001768                tuh_edpt_abort_xfer
 .text.usbh_control_xfer_cb
                0x10001854      0x250 app/CMakeFiles/app_main.dir/H_/tinyusb/src/host/usbh.c.obj
 .text.tuh_edpt_open
                0x10001aa4       0x44 app/CMakeFiles/app_main.dir/H_/tinyusb/src/host/usbh.c.obj
                0x10001aa4                tuh_edpt_open
 .text.usbh_driver_set_config_complete
                0x10001ae8       0x80 app/CMakeFiles/app_main.dir/H_/tinyusb/src/host/usbh.c.obj
                0x10001ae8                usbh_driver_set_config_complete
 .text.process_enumeration
                0x10001b68      0x61c app/CMakeFiles/app_main.dir/H_/tinyusb/src/host/usbh.c.obj
 .text.enum_new_device
                0x10002184       0xe4 app/CMakeFiles/app_main.dir/H_/tinyusb/src/host/usbh.c.obj
 .text.tuh_task_ext
                0x10002268      0x274 app/CMakeFiles/app_main.dir/H_/tinyusb/src/host/usbh.c.obj
                0x10002268                tuh_task_ext
 .text.tuh_control_xfer
                0x100024dc      0x1bc app/CMakeFiles/app_main.dir/H_/tinyusb/src/host/usbh.c.obj
                0x100024dc                tuh_control_xfer
 .text.tuh_descriptor_get
                0x10002698       0x5c app/CMakeFiles/app_main.dir/H_/tinyusb/src/host/usbh.c.obj
                0x10002698                tuh_descriptor_get
 .text.tuh_descriptor_get_device
                0x100026f4       0x24 app/CMakeFiles/app_main.dir/H_/tinyusb/src/host/usbh.c.obj
                0x100026f4                tuh_descriptor_get_device
 .text.tuh_descriptor_get_configuration
                0x10002718       0x1c app/CMakeFiles/app_main.dir/H_/tinyusb/src/host/usbh.c.obj
                0x10002718                tuh_descriptor_get_configuration
 .text.tuh_descriptor_get_string
                0x10002734       0x5c app/CMakeFiles/app_main.dir/H_/tinyusb/src/host/usbh.c.obj
                0x10002734                tuh_descriptor_get_string
 .text.tuh_descriptor_get_hid_report
                0x10002790       0x88 app/CMakeFiles/app_main.dir/H_/tinyusb/src/host/usbh.c.obj
                0x10002790                tuh_descriptor_get_hid_report
 .text.tuh_address_set
                0x10002818       0x84 app/CMakeFiles/app_main.dir/H_/tinyusb/src/host/usbh.c.obj
                0x10002818                tuh_address_set
 .text.tuh_configuration_set
                0x1000289c       0x64 app/CMakeFiles/app_main.dir/H_/tinyusb/src/host/usbh.c.obj
                0x1000289c                tuh_configuration_set
 .text.port_get_status_complete
                0x10002900       0x3c app/CMakeFiles/app_main.dir/H_/tinyusb/src/host/hub.c.obj
 .text.hub_port_clear_feature
                0x1000293c       0xa4 app/CMakeFiles/app_main.dir/H_/tinyusb/src/host/hub.c.obj
                0x1000293c                hub_port_clear_feature
 .text.hub_port_set_feature
                0x100029e0       0xa4 app/CMakeFiles/app_main.dir/H_/tinyusb/src/host/hub.c.obj
                0x100029e0                hub_port_set_feature
 .text.config_set_port_power
                0x10002a84       0x58 app/CMakeFiles/app_main.dir/H_/tinyusb/src/host/hub.c.obj
 .text.hub_port_get_status
                0x10002adc       0xb0 app/CMakeFiles/app_main.dir/H_/tinyusb/src/host/hub.c.obj
                0x10002adc                hub_port_get_status
 .text.hub_port_get_status_local
                0x10002b8c       0x20 app/CMakeFiles/app_main.dir/H_/tinyusb/src/host/hub.c.obj
                0x10002b8c                hub_port_get_status_local
 .text.hub_init
                0x10002bac       0x14 app/CMakeFiles/app_main.dir/H_/tinyusb/src/host/hub.c.obj
                0x10002bac                hub_init
 .text.hub_deinit
                0x10002bc0        0x4 app/CMakeFiles/app_main.dir/H_/tinyusb/src/host/hub.c.obj
                0x10002bc0                hub_deinit
 .text.hub_open
                0x10002bc4       0x90 app/CMakeFiles/app_main.dir/H_/tinyusb/src/host/hub.c.obj
                0x10002bc4                hub_open
 .text.hub_close
                0x10002c54       0x34 app/CMakeFiles/app_main.dir/H_/tinyusb/src/host/hub.c.obj
                0x10002c54                hub_close
 .text.hub_edpt_status_xfer
                0x10002c88       0x58 app/CMakeFiles/app_main.dir/H_/tinyusb/src/host/hub.c.obj
                0x10002c88                hub_edpt_status_xfer
 .text.config_port_power_complete
                0x10002ce0       0x80 app/CMakeFiles/app_main.dir/H_/tinyusb/src/host/hub.c.obj
 .text.process_new_status
                0x10002d60      0x174 app/CMakeFiles/app_main.dir/H_/tinyusb/src/host/hub.c.obj
 .text.hub_set_config
                0x10002ed4       0x80 app/CMakeFiles/app_main.dir/H_/tinyusb/src/host/hub.c.obj
                0x10002ed4                hub_set_config
 .text.hub_xfer_cb
                0x10002f54       0xa8 app/CMakeFiles/app_main.dir/H_/tinyusb/src/host/hub.c.obj
                0x10002f54                hub_xfer_cb
 .text.get_idx_by_epaddr
                0x10002ffc       0x48 app/CMakeFiles/app_main.dir/H_/tinyusb/src/class/hid/hid_host.c.obj
 .text.find_new_itf
                0x10003044       0x28 app/CMakeFiles/app_main.dir/H_/tinyusb/src/class/hid/hid_host.c.obj
 .text._hidh_set_protocol
                0x1000306c       0x78 app/CMakeFiles/app_main.dir/H_/tinyusb/src/class/hid/hid_host.c.obj
 .text._hidh_set_idle
                0x100030e4       0x74 app/CMakeFiles/app_main.dir/H_/tinyusb/src/class/hid/hid_host.c.obj
 .text.config_driver_mount_complete
                0x10003158       0x54 app/CMakeFiles/app_main.dir/H_/tinyusb/src/class/hid/hid_host.c.obj
 .text.tuh_hid_itf_get_index
                0x100031ac       0x38 app/CMakeFiles/app_main.dir/H_/tinyusb/src/class/hid/hid_host.c.obj
                0x100031ac                tuh_hid_itf_get_index
 .text.process_set_config
                0x100031e4      0x12c app/CMakeFiles/app_main.dir/H_/tinyusb/src/class/hid/hid_host.c.obj
 .text.hidh_init
                0x10003310       0x20 app/CMakeFiles/app_main.dir/H_/tinyusb/src/class/hid/hid_host.c.obj
                0x10003310                hidh_init
 .text.hidh_deinit
                0x10003330        0x4 app/CMakeFiles/app_main.dir/H_/tinyusb/src/class/hid/hid_host.c.obj
                0x10003330                hidh_deinit
 .text.hidh_xfer_cb
                0x10003334       0x8c app/CMakeFiles/app_main.dir/H_/tinyusb/src/class/hid/hid_host.c.obj
                0x10003334                hidh_xfer_cb
 .text.hidh_close
                0x100033c0       0x54 app/CMakeFiles/app_main.dir/H_/tinyusb/src/class/hid/hid_host.c.obj
                0x100033c0                hidh_close
 .text.hidh_open
                0x10003414      0x144 app/CMakeFiles/app_main.dir/H_/tinyusb/src/class/hid/hid_host.c.obj
                0x10003414                hidh_open
 .text.hidh_set_config
                0x10003558       0x20 app/CMakeFiles/app_main.dir/H_/tinyusb/src/class/hid/hid_host.c.obj
                0x10003558                hidh_set_config
 .text.config_read_capacity_complete
                0x10003578       0x80 app/CMakeFiles/app_main.dir/H_/tinyusb/src/class/msc/msc_host.c.obj
 .text.tuh_msc_get_block_count
                0x100035f8       0x18 app/CMakeFiles/app_main.dir/H_/tinyusb/src/class/msc/msc_host.c.obj
                0x100035f8                tuh_msc_get_block_count
 .text.tuh_msc_get_block_size
                0x10003610       0x18 app/CMakeFiles/app_main.dir/H_/tinyusb/src/class/msc/msc_host.c.obj
                0x10003610                tuh_msc_get_block_size
 .text.tuh_msc_mounted
                0x10003628       0x14 app/CMakeFiles/app_main.dir/H_/tinyusb/src/class/msc/msc_host.c.obj
                0x10003628                tuh_msc_mounted
 .text.tuh_msc_scsi_command
                0x1000363c       0x90 app/CMakeFiles/app_main.dir/H_/tinyusb/src/class/msc/msc_host.c.obj
                0x1000363c                tuh_msc_scsi_command
 .text.tuh_msc_read_capacity
                0x100036cc       0x68 app/CMakeFiles/app_main.dir/H_/tinyusb/src/class/msc/msc_host.c.obj
                0x100036cc                tuh_msc_read_capacity
 .text.tuh_msc_inquiry
                0x10003734       0x84 app/CMakeFiles/app_main.dir/H_/tinyusb/src/class/msc/msc_host.c.obj
                0x10003734                tuh_msc_inquiry
 .text.tuh_msc_test_unit_ready
                0x100037b8       0x5c app/CMakeFiles/app_main.dir/H_/tinyusb/src/class/msc/msc_host.c.obj
                0x100037b8                tuh_msc_test_unit_ready
 .text.config_get_maxlun_complete
                0x10003814       0x60 app/CMakeFiles/app_main.dir/H_/tinyusb/src/class/msc/msc_host.c.obj
 .text.config_request_sense_complete
                0x10003874       0x48 app/CMakeFiles/app_main.dir/H_/tinyusb/src/class/msc/msc_host.c.obj
 .text.tuh_msc_request_sense
                0x100038bc       0x74 app/CMakeFiles/app_main.dir/H_/tinyusb/src/class/msc/msc_host.c.obj
                0x100038bc                tuh_msc_request_sense
 .text.config_test_unit_ready_complete
                0x10003930       0x74 app/CMakeFiles/app_main.dir/H_/tinyusb/src/class/msc/msc_host.c.obj
 .text.tuh_msc_read10
                0x100039a4       0xcc app/CMakeFiles/app_main.dir/H_/tinyusb/src/class/msc/msc_host.c.obj
                0x100039a4                tuh_msc_read10
 .text.tuh_msc_write10
                0x10003a70       0xc8 app/CMakeFiles/app_main.dir/H_/tinyusb/src/class/msc/msc_host.c.obj
                0x10003a70                tuh_msc_write10
 .text.msch_init
                0x10003b38       0x2c app/CMakeFiles/app_main.dir/H_/tinyusb/src/class/msc/msc_host.c.obj
                0x10003b38                msch_init
 .text.msch_deinit
                0x10003b64        0x4 app/CMakeFiles/app_main.dir/H_/tinyusb/src/class/msc/msc_host.c.obj
                0x10003b64                msch_deinit
 .text.msch_close
                0x10003b68       0x54 app/CMakeFiles/app_main.dir/H_/tinyusb/src/class/msc/msc_host.c.obj
                0x10003b68                msch_close
 .text.msch_xfer_cb
                0x10003bbc      0x130 app/CMakeFiles/app_main.dir/H_/tinyusb/src/class/msc/msc_host.c.obj
                0x10003bbc                msch_xfer_cb
 .text.msch_open
                0x10003cec       0xd8 app/CMakeFiles/app_main.dir/H_/tinyusb/src/class/msc/msc_host.c.obj
                0x10003cec                msch_open
 .text.msch_set_config
                0x10003dc4       0xb4 app/CMakeFiles/app_main.dir/H_/tinyusb/src/class/msc/msc_host.c.obj
                0x10003dc4                msch_set_config
 .text.dump_str_line
                0x10003e78       0x40 app/CMakeFiles/app_main.dir/H_/tinyusb/src/tusb.c.obj
 .text.tusb_rhport_init
                0x10003eb8       0x78 app/CMakeFiles/app_main.dir/H_/tinyusb/src/tusb.c.obj
                0x10003eb8                tusb_rhport_init
 .text.tu_edpt_claim
                0x10003f30       0x50 app/CMakeFiles/app_main.dir/H_/tinyusb/src/tusb.c.obj
                0x10003f30                tu_edpt_claim
 .text.tu_edpt_release
                0x10003f80       0x38 app/CMakeFiles/app_main.dir/H_/tinyusb/src/tusb.c.obj
                0x10003f80                tu_edpt_release
 .text.tu_edpt_validate
                0x10003fb8      0x100 app/CMakeFiles/app_main.dir/H_/tinyusb/src/tusb.c.obj
                0x10003fb8                tu_edpt_validate
 .text.tu_edpt_bind_driver
                0x100040b8       0x44 app/CMakeFiles/app_main.dir/H_/tinyusb/src/tusb.c.obj
                0x100040b8                tu_edpt_bind_driver
 .text.tu_desc_get_interface_total_len
                0x100040fc       0x42 app/CMakeFiles/app_main.dir/H_/tinyusb/src/tusb.c.obj
                0x100040fc                tu_desc_get_interface_total_len
 *fill*         0x1000413e        0x2 
 .text.tu_print_mem
                0x10004140       0xd0 app/CMakeFiles/app_main.dir/H_/tinyusb/src/tusb.c.obj
                0x10004140                tu_print_mem
 .text.advance_index
                0x10004210       0x1a app/CMakeFiles/app_main.dir/H_/tinyusb/src/common/tusb_fifo.c.obj
 .text._tu_fifo_peek
                0x1000422a       0x56 app/CMakeFiles/app_main.dir/H_/tinyusb/src/common/tusb_fifo.c.obj
 .text.tu_fifo_empty
                0x10004280        0xe app/CMakeFiles/app_main.dir/H_/tinyusb/src/common/tusb_fifo.c.obj
                0x10004280                tu_fifo_empty
 .text.tu_fifo_full
                0x1000428e       0x2a app/CMakeFiles/app_main.dir/H_/tinyusb/src/common/tusb_fifo.c.obj
                0x1000428e                tu_fifo_full
 .text.tu_fifo_read
                0x100042b8       0x42 app/CMakeFiles/app_main.dir/H_/tinyusb/src/common/tusb_fifo.c.obj
                0x100042b8                tu_fifo_read
 .text.tu_fifo_write
                0x100042fa       0x64 app/CMakeFiles/app_main.dir/H_/tinyusb/src/common/tusb_fifo.c.obj
                0x100042fa                tu_fifo_write
 .text.tu_fifo_clear
                0x1000435e       0x3e app/CMakeFiles/app_main.dir/H_/tinyusb/src/common/tusb_fifo.c.obj
                0x1000435e                tu_fifo_clear
 .text.set_raw_irq_handler_and_unlock
                0x1000439c       0x28 app/CMakeFiles/app_main.dir/C_/Users/mmadha/.pico-sdk/sdk/2.2.0/src/rp2_common/hardware_irq/irq.c.obj
 .text.nvic_ipr0
                0x100043c4        0x8 app/CMakeFiles/app_main.dir/C_/Users/mmadha/.pico-sdk/sdk/2.2.0/src/rp2_common/hardware_irq/irq.c.obj
 .text.runtime_init_per_core_irq_priorities
                0x100043cc       0x1c app/CMakeFiles/app_main.dir/C_/Users/mmadha/.pico-sdk/sdk/2.2.0/src/rp2_common/hardware_irq/irq.c.obj
                0x100043cc                runtime_init_per_core_irq_priorities
 .text.resolve_j_16
                0x100043e8       0x30 app/CMakeFiles/app_main.dir/C_/Users/mmadha/.pico-sdk/sdk/2.2.0/src/rp2_common/hardware_irq/irq.c.obj
 .text.make_j_16
                0x10004418       0x48 app/CMakeFiles/app_main.dir/C_/Users/mmadha/.pico-sdk/sdk/2.2.0/src/rp2_common/hardware_irq/irq.c.obj
 .text.insert_bl_32
                0x10004460       0x40 app/CMakeFiles/app_main.dir/C_/Users/mmadha/.pico-sdk/sdk/2.2.0/src/rp2_common/hardware_irq/irq.c.obj
 .text.irq_is_enabled
                0x100044a0       0x18 app/CMakeFiles/app_main.dir/C_/Users/mmadha/.pico-sdk/sdk/2.2.0/src/rp2_common/hardware_irq/irq.c.obj
                0x100044a0                irq_is_enabled
 .text.irq_set_mask_n_enabled
                0x100044b8       0x1c app/CMakeFiles/app_main.dir/C_/Users/mmadha/.pico-sdk/sdk/2.2.0/src/rp2_common/hardware_irq/irq.c.obj
                0x100044b8                irq_set_mask_n_enabled
 .text.irq_set_enabled
                0x100044d4       0x14 app/CMakeFiles/app_main.dir/C_/Users/mmadha/.pico-sdk/sdk/2.2.0/src/rp2_common/hardware_irq/irq.c.obj
                0x100044d4                irq_set_enabled
 .text.irq_get_vtable_handler
                0x100044e8       0x10 app/CMakeFiles/app_main.dir/C_/Users/mmadha/.pico-sdk/sdk/2.2.0/src/rp2_common/hardware_irq/irq.c.obj
                0x100044e8                irq_get_vtable_handler
 .text.irq_set_exclusive_handler
                0x100044f8       0x54 app/CMakeFiles/app_main.dir/C_/Users/mmadha/.pico-sdk/sdk/2.2.0/src/rp2_common/hardware_irq/irq.c.obj
                0x100044f8                irq_set_exclusive_handler
 .text.irq_add_shared_handler
                0x1000454c      0x218 app/CMakeFiles/app_main.dir/C_/Users/mmadha/.pico-sdk/sdk/2.2.0/src/rp2_common/hardware_irq/irq.c.obj
                0x1000454c                irq_add_shared_handler
 .text.irq_remove_handler
                0x10004764      0x18c app/CMakeFiles/app_main.dir/C_/Users/mmadha/.pico-sdk/sdk/2.2.0/src/rp2_common/hardware_irq/irq.c.obj
                0x10004764                irq_remove_handler
 .text.irq_add_tail_to_free_list
                0x100048f0       0xf4 app/CMakeFiles/app_main.dir/C_/Users/mmadha/.pico-sdk/sdk/2.2.0/src/rp2_common/hardware_irq/irq.c.obj
                0x100048f0                irq_add_tail_to_free_list
 .text.panic    0x100049e4       0x30 app/CMakeFiles/app_main.dir/C_/Users/mmadha/.pico-sdk/sdk/2.2.0/src/rp2_common/pico_platform_panic/panic.c.obj
                0x100049e4                panic
 .text.hw_claim_lock
                0x10004a14       0x18 app/CMakeFiles/app_main.dir/C_/Users/mmadha/.pico-sdk/sdk/2.2.0/src/common/hardware_claim/claim.c.obj
                0x10004a14                hw_claim_lock
 .text.hw_claim_unlock
                0x10004a2c       0x14 app/CMakeFiles/app_main.dir/C_/Users/mmadha/.pico-sdk/sdk/2.2.0/src/common/hardware_claim/claim.c.obj
                0x10004a2c                hw_claim_unlock
 .text.hw_claim_or_assert
                0x10004a40       0x32 app/CMakeFiles/app_main.dir/C_/Users/mmadha/.pico-sdk/sdk/2.2.0/src/common/hardware_claim/claim.c.obj
                0x10004a40                hw_claim_or_assert
 .text.hw_claim_unused_from_range
                0x10004a72       0x50 app/CMakeFiles/app_main.dir/C_/Users/mmadha/.pico-sdk/sdk/2.2.0/src/common/hardware_claim/claim.c.obj
                0x10004a72                hw_claim_unused_from_range
 *fill*         0x10004ac2        0x2 
 .text.next_striped_spin_lock_num
                0x10004ac4       0x1c app/CMakeFiles/app_main.dir/C_/Users/mmadha/.pico-sdk/sdk/2.2.0/src/rp2_common/hardware_sync/sync.c.obj
                0x10004ac4                next_striped_spin_lock_num
 .text.spin_lock_claim_unused
                0x10004ae0       0x24 app/CMakeFiles/app_main.dir/C_/Users/mmadha/.pico-sdk/sdk/2.2.0/src/rp2_common/hardware_sync/sync.c.obj
                0x10004ae0                spin_lock_claim_unused
 .text.spin_locks_reset
                0x10004b04       0x20 app/CMakeFiles/app_main.dir/C_/Users/mmadha/.pico-sdk/sdk/2.2.0/src/rp2_common/hardware_sync_spin_lock/sync_spin_lock.c.obj
                0x10004b04                spin_locks_reset
 .text.lock_init
                0x10004b24       0x10 app/CMakeFiles/app_main.dir/C_/Users/mmadha/.pico-sdk/sdk/2.2.0/src/common/pico_sync/lock_core.c.obj
                0x10004b24                lock_init
 .text.mutex_init
                0x10004b34       0x1a app/CMakeFiles/app_main.dir/C_/Users/mmadha/.pico-sdk/sdk/2.2.0/src/common/pico_sync/mutex.c.obj
                0x10004b34                mutex_init
 .text.recursive_mutex_init
                0x10004b4e       0x1e app/CMakeFiles/app_main.dir/C_/Users/mmadha/.pico-sdk/sdk/2.2.0/src/common/pico_sync/mutex.c.obj
                0x10004b4e                recursive_mutex_init
 .text.runtime_init_mutex
                0x10004b6c       0x4c app/CMakeFiles/app_main.dir/C_/Users/mmadha/.pico-sdk/sdk/2.2.0/src/common/pico_sync/mutex.c.obj
                0x10004b6c                runtime_init_mutex
 .text.critical_section_init_with_lock_num
                0x10004bb8       0x14 app/CMakeFiles/app_main.dir/C_/Users/mmadha/.pico-sdk/sdk/2.2.0/src/common/pico_sync/critical_section.c.obj
                0x10004bb8                critical_section_init_with_lock_num
 .text.critical_section_init
                0x10004bcc       0x14 app/CMakeFiles/app_main.dir/C_/Users/mmadha/.pico-sdk/sdk/2.2.0/src/common/pico_sync/critical_section.c.obj
                0x10004bcc                critical_section_init
 .text.ta_set_timeout
                0x10004be0       0x24 app/CMakeFiles/app_main.dir/C_/Users/mmadha/.pico-sdk/sdk/2.2.0/src/common/pico_time/time.c.obj
 .text.make_alarm_id
                0x10004c04        0x6 app/CMakeFiles/app_main.dir/C_/Users/mmadha/.pico-sdk/sdk/2.2.0/src/common/pico_time/time.c.obj
 *fill*         0x10004c0a        0x2 
 .text.sleep_until_callback
                0x10004c0c       0x30 app/CMakeFiles/app_main.dir/C_/Users/mmadha/.pico-sdk/sdk/2.2.0/src/common/pico_time/time.c.obj
 .text.alarm_pool_irq_handler
                0x10004c3c      0x2f0 app/CMakeFiles/app_main.dir/C_/Users/mmadha/.pico-sdk/sdk/2.2.0/src/common/pico_time/time.c.obj
 .text.ta_enable_irq_handler
                0x10004f2c       0x2c app/CMakeFiles/app_main.dir/C_/Users/mmadha/.pico-sdk/sdk/2.2.0/src/common/pico_time/time.c.obj
 .text.alarm_pool_post_alloc_init
                0x10004f58       0x78 app/CMakeFiles/app_main.dir/C_/Users/mmadha/.pico-sdk/sdk/2.2.0/src/common/pico_time/time.c.obj
 .text.alarm_pool_get_default
                0x10004fd0       0x2c app/CMakeFiles/app_main.dir/C_/Users/mmadha/.pico-sdk/sdk/2.2.0/src/common/pico_time/time.c.obj
                0x10004fd0                alarm_pool_get_default
 .text.alarm_pool_add_alarm_at_force_in_context
                0x10004ffc       0xa4 app/CMakeFiles/app_main.dir/C_/Users/mmadha/.pico-sdk/sdk/2.2.0/src/common/pico_time/time.c.obj
                0x10004ffc                alarm_pool_add_alarm_at_force_in_context
 .text.alarm_pool_add_alarm_at
                0x100050a0       0x3c app/CMakeFiles/app_main.dir/C_/Users/mmadha/.pico-sdk/sdk/2.2.0/src/common/pico_time/time.c.obj
                0x100050a0                alarm_pool_add_alarm_at
 .text.add_alarm_at
                0x100050dc       0x2e app/CMakeFiles/app_main.dir/C_/Users/mmadha/.pico-sdk/sdk/2.2.0/src/common/pico_time/time.c.obj
 *fill*         0x1000510a        0x2 
 .text.alarm_pool_cancel_alarm
                0x1000510c       0x78 app/CMakeFiles/app_main.dir/C_/Users/mmadha/.pico-sdk/sdk/2.2.0/src/common/pico_time/time.c.obj
                0x1000510c                alarm_pool_cancel_alarm
 .text.cancel_alarm
                0x10005184       0x10 app/CMakeFiles/app_main.dir/C_/Users/mmadha/.pico-sdk/sdk/2.2.0/src/common/pico_time/time.c.obj
 .text.sleep_until
                0x10005194       0xb0 app/CMakeFiles/app_main.dir/C_/Users/mmadha/.pico-sdk/sdk/2.2.0/src/common/pico_time/time.c.obj
                0x10005194                sleep_until
 .text.sleep_us
                0x10005244       0x24 app/CMakeFiles/app_main.dir/C_/Users/mmadha/.pico-sdk/sdk/2.2.0/src/common/pico_time/time.c.obj
                0x10005244                sleep_us
 .text.sleep_ms
                0x10005268       0x14 app/CMakeFiles/app_main.dir/C_/Users/mmadha/.pico-sdk/sdk/2.2.0/src/common/pico_time/time.c.obj
                0x10005268                sleep_ms
 .text.best_effort_wfe_or_timeout
                0x1000527c      0x11c app/CMakeFiles/app_main.dir/C_/Users/mmadha/.pico-sdk/sdk/2.2.0/src/common/pico_time/time.c.obj
                0x1000527c                best_effort_wfe_or_timeout
 .text.alarm_pool_get_default_timer
                0x10005398        0x8 app/CMakeFiles/app_main.dir/C_/Users/mmadha/.pico-sdk/sdk/2.2.0/src/common/pico_time/time.c.obj
                0x10005398                alarm_pool_get_default_timer
 .text.runtime_init_default_alarm_pool
                0x100053a0       0x38 app/CMakeFiles/app_main.dir/C_/Users/mmadha/.pico-sdk/sdk/2.2.0/src/common/pico_time/time.c.obj
                0x100053a0                runtime_init_default_alarm_pool
 .text.timer_hardware_alarm_claim
                0x100053d8       0x14 app/CMakeFiles/app_main.dir/C_/Users/mmadha/.pico-sdk/sdk/2.2.0/src/rp2_common/hardware_timer/timer.c.obj
                0x100053d8                timer_hardware_alarm_claim
 .text.timer_time_us_64
                0x100053ec       0x10 app/CMakeFiles/app_main.dir/C_/Users/mmadha/.pico-sdk/sdk/2.2.0/src/rp2_common/hardware_timer/timer.c.obj
                0x100053ec                timer_time_us_64
 .text.timer_busy_wait_until
                0x100053fc       0x1a app/CMakeFiles/app_main.dir/C_/Users/mmadha/.pico-sdk/sdk/2.2.0/src/rp2_common/hardware_timer/timer.c.obj
                0x100053fc                timer_busy_wait_until
 .text.timer_busy_wait_us
                0x10005416       0x38 app/CMakeFiles/app_main.dir/C_/Users/mmadha/.pico-sdk/sdk/2.2.0/src/rp2_common/hardware_timer/timer.c.obj
                0x10005416                timer_busy_wait_us
 *fill*         0x1000544e        0x2 
 .text.time_us_64
                0x10005450       0x10 app/CMakeFiles/app_main.dir/C_/Users/mmadha/.pico-sdk/sdk/2.2.0/src/rp2_common/hardware_timer/timer.c.obj
                0x10005450                time_us_64
 .text.busy_wait_us
                0x10005460       0x14 app/CMakeFiles/app_main.dir/C_/Users/mmadha/.pico-sdk/sdk/2.2.0/src/rp2_common/hardware_timer/timer.c.obj
                0x10005460                busy_wait_us
 .text.busy_wait_until
                0x10005474       0x14 app/CMakeFiles/app_main.dir/C_/Users/mmadha/.pico-sdk/sdk/2.2.0/src/rp2_common/hardware_timer/timer.c.obj
                0x10005474                busy_wait_until
 .text.board_init
                0x10005488       0x14 app/CMakeFiles/app_main.dir/H_/tinyusb/hw/bsp/rp2040/family.c.obj
                0x10005488                board_init
 .text.board_led_write
                0x1000549c       0x1c app/CMakeFiles/app_main.dir/H_/tinyusb/hw/bsp/rp2040/family.c.obj
                0x1000549c                board_led_write
 .text.board_getchar
                0x100054b8        0xa app/CMakeFiles/app_main.dir/H_/tinyusb/hw/bsp/rp2040/family.c.obj
                0x100054b8                board_getchar
 .text.board_init_after_tusb
                0x100054c2        0x2 app/CMakeFiles/app_main.dir/H_/tinyusb/hw/bsp/rp2040/family.c.obj
                0x100054c2                board_init_after_tusb
 .text._retrieve_unique_id_on_boot
                0x100054c4       0x10 app/CMakeFiles/app_main.dir/C_/Users/mmadha/.pico-sdk/sdk/2.2.0/src/rp2_common/pico_unique_id/unique_id.c.obj
 .text.flash_get_unique_id
                0x100054d4       0x40 app/CMakeFiles/app_main.dir/C_/Users/mmadha/.pico-sdk/sdk/2.2.0/src/rp2_common/hardware_flash/flash.c.obj
                0x100054d4                flash_get_unique_id
 .text.rom_func_lookup
                0x10005514       0x10 app/CMakeFiles/app_main.dir/C_/Users/mmadha/.pico-sdk/sdk/2.2.0/src/rp2_common/pico_bootrom/bootrom.c.obj
                0x10005514                rom_func_lookup
 .text.rom_data_lookup
                0x10005524       0x10 app/CMakeFiles/app_main.dir/C_/Users/mmadha/.pico-sdk/sdk/2.2.0/src/rp2_common/pico_bootrom/bootrom.c.obj
                0x10005524                rom_data_lookup
 .text.rom_funcs_lookup
                0x10005534       0x36 app/CMakeFiles/app_main.dir/C_/Users/mmadha/.pico-sdk/sdk/2.2.0/src/rp2_common/pico_bootrom/bootrom.c.obj
                0x10005534                rom_funcs_lookup
 *fill*         0x1000556a        0x2 
 .text.clock_configure_internal
                0x1000556c       0xc4 app/CMakeFiles/app_main.dir/C_/Users/mmadha/.pico-sdk/sdk/2.2.0/src/rp2_common/hardware_clocks/clocks.c.obj
 .text.clock_configure_int_divider
                0x10005630       0x28 app/CMakeFiles/app_main.dir/C_/Users/mmadha/.pico-sdk/sdk/2.2.0/src/rp2_common/hardware_clocks/clocks.c.obj
                0x10005630                clock_configure_int_divider
 .text.clock_configure_undivided
                0x10005658       0x12 app/CMakeFiles/app_main.dir/C_/Users/mmadha/.pico-sdk/sdk/2.2.0/src/rp2_common/hardware_clocks/clocks.c.obj
                0x10005658                clock_configure_undivided
 *fill*         0x1000566a        0x2 
 .text.clock_get_hz
                0x1000566c        0xc app/CMakeFiles/app_main.dir/C_/Users/mmadha/.pico-sdk/sdk/2.2.0/src/rp2_common/hardware_clocks/clocks.c.obj
                0x1000566c                clock_get_hz
 .text.gpio_set_function
                0x10005678       0x34 app/CMakeFiles/app_main.dir/C_/Users/mmadha/.pico-sdk/sdk/2.2.0/src/rp2_common/hardware_gpio/gpio.c.obj
                0x10005678                gpio_set_function
 .text.gpio_init
                0x100056ac       0x16 app/CMakeFiles/app_main.dir/C_/Users/mmadha/.pico-sdk/sdk/2.2.0/src/rp2_common/hardware_gpio/gpio.c.obj
                0x100056ac                gpio_init
 *fill*         0x100056c2        0x2 
 .text.pll_init
                0x100056c4      0x124 app/CMakeFiles/app_main.dir/C_/Users/mmadha/.pico-sdk/sdk/2.2.0/src/rp2_common/hardware_pll/pll.c.obj
                0x100056c4                pll_init
 .text.tick_start
                0x100057e8       0x10 app/CMakeFiles/app_main.dir/C_/Users/mmadha/.pico-sdk/sdk/2.2.0/src/rp2_common/hardware_ticks/ticks.c.obj
                0x100057e8                tick_start
 .text.xosc_init
                0x100057f8       0x2c app/CMakeFiles/app_main.dir/C_/Users/mmadha/.pico-sdk/sdk/2.2.0/src/rp2_common/hardware_xosc/xosc.c.obj
                0x100057f8                xosc_init
 .text.runtime_run_initializers_from
                0x10005824       0x18 app/CMakeFiles/app_main.dir/C_/Users/mmadha/.pico-sdk/sdk/2.2.0/src/rp2_common/pico_runtime/runtime.c.obj
 .text.first_per_core_initializer
                0x1000583c        0x2 app/CMakeFiles/app_main.dir/C_/Users/mmadha/.pico-sdk/sdk/2.2.0/src/rp2_common/pico_runtime/runtime.c.obj
 *fill*         0x1000583e        0x2 
 .text.runtime_run_initializers
                0x10005840       0x10 app/CMakeFiles/app_main.dir/C_/Users/mmadha/.pico-sdk/sdk/2.2.0/src/rp2_common/pico_runtime/runtime.c.obj
                0x10005840                runtime_run_initializers
 .text.runtime_init_early_resets
                0x10005850       0x2c app/CMakeFiles/app_main.dir/C_/Users/mmadha/.pico-sdk/sdk/2.2.0/src/rp2_common/pico_runtime_init/runtime_init.c.obj
                0x10005850                runtime_init_early_resets
 .text.runtime_init_usb_power_down
                0x1000587c       0x1c app/CMakeFiles/app_main.dir/C_/Users/mmadha/.pico-sdk/sdk/2.2.0/src/rp2_common/pico_runtime_init/runtime_init.c.obj
                0x1000587c                runtime_init_usb_power_down
 .text.runtime_init_post_clock_resets
                0x10005898       0x20 app/CMakeFiles/app_main.dir/C_/Users/mmadha/.pico-sdk/sdk/2.2.0/src/rp2_common/pico_runtime_init/runtime_init.c.obj
                0x10005898                runtime_init_post_clock_resets
 .text.runtime_init_rp2040_gpio_ie_disable
                0x100058b8       0x14 app/CMakeFiles/app_main.dir/C_/Users/mmadha/.pico-sdk/sdk/2.2.0/src/rp2_common/pico_runtime_init/runtime_init.c.obj
                0x100058b8                runtime_init_rp2040_gpio_ie_disable
 .text.runtime_init_spin_locks_reset
                0x100058cc        0x8 app/CMakeFiles/app_main.dir/C_/Users/mmadha/.pico-sdk/sdk/2.2.0/src/rp2_common/pico_runtime_init/runtime_init.c.obj
                0x100058cc                runtime_init_spin_locks_reset
 .text.runtime_init_install_ram_vector_table
                0x100058d4       0x48 app/CMakeFiles/app_main.dir/C_/Users/mmadha/.pico-sdk/sdk/2.2.0/src/rp2_common/pico_runtime_init/runtime_init.c.obj
                0x100058d4                runtime_init_install_ram_vector_table
 .text.start_all_ticks
                0x1000591c       0x28 app/CMakeFiles/app_main.dir/C_/Users/mmadha/.pico-sdk/sdk/2.2.0/src/rp2_common/pico_runtime_init/runtime_init_clocks.c.obj
 .text.runtime_init_clocks
                0x10005944       0xcc app/CMakeFiles/app_main.dir/C_/Users/mmadha/.pico-sdk/sdk/2.2.0/src/rp2_common/pico_runtime_init/runtime_init_clocks.c.obj
                0x10005944                runtime_init_clocks
 .text          0x10005a10       0x10 app/CMakeFiles/app_main.dir/C_/Users/mmadha/.pico-sdk/sdk/2.2.0/src/rp2_common/pico_bit_ops/bit_ops_aeabi.S.obj
 .text.__wrap___aeabi_idiv
                0x10005a20       0x50 app/CMakeFiles/app_main.dir/C_/Users/mmadha/.pico-sdk/sdk/2.2.0/src/rp2_common/pico_divider/divider_hardware.S.obj
                0x10005a20                __wrap___aeabi_idivmod
                0x10005a20                divmod_s32s32
                0x10005a20                div_s32s32
                0x10005a20                __wrap___aeabi_idiv
                0x10005a28                divmod_s32s32_unsafe
                0x10005a54                divmod_s32s32_savestate
 .text.__wrap___aeabi_uidiv
                0x10005a70       0x4c app/CMakeFiles/app_main.dir/C_/Users/mmadha/.pico-sdk/sdk/2.2.0/src/rp2_common/pico_divider/divider_hardware.S.obj
                0x10005a70                __wrap___aeabi_uidiv
                0x10005a70                __wrap___aeabi_uidivmod
                0x10005a70                div_u32u32
                0x10005a70                divmod_u32u32
                0x10005a78                divmod_u32u32_unsafe
                0x10005aa0                divmod_u32u32_savestate
 .text.__wrap___aeabi_ldiv
                0x10005abc      0x424 app/CMakeFiles/app_main.dir/C_/Users/mmadha/.pico-sdk/sdk/2.2.0/src/rp2_common/pico_divider/divider_hardware.S.obj
                0x10005abc                div_s64s64
                0x10005abc                divmod_s64s64
                0x10005abc                __wrap___aeabi_ldivmod
                0x10005aec                divmod_u64u64
                0x10005aec                div_u64u64
                0x10005aec                __wrap___aeabi_uldivmod
                0x10005afc                divmod_u64u64_savestate
                0x10005b1c                divmod_s64s64_unsafe
                0x10005ba4                divmod_u64u64_unsafe
 .text.__wrap___aeabi_darithmetic
                0x10005ee0       0x80 app/CMakeFiles/app_main.dir/C_/Users/mmadha/.pico-sdk/sdk/2.2.0/src/rp2_common/pico_double/double_aeabi_rp2040.S.obj
                0x10005ee0                __wrap___aeabi_drsub
                0x10005ee6                __wrap___aeabi_dsub
                0x10005ef8                __wrap___aeabi_dadd
                0x10005f0a                __wrap___aeabi_ddiv
                0x10005f46                __wrap___aeabi_dmul
 .text.__wrap___aeabi_cdcmple
                0x10005f60       0x6c app/CMakeFiles/app_main.dir/C_/Users/mmadha/.pico-sdk/sdk/2.2.0/src/rp2_common/pico_double/double_aeabi_rp2040.S.obj
                0x10005f60                __wrap___aeabi_cdrcmple
                0x10005f70                __wrap___aeabi_cdcmpeq
                0x10005f70                __wrap___aeabi_cdcmple
 .text.__wrap___aeabi_dcmplt
                0x10005fcc        0xc app/CMakeFiles/app_main.dir/C_/Users/mmadha/.pico-sdk/sdk/2.2.0/src/rp2_common/pico_double/double_aeabi_rp2040.S.obj
                0x10005fcc                __wrap___aeabi_dcmplt
 .text.__wrap___aeabi_dcmple
                0x10005fd8       0x10 app/CMakeFiles/app_main.dir/C_/Users/mmadha/.pico-sdk/sdk/2.2.0/src/rp2_common/pico_double/double_aeabi_rp2040.S.obj
                0x10005fd8                __wrap___aeabi_dcmple
 .text.__wrap___aeabi_dcmpge
                0x10005fe8       0x10 app/CMakeFiles/app_main.dir/C_/Users/mmadha/.pico-sdk/sdk/2.2.0/src/rp2_common/pico_double/double_aeabi_rp2040.S.obj
                0x10005fe8                __wrap___aeabi_dcmpge
 .text.__wrap___aeabi_dcmpgt
                0x10005ff8        0xa app/CMakeFiles/app_main.dir/C_/Users/mmadha/.pico-sdk/sdk/2.2.0/src/rp2_common/pico_double/double_aeabi_rp2040.S.obj
                0x10005ff8                __wrap___aeabi_dcmpgt
 .text.__wrap___aeabi_dcmpun
                0x10006002       0x18 app/CMakeFiles/app_main.dir/C_/Users/mmadha/.pico-sdk/sdk/2.2.0/src/rp2_common/pico_double/double_aeabi_rp2040.S.obj
                0x10006002                __wrap___aeabi_dcmpun
 *fill*         0x1000601a        0x2 
 .text.__wrap___aeabi_i2d
                0x1000601c       0x38 app/CMakeFiles/app_main.dir/C_/Users/mmadha/.pico-sdk/sdk/2.2.0/src/rp2_common/pico_double/double_aeabi_rp2040.S.obj
                0x1000601c                uint2double
                0x1000601c                __wrap___aeabi_ui2d
                0x10006024                int2double
                0x10006024                __wrap___aeabi_i2d
 .text.__wrap___aeabi_d2iz
                0x10006054       0x48 app/CMakeFiles/app_main.dir/C_/Users/mmadha/.pico-sdk/sdk/2.2.0/src/rp2_common/pico_double/double_aeabi_rp2040.S.obj
                0x10006054                double2int_z
                0x10006054                __wrap___aeabi_d2iz
 .text.__wrap___aeabi_d2uiz
                0x1000609c       0x18 app/CMakeFiles/app_main.dir/C_/Users/mmadha/.pico-sdk/sdk/2.2.0/src/rp2_common/pico_double/double_aeabi_rp2040.S.obj
                0x1000609c                double2uint
                0x1000609c                __wrap___aeabi_d2uiz
                0x1000609c                double2uint_z
 .text.__aeabi_double_init
                0x100060b4       0xcc app/CMakeFiles/app_main.dir/C_/Users/mmadha/.pico-sdk/sdk/2.2.0/src/rp2_common/pico_double/double_init_rom_rp2040.c.obj
                0x100060b4                __aeabi_double_init
 .text.double_table_shim_on_use_helper
                0x10006180       0x34 app/CMakeFiles/app_main.dir/C_/Users/mmadha/.pico-sdk/sdk/2.2.0/src/rp2_common/pico_double/double_v1_rom_shim_rp2040.S.obj
                0x10006180                double_table_shim_on_use_helper
 .text.__wrap___aeabi_dsub
                0x100061b4       0x10 app/CMakeFiles/app_main.dir/C_/Users/mmadha/.pico-sdk/sdk/2.2.0/src/rp2_common/pico_double/double_v1_rom_shim_rp2040.S.obj
                0x100061b4                drsub_shim
                0x100061ba                dsub_shim
 .text.dadd_shim
                0x100061c4      0x15c app/CMakeFiles/app_main.dir/C_/Users/mmadha/.pico-sdk/sdk/2.2.0/src/rp2_common/pico_double/double_v1_rom_shim_rp2040.S.obj
                0x100061c4                dadd_shim
 .text.dmul_shim
                0x10006320      0x15c app/CMakeFiles/app_main.dir/C_/Users/mmadha/.pico-sdk/sdk/2.2.0/src/rp2_common/pico_double/double_v1_rom_shim_rp2040.S.obj
                0x10006320                dmul_shim
 .text.ddiv_shim
                0x1000647c      0x1b0 app/CMakeFiles/app_main.dir/C_/Users/mmadha/.pico-sdk/sdk/2.2.0/src/rp2_common/pico_double/double_v1_rom_shim_rp2040.S.obj
                0x1000647c                ddiv_shim
 .text.double2uint_shim
                0x1000662c        0xe app/CMakeFiles/app_main.dir/C_/Users/mmadha/.pico-sdk/sdk/2.2.0/src/rp2_common/pico_double/double_v1_rom_shim_rp2040.S.obj
                0x1000662c                double2uint_shim
                0x1000662e                double2ufix_shim
 *fill*         0x1000663a        0x2 
 .text.double2uint64_shim
                0x1000663c       0x70 app/CMakeFiles/app_main.dir/C_/Users/mmadha/.pico-sdk/sdk/2.2.0/src/rp2_common/pico_double/double_v1_rom_shim_rp2040.S.obj
                0x1000663c                double2uint64_shim
                0x1000663e                double2ufix64_shim
                0x1000665e                d2fix_a
 .text.dunpacks
                0x100066ac       0x3c app/CMakeFiles/app_main.dir/C_/Users/mmadha/.pico-sdk/sdk/2.2.0/src/rp2_common/pico_double/double_v1_rom_shim_rp2040.S.obj
                0x100066ac                dunpacks
 .text.__aeabi_lmul
                0x100066e8       0x32 app/CMakeFiles/app_main.dir/C_/Users/mmadha/.pico-sdk/sdk/2.2.0/src/rp2_common/pico_int64_ops/pico_int64_ops_aeabi.S.obj
                0x100066e8                __wrap___aeabi_lmul
 *fill*         0x1000671a        0x2 
 .text.__wrap___aeabi_farithmetic
                0x1000671c       0x58 app/CMakeFiles/app_main.dir/C_/Users/mmadha/.pico-sdk/sdk/2.2.0/src/rp2_common/pico_float/float_aeabi_rp2040.S.obj
                0x1000671c                __wrap___aeabi_frsub
                0x10006722                __wrap___aeabi_fsub
                0x1000672c                __wrap___aeabi_fadd
                0x10006736                __wrap___aeabi_fdiv
                0x10006762                __wrap___aeabi_fmul
 .text.__wrap___aeabi_ui2f
                0x10006774        0xa app/CMakeFiles/app_main.dir/C_/Users/mmadha/.pico-sdk/sdk/2.2.0/src/rp2_common/pico_float/float_aeabi_rp2040.S.obj
                0x10006774                __wrap___aeabi_ui2f
                0x10006774                uint2float
 *fill*         0x1000677e        0x2 
 .text.__wrap___aeabi_i2f
                0x10006780       0x44 app/CMakeFiles/app_main.dir/C_/Users/mmadha/.pico-sdk/sdk/2.2.0/src/rp2_common/pico_float/float_aeabi_rp2040.S.obj
                0x10006780                __wrap___aeabi_i2f
                0x10006780                int2float
 .text.__wrap___aeabi_f2uiz
                0x100067c4       0x10 app/CMakeFiles/app_main.dir/C_/Users/mmadha/.pico-sdk/sdk/2.2.0/src/rp2_common/pico_float/float_aeabi_rp2040.S.obj
                0x100067c4                float2uint_z
                0x100067c4                __wrap___aeabi_f2uiz
                0x100067c4                float2uint
 .text.__aeabi_float_init
                0x100067d4       0xfc app/CMakeFiles/app_main.dir/C_/Users/mmadha/.pico-sdk/sdk/2.2.0/src/rp2_common/pico_float/float_init_rom_rp2040.c.obj
                0x100067d4                __aeabi_float_init
 .text.float_table_shim_on_use_helper
                0x100068d0       0x34 app/CMakeFiles/app_main.dir/C_/Users/mmadha/.pico-sdk/sdk/2.2.0/src/rp2_common/pico_float/float_v1_rom_shim_rp2040.S.obj
                0x100068d0                float_table_shim_on_use_helper
 .text.check_alloc
                0x10006904       0x20 app/CMakeFiles/app_main.dir/C_/Users/mmadha/.pico-sdk/sdk/2.2.0/src/rp2_common/pico_malloc/malloc.c.obj
 .text.__wrap_malloc
                0x10006924       0x14 app/CMakeFiles/app_main.dir/C_/Users/mmadha/.pico-sdk/sdk/2.2.0/src/rp2_common/pico_malloc/malloc.c.obj
                0x10006924                __wrap_malloc
 .text          0x10006938       0x10 app/CMakeFiles/app_main.dir/C_/Users/mmadha/.pico-sdk/sdk/2.2.0/src/rp2_common/pico_mem_ops/mem_ops_aeabi.S.obj
                0x10006938                __aeabi_mem_init
 .text.memset   0x10006948        0xc app/CMakeFiles/app_main.dir/C_/Users/mmadha/.pico-sdk/sdk/2.2.0/src/rp2_common/pico_mem_ops/mem_ops_aeabi.S.obj
                0x10006948                __wrap_memset
 .text.memcpy   0x10006954        0xc app/CMakeFiles/app_main.dir/C_/Users/mmadha/.pico-sdk/sdk/2.2.0/src/rp2_common/pico_mem_ops/mem_ops_aeabi.S.obj
                0x10006954                __wrap_memcpy
                0x10006954                __wrap___aeabi_memcpy
 .text._out_null
                0x10006960        0x2 app/CMakeFiles/app_main.dir/C_/Users/mmadha/.pico-sdk/sdk/2.2.0/src/rp2_common/pico_printf/printf.c.obj
 .text._out_fct
                0x10006962        0xe app/CMakeFiles/app_main.dir/C_/Users/mmadha/.pico-sdk/sdk/2.2.0/src/rp2_common/pico_printf/printf.c.obj
 .text._atoi    0x10006970       0x24 app/CMakeFiles/app_main.dir/C_/Users/mmadha/.pico-sdk/sdk/2.2.0/src/rp2_common/pico_printf/printf.c.obj
 .text._out_rev
                0x10006994       0xb0 app/CMakeFiles/app_main.dir/C_/Users/mmadha/.pico-sdk/sdk/2.2.0/src/rp2_common/pico_printf/printf.c.obj
 .text._ntoa_format
                0x10006a44      0x10e app/CMakeFiles/app_main.dir/C_/Users/mmadha/.pico-sdk/sdk/2.2.0/src/rp2_common/pico_printf/printf.c.obj
 .text._ntoa_long
                0x10006b52       0xbc app/CMakeFiles/app_main.dir/C_/Users/mmadha/.pico-sdk/sdk/2.2.0/src/rp2_common/pico_printf/printf.c.obj
 .text._ntoa_long_long
                0x10006c0e      0x10e app/CMakeFiles/app_main.dir/C_/Users/mmadha/.pico-sdk/sdk/2.2.0/src/rp2_common/pico_printf/printf.c.obj
 .text._etoa    0x10006d1c      0x424 app/CMakeFiles/app_main.dir/C_/Users/mmadha/.pico-sdk/sdk/2.2.0/src/rp2_common/pico_printf/printf.c.obj
 .text._ftoa    0x10007140      0x348 app/CMakeFiles/app_main.dir/C_/Users/mmadha/.pico-sdk/sdk/2.2.0/src/rp2_common/pico_printf/printf.c.obj
 .text._vsnprintf
                0x10007488      0x6a4 app/CMakeFiles/app_main.dir/C_/Users/mmadha/.pico-sdk/sdk/2.2.0/src/rp2_common/pico_printf/printf.c.obj
 .text.vfctprintf
                0x10007b2c       0x24 app/CMakeFiles/app_main.dir/C_/Users/mmadha/.pico-sdk/sdk/2.2.0/src/rp2_common/pico_printf/printf.c.obj
                0x10007b2c                vfctprintf
 .text._exit    0x10007b50        0x4 app/CMakeFiles/app_main.dir/C_/Users/mmadha/.pico-sdk/sdk/2.2.0/src/rp2_common/pico_clib_interface/newlib_interface.c.obj
                0x10007b50                _exit
 .text._sbrk    0x10007b54       0x38 app/CMakeFiles/app_main.dir/C_/Users/mmadha/.pico-sdk/sdk/2.2.0/src/rp2_common/pico_clib_interface/newlib_interface.c.obj
                0x10007b54                _sbrk
 .text._read    0x10007b8c       0x24 app/CMakeFiles/app_main.dir/C_/Users/mmadha/.pico-sdk/sdk/2.2.0/src/rp2_common/pico_clib_interface/newlib_interface.c.obj
                0x10007b8c                _read
 .text._write   0x10007bb0       0x22 app/CMakeFiles/app_main.dir/C_/Users/mmadha/.pico-sdk/sdk/2.2.0/src/rp2_common/pico_clib_interface/newlib_interface.c.obj
                0x10007bb0                _write
 .text._close   0x10007bd2        0x6 app/CMakeFiles/app_main.dir/C_/Users/mmadha/.pico-sdk/sdk/2.2.0/src/rp2_common/pico_clib_interface/newlib_interface.c.obj
                0x10007bd2                _close
 .text._lseek   0x10007bd8        0x6 app/CMakeFiles/app_main.dir/C_/Users/mmadha/.pico-sdk/sdk/2.2.0/src/rp2_common/pico_clib_interface/newlib_interface.c.obj
                0x10007bd8                _lseek
 .text._fstat   0x10007bde        0x6 app/CMakeFiles/app_main.dir/C_/Users/mmadha/.pico-sdk/sdk/2.2.0/src/rp2_common/pico_clib_interface/newlib_interface.c.obj
                0x10007bde                _fstat
 .text.exit     0x10007be4        0x6 app/CMakeFiles/app_main.dir/C_/Users/mmadha/.pico-sdk/sdk/2.2.0/src/rp2_common/pico_clib_interface/newlib_interface.c.obj
                0x10007be4                exit
 *fill*         0x10007bea        0x2 
 .text.__assert_func
                0x10007bec       0x38 app/CMakeFiles/app_main.dir/C_/Users/mmadha/.pico-sdk/sdk/2.2.0/src/rp2_common/pico_clib_interface/newlib_interface.c.obj
                0x10007bec                __assert_func
 .text.runtime_init
                0x10007c24       0x28 app/CMakeFiles/app_main.dir/C_/Users/mmadha/.pico-sdk/sdk/2.2.0/src/rp2_common/pico_clib_interface/newlib_interface.c.obj
                0x10007c24                runtime_init
 .text.stdio_out_chars_no_crlf
                0x10007c4c        0xe app/CMakeFiles/app_main.dir/C_/Users/mmadha/.pico-sdk/sdk/2.2.0/src/rp2_common/pico_stdio/stdio.c.obj
 *fill*         0x10007c5a        0x2 
 .text.stdio_out_chars_crlf
                0x10007c5c       0x80 app/CMakeFiles/app_main.dir/C_/Users/mmadha/.pico-sdk/sdk/2.2.0/src/rp2_common/pico_stdio/stdio.c.obj
 .text.stdio_stack_buffer_flush
                0x10007cdc       0x44 app/CMakeFiles/app_main.dir/C_/Users/mmadha/.pico-sdk/sdk/2.2.0/src/rp2_common/pico_stdio/stdio.c.obj
 .text.stdio_buffered_printer
                0x10007d20       0x20 app/CMakeFiles/app_main.dir/C_/Users/mmadha/.pico-sdk/sdk/2.2.0/src/rp2_common/pico_stdio/stdio.c.obj
 .text.stdout_serialize_begin
                0x10007d40       0x30 app/CMakeFiles/app_main.dir/C_/Users/mmadha/.pico-sdk/sdk/2.2.0/src/rp2_common/pico_stdio/stdio.c.obj
                0x10007d40                stdout_serialize_begin
 .text.stdout_serialize_end
                0x10007d70       0x10 app/CMakeFiles/app_main.dir/C_/Users/mmadha/.pico-sdk/sdk/2.2.0/src/rp2_common/pico_stdio/stdio.c.obj
                0x10007d70                stdout_serialize_end
 .text.stdio_put_string
                0x10007d80       0x94 app/CMakeFiles/app_main.dir/C_/Users/mmadha/.pico-sdk/sdk/2.2.0/src/rp2_common/pico_stdio/stdio.c.obj
                0x10007d80                stdio_put_string
 .text.stdio_get_until
                0x10007e14       0x74 app/CMakeFiles/app_main.dir/C_/Users/mmadha/.pico-sdk/sdk/2.2.0/src/rp2_common/pico_stdio/stdio.c.obj
                0x10007e14                stdio_get_until
 .text.stdio_flush
                0x10007e88       0x20 app/CMakeFiles/app_main.dir/C_/Users/mmadha/.pico-sdk/sdk/2.2.0/src/rp2_common/pico_stdio/stdio.c.obj
                0x10007e88                stdio_flush
 .text.stdio_init_all
                0x10007ea8        0x4 app/CMakeFiles/app_main.dir/C_/Users/mmadha/.pico-sdk/sdk/2.2.0/src/rp2_common/pico_stdio/stdio.c.obj
                0x10007ea8                stdio_init_all
 .text.stdio_getchar_timeout_us
                0x10007eac       0x54 app/CMakeFiles/app_main.dir/C_/Users/mmadha/.pico-sdk/sdk/2.2.0/src/rp2_common/pico_stdio/stdio.c.obj
                0x10007eac                stdio_getchar_timeout_us
 .text.__wrap_putchar
                0x10007f00       0x1c app/CMakeFiles/app_main.dir/C_/Users/mmadha/.pico-sdk/sdk/2.2.0/src/rp2_common/pico_stdio/stdio.c.obj
                0x10007f00                __wrap_putchar
                0x10007f00                stdio_putchar
 .text.__wrap_puts
                0x10007f1c       0x1e app/CMakeFiles/app_main.dir/C_/Users/mmadha/.pico-sdk/sdk/2.2.0/src/rp2_common/pico_stdio/stdio.c.obj
                0x10007f1c                stdio_puts
                0x10007f1c                __wrap_puts
 *fill*         0x10007f3a        0x2 
 .text.__wrap_vprintf
                0x10007f3c       0x40 app/CMakeFiles/app_main.dir/C_/Users/mmadha/.pico-sdk/sdk/2.2.0/src/rp2_common/pico_stdio/stdio.c.obj
                0x10007f3c                stdio_vprintf
                0x10007f3c                __wrap_vprintf
 .text.__wrap_printf
                0x10007f7c       0x18 app/CMakeFiles/app_main.dir/C_/Users/mmadha/.pico-sdk/sdk/2.2.0/src/rp2_common/pico_stdio/stdio.c.obj
                0x10007f7c                __wrap_printf
                0x10007f7c                stdio_printf
 .text.ok       0x10007f94       0x20 file_processing/libfile_processing.a(file_processing.c.obj)
                0x10007f94                ok
 .text.invalid_name
                0x10007fb4        0x2 file_processing/libfile_processing.a(file_processing.c.obj)
                0x10007fb4                invalid_name
 .text.denied   0x10007fb6        0x2 file_processing/libfile_processing.a(file_processing.c.obj)
                0x10007fb6                denied
 .text.exist    0x10007fb8        0x4 file_processing/libfile_processing.a(file_processing.c.obj)
                0x10007fb8                exist
 .text.invalid_object
                0x10007fbc        0x2 file_processing/libfile_processing.a(file_processing.c.obj)
                0x10007fbc                invalid_object
 .text.not_enabled
                0x10007fbe        0x2 file_processing/libfile_processing.a(file_processing.c.obj)
                0x10007fbe                not_enabled
 .text.mkfs_aborted
                0x10007fc0        0x2 file_processing/libfile_processing.a(file_processing.c.obj)
                0x10007fc0                mkfs_aborted
 .text.timeout  0x10007fc2        0x2 file_processing/libfile_processing.a(file_processing.c.obj)
                0x10007fc2                timeout
 .text.locked   0x10007fc4        0x2 file_processing/libfile_processing.a(file_processing.c.obj)
                0x10007fc4                locked
 .text.too_many_open_files
                0x10007fc6        0x2 file_processing/libfile_processing.a(file_processing.c.obj)
                0x10007fc6                too_many_open_files
 .text.start_error
                0x10007fc8        0x2 file_processing/libfile_processing.a(file_processing.c.obj)
                0x10007fc8                start_error
 *fill*         0x10007fca        0x2 
 .text.no_path  0x10007fcc       0x4c file_processing/libfile_processing.a(file_processing.c.obj)
                0x10007fcc                no_path
 .text.no_file  0x10008018       0x54 file_processing/libfile_processing.a(file_processing.c.obj)
                0x10008018                no_file
 .text.no_folder
                0x1000806c       0x38 file_processing/libfile_processing.a(file_processing.c.obj)
                0x1000806c                no_folder
 .text.no_filesystem
                0x100080a4       0x2c file_processing/libfile_processing.a(file_processing.c.obj)
                0x100080a4                no_filesystem
 .text.start    0x100080d0       0x18 file_processing/libfile_processing.a(file_processing.c.obj)
                0x100080d0                start
 .text.file_processing_main
                0x100080e8       0x28 file_processing/libfile_processing.a(file_processing.c.obj)
                0x100080e8                file_processing_main
 .text.sm_config_set_clkdiv
                0x10008110       0x44 hardware_processing/libhardware_processing.a(hardware_processing.c.obj)
 .text.pio_get_default_sm_config
                0x10008154       0x28 hardware_processing/libhardware_processing.a(hardware_processing.c.obj)
 .text.clocked_input_program_get_default_config
                0x1000817c       0x24 hardware_processing/libhardware_processing.a(hardware_processing.c.obj)
 .text.dma_handler
                0x100081a0       0x34 hardware_processing/libhardware_processing.a(hardware_processing.c.obj)
 .text.clocked_input_program_init
                0x100081d4       0xb0 hardware_processing/libhardware_processing.a(hardware_processing.c.obj)
 .text.channel_config_set_chain_to
                0x10008284       0x34 hardware_processing/libhardware_processing.a(hardware_processing.c.obj)
 .text.dma_channel_get_default_config
                0x100082b8       0x74 hardware_processing/libhardware_processing.a(hardware_processing.c.obj)
 .text.copy_queue_buffer
                0x1000832c       0x16 hardware_processing/libhardware_processing.a(hardware_processing.c.obj)
                0x1000832c                copy_queue_buffer
 *fill*         0x10008342        0x2 
 .text.dma_setup
                0x10008344       0xa8 hardware_processing/libhardware_processing.a(hardware_processing.c.obj)
                0x10008344                dma_setup
 .text.queue_init
                0x100083ec       0x1c hardware_processing/libhardware_processing.a(queue.c.obj)
                0x100083ec                queue_init
 .text.set_queue_empty
                0x10008408        0x8 hardware_processing/libhardware_processing.a(queue.c.obj)
                0x10008408                set_queue_empty
 .text.queue_is_empty
                0x10008410       0x20 hardware_processing/libhardware_processing.a(queue.c.obj)
                0x10008410                queue_is_empty
 .text.GetNextByte
                0x10008430       0x38 hardware_processing/libhardware_processing.a(queue.c.obj)
                0x10008430                GetNextByte
 .text.pio_get_default_sm_config
                0x10008468       0x28 hardware_processing/libhardware_processing.a(pio.c.obj)
 .text.is_program_gpio_compatible
                0x10008490        0x4 hardware_processing/libhardware_processing.a(pio.c.obj)
 .text.add_program_at_offset_check
                0x10008494       0x64 hardware_processing/libhardware_processing.a(pio.c.obj)
 .text.add_program_at_offset
                0x100084f8       0x60 hardware_processing/libhardware_processing.a(pio.c.obj)
 .text.find_offset_for_program
                0x10008558       0x7c hardware_processing/libhardware_processing.a(pio.c.obj)
 .text.pio_claim_unused_sm
                0x100085d4       0x38 hardware_processing/libhardware_processing.a(pio.c.obj)
                0x100085d4                pio_claim_unused_sm
 .text.pio_add_program
                0x1000860c       0x30 hardware_processing/libhardware_processing.a(pio.c.obj)
                0x1000860c                pio_add_program
 .text.pio_sm_set_consecutive_pindirs
                0x1000863c       0xb4 hardware_processing/libhardware_processing.a(pio.c.obj)
                0x1000863c                pio_sm_set_consecutive_pindirs
 .text.pio_sm_init
                0x100086f0       0xb4 hardware_processing/libhardware_processing.a(pio.c.obj)
                0x100086f0                pio_sm_init
 .text.dma_claim_unused_channel
                0x100087a4       0x24 hardware_processing/libhardware_processing.a(dma.c.obj)
                0x100087a4                dma_claim_unused_channel
 .text.ld_word  0x100087c8        0xa fatfs/libfatfs_lib.a(ff.c.obj)
 .text.ld_dword
                0x100087d2       0x18 fatfs/libfatfs_lib.a(ff.c.obj)
 .text.st_word  0x100087ea        0x8 fatfs/libfatfs_lib.a(ff.c.obj)
 .text.st_dword
                0x100087f2       0x10 fatfs/libfatfs_lib.a(ff.c.obj)
 .text.dbc_1st  0x10008802        0x4 fatfs/libfatfs_lib.a(ff.c.obj)
 .text.dbc_2nd  0x10008806        0x4 fatfs/libfatfs_lib.a(ff.c.obj)
 .text.clst2sect
                0x1000880a       0x18 fatfs/libfatfs_lib.a(ff.c.obj)
 .text.ld_clust
                0x10008822       0x26 fatfs/libfatfs_lib.a(ff.c.obj)
 .text.st_clust
                0x10008848       0x26 fatfs/libfatfs_lib.a(ff.c.obj)
 *fill*         0x1000886e        0x2 
 .text.pick_lfn
                0x10008870       0x94 fatfs/libfatfs_lib.a(ff.c.obj)
 .text.put_lfn  0x10008904       0x8c fatfs/libfatfs_lib.a(ff.c.obj)
 .text.sum_sfn  0x10008990       0x20 fatfs/libfatfs_lib.a(ff.c.obj)
 .text.get_ldnumber
                0x100089b0       0x5c fatfs/libfatfs_lib.a(ff.c.obj)
 .text.validate
                0x10008a0c       0x52 fatfs/libfatfs_lib.a(ff.c.obj)
 .text.sync_window
                0x10008a5e       0x4a fatfs/libfatfs_lib.a(ff.c.obj)
 .text.move_window
                0x10008aa8       0x36 fatfs/libfatfs_lib.a(ff.c.obj)
 *fill*         0x10008ade        0x2 
 .text.check_fs
                0x10008ae0       0xdc fatfs/libfatfs_lib.a(ff.c.obj)
 .text.find_volume
                0x10008bbc       0x6e fatfs/libfatfs_lib.a(ff.c.obj)
 *fill*         0x10008c2a        0x2 
 .text.mount_volume
                0x10008c2c      0x30c fatfs/libfatfs_lib.a(ff.c.obj)
 .text.put_fat  0x10008f38      0x12e fatfs/libfatfs_lib.a(ff.c.obj)
 .text.get_fat  0x10009066       0xd6 fatfs/libfatfs_lib.a(ff.c.obj)
 .text.dir_sdi  0x1000913c       0xb4 fatfs/libfatfs_lib.a(ff.c.obj)
 .text.create_chain
                0x100091f0      0x122 fatfs/libfatfs_lib.a(ff.c.obj)
 .text.remove_chain
                0x10009312       0x7c fatfs/libfatfs_lib.a(ff.c.obj)
 .text.dir_clear
                0x1000938e       0x64 fatfs/libfatfs_lib.a(ff.c.obj)
 .text.dir_next
                0x100093f2       0xd4 fatfs/libfatfs_lib.a(ff.c.obj)
 .text.dir_alloc
                0x100094c6       0x4e fatfs/libfatfs_lib.a(ff.c.obj)
 .text.dir_read
                0x10009514       0xdc fatfs/libfatfs_lib.a(ff.c.obj)
 .text.dir_remove
                0x100095f0       0x4c fatfs/libfatfs_lib.a(ff.c.obj)
 .text.putc_init
                0x1000963c       0x12 fatfs/libfatfs_lib.a(ff.c.obj)
 .text.put_utf  0x1000964e       0x3a fatfs/libfatfs_lib.a(ff.c.obj)
 .text.get_fileinfo
                0x10009688      0x148 fatfs/libfatfs_lib.a(ff.c.obj)
 .text.tchar2uni
                0x100097d0       0x4c fatfs/libfatfs_lib.a(ff.c.obj)
 .text.create_name
                0x1000981c      0x32c fatfs/libfatfs_lib.a(ff.c.obj)
 .text.cmp_lfn  0x10009b48       0xb0 fatfs/libfatfs_lib.a(ff.c.obj)
 .text.dir_find
                0x10009bf8       0xe8 fatfs/libfatfs_lib.a(ff.c.obj)
 .text.follow_path
                0x10009ce0       0xb0 fatfs/libfatfs_lib.a(ff.c.obj)
 .text.gen_numname
                0x10009d90       0xac fatfs/libfatfs_lib.a(ff.c.obj)
 .text.dir_register
                0x10009e3c      0x152 fatfs/libfatfs_lib.a(ff.c.obj)
 *fill*         0x10009f8e        0x2 
 .text.sync_fs  0x10009f90       0x9c fatfs/libfatfs_lib.a(ff.c.obj)
 .text.create_partition
                0x1000a02c      0x18c fatfs/libfatfs_lib.a(ff.c.obj)
 .text.f_mount  0x1000a1b8       0x5c fatfs/libfatfs_lib.a(ff.c.obj)
                0x1000a1b8                f_mount
 .text.f_open   0x1000a214      0x210 fatfs/libfatfs_lib.a(ff.c.obj)
                0x1000a214                f_open
 .text.f_read   0x1000a424      0x1a2 fatfs/libfatfs_lib.a(ff.c.obj)
                0x1000a424                f_read
 .text.f_write  0x1000a5c6      0x1e8 fatfs/libfatfs_lib.a(ff.c.obj)
                0x1000a5c6                f_write
 .text.putc_bfd
                0x1000a7ae       0x40 fatfs/libfatfs_lib.a(ff.c.obj)
 .text.putc_flush
                0x1000a7ee       0x3c fatfs/libfatfs_lib.a(ff.c.obj)
 *fill*         0x1000a82a        0x2 
 .text.f_sync   0x1000a82c       0x98 fatfs/libfatfs_lib.a(ff.c.obj)
                0x1000a82c                f_sync
 .text.f_close  0x1000a8c4       0x24 fatfs/libfatfs_lib.a(ff.c.obj)
                0x1000a8c4                f_close
 .text.f_chdir  0x1000a8e8       0x5c fatfs/libfatfs_lib.a(ff.c.obj)
                0x1000a8e8                f_chdir
 .text.f_getcwd
                0x1000a944      0x118 fatfs/libfatfs_lib.a(ff.c.obj)
                0x1000a944                f_getcwd
 .text.f_opendir
                0x1000aa5c       0x6c fatfs/libfatfs_lib.a(ff.c.obj)
                0x1000aa5c                f_opendir
 .text.f_closedir
                0x1000aac8       0x18 fatfs/libfatfs_lib.a(ff.c.obj)
                0x1000aac8                f_closedir
 .text.f_readdir
                0x1000aae0       0x52 fatfs/libfatfs_lib.a(ff.c.obj)
                0x1000aae0                f_readdir
 .text.f_stat   0x1000ab32       0x44 fatfs/libfatfs_lib.a(ff.c.obj)
                0x1000ab32                f_stat
 .text.f_unlink
                0x1000ab76       0xba fatfs/libfatfs_lib.a(ff.c.obj)
                0x1000ab76                f_unlink
 .text.f_mkdir  0x1000ac30      0x118 fatfs/libfatfs_lib.a(ff.c.obj)
                0x1000ac30                f_mkdir
 .text.f_rename
                0x1000ad48      0x11a fatfs/libfatfs_lib.a(ff.c.obj)
                0x1000ad48                f_rename
 *fill*         0x1000ae62        0x2 
 .text.f_mkfs   0x1000ae64      0x6ac fatfs/libfatfs_lib.a(ff.c.obj)
                0x1000ae64                f_mkfs
 .text.f_puts   0x1000b510       0x26 fatfs/libfatfs_lib.a(ff.c.obj)
                0x1000b510                f_puts
 *fill*         0x1000b536        0x2 
 .text.ff_uni2oem
                0x1000b538       0x44 fatfs/libfatfs_lib.a(ffunicode.c.obj)
                0x1000b538                ff_uni2oem
 .text.ff_oem2uni
                0x1000b57c       0x30 fatfs/libfatfs_lib.a(ffunicode.c.obj)
                0x1000b57c                ff_oem2uni
 .text.ff_wtoupper
                0x1000b5ac       0xa8 fatfs/libfatfs_lib.a(ffunicode.c.obj)
                0x1000b5ac                ff_wtoupper
 .text.onCharInput
                0x1000b654       0x28 fatfs/libfatfs_lib.a(msc_app.c.obj)
 .text.isControlChar
                0x1000b67c       0x32 fatfs/libfatfs_lib.a(msc_app.c.obj)
 .text.isDisplayableChar
                0x1000b6ae       0x10 fatfs/libfatfs_lib.a(msc_app.c.obj)
 .text.fifoBufAvailable
                0x1000b6be       0x1a fatfs/libfatfs_lib.a(msc_app.c.obj)
 .text.fifoBufPop
                0x1000b6d8       0x24 fatfs/libfatfs_lib.a(msc_app.c.obj)
 .text.fifoBufPush
                0x1000b6fc       0x28 fatfs/libfatfs_lib.a(msc_app.c.obj)
 .text.getTokenPosition
                0x1000b724       0x44 fatfs/libfatfs_lib.a(msc_app.c.obj)
 .text.disk_io_complete
                0x1000b768       0x10 fatfs/libfatfs_lib.a(msc_app.c.obj)
 .text.writeToOutput
                0x1000b778       0x22 fatfs/libfatfs_lib.a(msc_app.c.obj)
 *fill*         0x1000b79a        0x2 
 .text.onUnknownCommand
                0x1000b79c       0x34 fatfs/libfatfs_lib.a(msc_app.c.obj)
 .text.clearCurrentLine
                0x1000b7d0       0x38 fatfs/libfatfs_lib.a(msc_app.c.obj)
 .text.getAutocompletedCommand
                0x1000b808       0xd4 fatfs/libfatfs_lib.a(msc_app.c.obj)
 .text.printLiveAutocompletion
                0x1000b8dc       0x8a fatfs/libfatfs_lib.a(msc_app.c.obj)
 *fill*         0x1000b966        0x2 
 .text.onAutocompleteRequest
                0x1000b968       0xb8 fatfs/libfatfs_lib.a(msc_app.c.obj)
 .text.inquiry_complete_cb
                0x1000ba20       0xb4 fatfs/libfatfs_lib.a(msc_app.c.obj)
 .text.wait_for_disk_io
                0x1000bad4       0x20 fatfs/libfatfs_lib.a(msc_app.c.obj)
 .text.cli_write_char
                0x1000baf4        0xa fatfs/libfatfs_lib.a(msc_app.c.obj)
 *fill*         0x1000bafe        0x2 
 .text.embeddedCliDefaultConfig
                0x1000bb00       0x20 fatfs/libfatfs_lib.a(msc_app.c.obj)
                0x1000bb00                embeddedCliDefaultConfig
 .text.embeddedCliRequiredSize
                0x1000bb20       0x30 fatfs/libfatfs_lib.a(msc_app.c.obj)
                0x1000bb20                embeddedCliRequiredSize
 .text.embeddedCliReceiveChar
                0x1000bb50       0x1c fatfs/libfatfs_lib.a(msc_app.c.obj)
                0x1000bb50                embeddedCliReceiveChar
 .text.embeddedCliAddBinding
                0x1000bb6c       0x40 fatfs/libfatfs_lib.a(msc_app.c.obj)
                0x1000bb6c                embeddedCliAddBinding
 .text.initInternalBindings
                0x1000bbac       0x2c fatfs/libfatfs_lib.a(msc_app.c.obj)
 .text.embeddedCliNew
                0x1000bbd8       0xa4 fatfs/libfatfs_lib.a(msc_app.c.obj)
                0x1000bbd8                embeddedCliNew
 .text.embeddedCliTokenizeArgs
                0x1000bc7c       0x88 fatfs/libfatfs_lib.a(msc_app.c.obj)
                0x1000bc7c                embeddedCliTokenizeArgs
 .text.embeddedCliGetToken
                0x1000bd04       0x1c fatfs/libfatfs_lib.a(msc_app.c.obj)
                0x1000bd04                embeddedCliGetToken
 .text.historyGet
                0x1000bd20       0x1c fatfs/libfatfs_lib.a(msc_app.c.obj)
 .text.navigateHistory
                0x1000bd3c       0x98 fatfs/libfatfs_lib.a(msc_app.c.obj)
 .text.onEscapedInput
                0x1000bdd4       0x32 fatfs/libfatfs_lib.a(msc_app.c.obj)
 *fill*         0x1000be06        0x2 
 .text.embeddedCliGetTokenVariable
                0x1000be08       0x1c fatfs/libfatfs_lib.a(msc_app.c.obj)
                0x1000be08                embeddedCliGetTokenVariable
 .text.historyRemove
                0x1000be24       0x66 fatfs/libfatfs_lib.a(msc_app.c.obj)
 .text.historyPut
                0x1000be8a       0x76 fatfs/libfatfs_lib.a(msc_app.c.obj)
 .text.parseCommand
                0x1000bf00      0x128 fatfs/libfatfs_lib.a(msc_app.c.obj)
 .text.onControlInput
                0x1000c028       0xa4 fatfs/libfatfs_lib.a(msc_app.c.obj)
 .text.embeddedCliProcess
                0x1000c0cc       0xb0 fatfs/libfatfs_lib.a(msc_app.c.obj)
                0x1000c0cc                embeddedCliProcess
 .text.embeddedCliGetTokenCount
                0x1000c17c       0x2e fatfs/libfatfs_lib.a(msc_app.c.obj)
                0x1000c17c                embeddedCliGetTokenCount
 *fill*         0x1000c1aa        0x2 
 .text.onHelp   0x1000c1ac      0x134 fatfs/libfatfs_lib.a(msc_app.c.obj)
 .text.cli_cmd_cat
                0x1000c2e0       0xac fatfs/libfatfs_lib.a(msc_app.c.obj)
                0x1000c2e0                cli_cmd_cat
 .text.cli_cmd_cd
                0x1000c38c       0x34 fatfs/libfatfs_lib.a(msc_app.c.obj)
                0x1000c38c                cli_cmd_cd
 .text.cli_cmd_cp
                0x1000c3c0       0xc4 fatfs/libfatfs_lib.a(msc_app.c.obj)
                0x1000c3c0                cli_cmd_cp
 .text.cli_cmd_ls
                0x1000c484       0xac fatfs/libfatfs_lib.a(msc_app.c.obj)
                0x1000c484                cli_cmd_ls
 .text.cli_cmd_pwd
                0x1000c530       0x40 fatfs/libfatfs_lib.a(msc_app.c.obj)
                0x1000c530                cli_cmd_pwd
 .text.cli_cmd_mkdir
                0x1000c570       0x34 fatfs/libfatfs_lib.a(msc_app.c.obj)
                0x1000c570                cli_cmd_mkdir
 .text.cli_cmd_mv
                0x1000c5a4       0x4c fatfs/libfatfs_lib.a(msc_app.c.obj)
                0x1000c5a4                cli_cmd_mv
 .text.cli_cmd_rm
                0x1000c5f0       0x44 fatfs/libfatfs_lib.a(msc_app.c.obj)
                0x1000c5f0                cli_cmd_rm
 .text.msc_app_task
                0x1000c634       0x34 fatfs/libfatfs_lib.a(msc_app.c.obj)
                0x1000c634                msc_app_task
 .text.tuh_msc_mount_cb
                0x1000c668       0x2c fatfs/libfatfs_lib.a(msc_app.c.obj)
                0x1000c668                tuh_msc_mount_cb
 .text.tuh_msc_umount_cb
                0x1000c694       0x30 fatfs/libfatfs_lib.a(msc_app.c.obj)
                0x1000c694                tuh_msc_umount_cb
 .text.disk_status
                0x1000c6c4       0x16 fatfs/libfatfs_lib.a(msc_app.c.obj)
                0x1000c6c4                disk_status
 .text.disk_initialize
                0x1000c6da        0x4 fatfs/libfatfs_lib.a(msc_app.c.obj)
                0x1000c6da                disk_initialize
 *fill*         0x1000c6de        0x2 
 .text.disk_read
                0x1000c6e0       0x3c fatfs/libfatfs_lib.a(msc_app.c.obj)
                0x1000c6e0                disk_read
 .text.disk_write
                0x1000c71c       0x3c fatfs/libfatfs_lib.a(msc_app.c.obj)
                0x1000c71c                disk_write
 .text.disk_ioctl
                0x1000c758       0x4a fatfs/libfatfs_lib.a(msc_app.c.obj)
                0x1000c758                disk_ioctl
 *fill*         0x1000c7a2        0x2 
 .text.cli_init
                0x1000c7a4      0x1bc fatfs/libfatfs_lib.a(msc_app.c.obj)
                0x1000c7a4                cli_init
 .text.msc_app_init
                0x1000c960       0x30 fatfs/libfatfs_lib.a(msc_app.c.obj)
                0x1000c960                msc_app_init
 .text.malloc   0x1000c990       0x14 C:/Users/mmadha/.pico-sdk/toolchain/14_2_Rel1/bin/../lib/gcc/arm-none-eabi/14.2.1/thumb/v6-m/nofp\libg.a(libc_a-malloc.o)
                0x1000c990                malloc
 .text._malloc_r
                0x1000c9a4      0x5cc C:/Users/mmadha/.pico-sdk/toolchain/14_2_Rel1/bin/../lib/gcc/arm-none-eabi/14.2.1/thumb/v6-m/nofp\libg.a(libc_a-mallocr.o)
                0x1000c9a4                _malloc_r
 .text.__malloc_lock
                0x1000cf70       0x10 C:/Users/mmadha/.pico-sdk/toolchain/14_2_Rel1/bin/../lib/gcc/arm-none-eabi/14.2.1/thumb/v6-m/nofp\libg.a(libc_a-mlock.o)
                0x1000cf70                __malloc_lock
 .text.__malloc_unlock
                0x1000cf80       0x10 C:/Users/mmadha/.pico-sdk/toolchain/14_2_Rel1/bin/../lib/gcc/arm-none-eabi/14.2.1/thumb/v6-m/nofp\libg.a(libc_a-mlock.o)
                0x1000cf80                __malloc_unlock
 .text.setbuf   0x1000cf90       0x18 C:/Users/mmadha/.pico-sdk/toolchain/14_2_Rel1/bin/../lib/gcc/arm-none-eabi/14.2.1/thumb/v6-m/nofp\libg.a(libc_a-setbuf.o)
                0x1000cf90                setbuf
 .text.setvbuf  0x1000cfa8      0x1a8 C:/Users/mmadha/.pico-sdk/toolchain/14_2_Rel1/bin/../lib/gcc/arm-none-eabi/14.2.1/thumb/v6-m/nofp\libg.a(libc_a-setvbuf.o)
                0x1000cfa8                setvbuf
 .text.memcmp   0x1000d150       0x48 C:/Users/mmadha/.pico-sdk/toolchain/14_2_Rel1/bin/../lib/gcc/arm-none-eabi/14.2.1/thumb/v6-m/nofp\libg.a(libc_a-memcmp.o)
                0x1000d150                memcmp
 .text.memmove  0x1000d198       0xc4 C:/Users/mmadha/.pico-sdk/toolchain/14_2_Rel1/bin/../lib/gcc/arm-none-eabi/14.2.1/thumb/v6-m/nofp\libg.a(libc_a-memmove.o)
                0x1000d198                memmove
 .text.strchr   0x1000d25c       0xc4 C:/Users/mmadha/.pico-sdk/toolchain/14_2_Rel1/bin/../lib/gcc/arm-none-eabi/14.2.1/thumb/v6-m/nofp\libg.a(libc_a-strchr.o)
                0x1000d25c                strchr
 .text._sbrk_r  0x1000d320       0x24 C:/Users/mmadha/.pico-sdk/toolchain/14_2_Rel1/bin/../lib/gcc/arm-none-eabi/14.2.1/thumb/v6-m/nofp\libg.a(libc_a-sbrkr.o)
                0x1000d320                _sbrk_r
 .text.__errno  0x1000d344        0xc C:/Users/mmadha/.pico-sdk/toolchain/14_2_Rel1/bin/../lib/gcc/arm-none-eabi/14.2.1/thumb/v6-m/nofp\libg.a(libc_a-errno.o)
                0x1000d344                __errno
 .text.__retarget_lock_init_recursive
                0x1000d350        0x4 C:/Users/mmadha/.pico-sdk/toolchain/14_2_Rel1/bin/../lib/gcc/arm-none-eabi/14.2.1/thumb/v6-m/nofp\libg.a(libc_a-lock.o)
                0x1000d350                __retarget_lock_init_recursive
 .text.__retarget_lock_close_recursive
                0x1000d354        0x4 C:/Users/mmadha/.pico-sdk/toolchain/14_2_Rel1/bin/../lib/gcc/arm-none-eabi/14.2.1/thumb/v6-m/nofp\libg.a(libc_a-lock.o)
                0x1000d354                __retarget_lock_close_recursive
 .text.__retarget_lock_acquire_recursive
                0x1000d358        0x4 C:/Users/mmadha/.pico-sdk/toolchain/14_2_Rel1/bin/../lib/gcc/arm-none-eabi/14.2.1/thumb/v6-m/nofp\libg.a(libc_a-lock.o)
                0x1000d358                __retarget_lock_acquire_recursive
 .text.__retarget_lock_release_recursive
                0x1000d35c        0x4 C:/Users/mmadha/.pico-sdk/toolchain/14_2_Rel1/bin/../lib/gcc/arm-none-eabi/14.2.1/thumb/v6-m/nofp\libg.a(libc_a-lock.o)
                0x1000d35c                __retarget_lock_release_recursive
 .text.sysconf  0x1000d360       0x1c C:/Users/mmadha/.pico-sdk/toolchain/14_2_Rel1/bin/../lib/gcc/arm-none-eabi/14.2.1/thumb/v6-m/nofp\libg.a(libc_a-sysconf.o)
                0x1000d360                sysconf
 .text          0x1000d37c       0x88 C:/Users/mmadha/.pico-sdk/toolchain/14_2_Rel1/bin/../lib/gcc/arm-none-eabi/14.2.1/thumb/v6-m/nofp\libg.a(libc_a-strcmp.o)
                0x1000d37c                strcmp
 .text.strlen   0x1000d404       0x5c C:/Users/mmadha/.pico-sdk/toolchain/14_2_Rel1/bin/../lib/gcc/arm-none-eabi/14.2.1/thumb/v6-m/nofp\libg.a(libc_a-strlen-stub.o)
                0x1000d404                strlen
 .text._malloc_trim_r
                0x1000d460       0xb4 C:/Users/mmadha/.pico-sdk/toolchain/14_2_Rel1/bin/../lib/gcc/arm-none-eabi/14.2.1/thumb/v6-m/nofp\libg.a(libc_a-freer.o)
                0x1000d460                _malloc_trim_r
 .text._free_r  0x1000d514      0x1f0 C:/Users/mmadha/.pico-sdk/toolchain/14_2_Rel1/bin/../lib/gcc/arm-none-eabi/14.2.1/thumb/v6-m/nofp\libg.a(libc_a-freer.o)
                0x1000d514                _free_r
 .text.__sflush_r
                0x1000d704      0x13c C:/Users/mmadha/.pico-sdk/toolchain/14_2_Rel1/bin/../lib/gcc/arm-none-eabi/14.2.1/thumb/v6-m/nofp\libg.a(libc_a-fflush.o)
                0x1000d704                __sflush_r
 .text._fflush_r
                0x1000d840       0x68 C:/Users/mmadha/.pico-sdk/toolchain/14_2_Rel1/bin/../lib/gcc/arm-none-eabi/14.2.1/thumb/v6-m/nofp\libg.a(libc_a-fflush.o)
                0x1000d840                _fflush_r
 .text.stdio_exit_handler
                0x1000d8a8       0x1c C:/Users/mmadha/.pico-sdk/toolchain/14_2_Rel1/bin/../lib/gcc/arm-none-eabi/14.2.1/thumb/v6-m/nofp\libg.a(libc_a-findfp.o)
 .text.cleanup_stdio
                0x1000d8c4       0x3c C:/Users/mmadha/.pico-sdk/toolchain/14_2_Rel1/bin/../lib/gcc/arm-none-eabi/14.2.1/thumb/v6-m/nofp\libg.a(libc_a-findfp.o)
 .text.global_stdio_init.part.0
                0x1000d900      0x118 C:/Users/mmadha/.pico-sdk/toolchain/14_2_Rel1/bin/../lib/gcc/arm-none-eabi/14.2.1/thumb/v6-m/nofp\libg.a(libc_a-findfp.o)
 .text.__sinit  0x1000da18       0x38 C:/Users/mmadha/.pico-sdk/toolchain/14_2_Rel1/bin/../lib/gcc/arm-none-eabi/14.2.1/thumb/v6-m/nofp\libg.a(libc_a-findfp.o)
                0x1000da18                __sinit
 .text.__sfp_lock_acquire
                0x1000da50       0x10 C:/Users/mmadha/.pico-sdk/toolchain/14_2_Rel1/bin/../lib/gcc/arm-none-eabi/14.2.1/thumb/v6-m/nofp\libg.a(libc_a-findfp.o)
                0x1000da50                __sfp_lock_acquire
 .text.__sfp_lock_release
                0x1000da60       0x10 C:/Users/mmadha/.pico-sdk/toolchain/14_2_Rel1/bin/../lib/gcc/arm-none-eabi/14.2.1/thumb/v6-m/nofp\libg.a(libc_a-findfp.o)
                0x1000da60                __sfp_lock_release
 .text._fwalk_sglue
                0x1000da70       0x44 C:/Users/mmadha/.pico-sdk/toolchain/14_2_Rel1/bin/../lib/gcc/arm-none-eabi/14.2.1/thumb/v6-m/nofp\libg.a(libc_a-fwalk.o)
                0x1000da70                _fwalk_sglue
 .text.__swhatbuf_r
                0x1000dab4       0x58 C:/Users/mmadha/.pico-sdk/toolchain/14_2_Rel1/bin/../lib/gcc/arm-none-eabi/14.2.1/thumb/v6-m/nofp\libg.a(libc_a-makebuf.o)
                0x1000dab4                __swhatbuf_r
 .text.__sread  0x1000db0c       0x28 C:/Users/mmadha/.pico-sdk/toolchain/14_2_Rel1/bin/../lib/gcc/arm-none-eabi/14.2.1/thumb/v6-m/nofp\libg.a(libc_a-stdio.o)
                0x1000db0c                __sread
 .text.__swrite
                0x1000db34       0x40 C:/Users/mmadha/.pico-sdk/toolchain/14_2_Rel1/bin/../lib/gcc/arm-none-eabi/14.2.1/thumb/v6-m/nofp\libg.a(libc_a-stdio.o)
                0x1000db34                __swrite
 .text.__sseek  0x1000db74       0x2c C:/Users/mmadha/.pico-sdk/toolchain/14_2_Rel1/bin/../lib/gcc/arm-none-eabi/14.2.1/thumb/v6-m/nofp\libg.a(libc_a-stdio.o)
                0x1000db74                __sseek
 .text.__sclose
                0x1000dba0        0xc C:/Users/mmadha/.pico-sdk/toolchain/14_2_Rel1/bin/../lib/gcc/arm-none-eabi/14.2.1/thumb/v6-m/nofp\libg.a(libc_a-stdio.o)
                0x1000dba0                __sclose
 .text._close_r
                0x1000dbac       0x24 C:/Users/mmadha/.pico-sdk/toolchain/14_2_Rel1/bin/../lib/gcc/arm-none-eabi/14.2.1/thumb/v6-m/nofp\libg.a(libc_a-closer.o)
                0x1000dbac                _close_r
 .text._fstat_r
                0x1000dbd0       0x28 C:/Users/mmadha/.pico-sdk/toolchain/14_2_Rel1/bin/../lib/gcc/arm-none-eabi/14.2.1/thumb/v6-m/nofp\libg.a(libc_a-fstatr.o)
                0x1000dbd0                _fstat_r
 .text._lseek_r
                0x1000dbf8       0x28 C:/Users/mmadha/.pico-sdk/toolchain/14_2_Rel1/bin/../lib/gcc/arm-none-eabi/14.2.1/thumb/v6-m/nofp\libg.a(libc_a-lseekr.o)
                0x1000dbf8                _lseek_r
 .text._read_r  0x1000dc20       0x28 C:/Users/mmadha/.pico-sdk/toolchain/14_2_Rel1/bin/../lib/gcc/arm-none-eabi/14.2.1/thumb/v6-m/nofp\libg.a(libc_a-readr.o)
                0x1000dc20                _read_r
 .text._write_r
                0x1000dc48       0x28 C:/Users/mmadha/.pico-sdk/toolchain/14_2_Rel1/bin/../lib/gcc/arm-none-eabi/14.2.1/thumb/v6-m/nofp\libg.a(libc_a-writer.o)
                0x1000dc48                _write_r
 .text._fclose_r
                0x1000dc70       0xcc C:/Users/mmadha/.pico-sdk/toolchain/14_2_Rel1/bin/../lib/gcc/arm-none-eabi/14.2.1/thumb/v6-m/nofp\libg.a(libc_a-fclose.o)
                0x1000dc70                _fclose_r
 *(.fini)
 .fini          0x1000dd3c        0x4 C:/Users/mmadha/.pico-sdk/toolchain/14_2_Rel1/bin/../lib/gcc/arm-none-eabi/14.2.1/thumb/v6-m/nofp/crti.o
                0x1000dd3c                _fini
 .fini.__stub   0x1000dd40       0x70 linker stubs
 *crtbegin.o(.ctors)
 *crtbegin?.o(.ctors)
 *(EXCLUDE_FILE(*crtend.o *crtend?.o) .ctors)
 *(SORT_BY_NAME(.ctors.*))
 *(.ctors)
 *crtbegin.o(.dtors)
 *crtbegin?.o(.dtors)