Archive member included to satisfy reference by file (symbol)

file_processing/libfile_processing.a(file_processing.c.obj)
                              app/CMakeFiles/app_main.dir/main.c.obj (file_processing_main)
hardware_processing/libhardware_processing.a(spi_processing.c.obj)
                              app/CMakeFiles/app_main.dir/main.c.obj (hardware_processing)
hardware_processing/libhardware_processing.a(spi.c.obj)
                              hardware_processing/libhardware_processing.a(spi_processing.c.obj) (spi_init)
fatfs/libfatfs_lib.a(ff.c.obj)
                              file_processing/libfile_processing.a(file_processing.c.obj) (f_mount)
fatfs/libfatfs_lib.a(ffunicode.c.obj)
                              fatfs/libfatfs_lib.a(ff.c.obj) (ff_uni2oem)
fatfs/libfatfs_lib.a(msc_app.c.obj)
                              app/CMakeFiles/app_main.dir/main.c.obj (msc_app_task)
c:/progra~2/gnuarm~1/102021~1.10/bin/../lib/gcc/arm-none-eabi/10.3.1/thumb/v6-m/nofp\libgcc.a(_dvmd_tls.o)
                              app/CMakeFiles/app_main.dir/C_/Users/mmadha/.pico-sdk/sdk/2.2.0/src/rp2_common/pico_divider/divider_hardware.S.obj (__aeabi_idiv0)
c:/progra~2/gnuarm~1/102021~1.10/bin/../lib/gcc/arm-none-eabi/10.3.1/../../../../arm-none-eabi/lib/thumb/v6-m/nofp\libg.a(lib_a-calloc.o)
                              app/CMakeFiles/app_main.dir/C_/Users/mmadha/.pico-sdk/sdk/2.2.0/src/rp2_common/pico_malloc/malloc.c.obj (calloc)
c:/progra~2/gnuarm~1/102021~1.10/bin/../lib/gcc/arm-none-eabi/10.3.1/../../../../arm-none-eabi/lib/thumb/v6-m/nofp\libg.a(lib_a-callocr.o)
                              c:/progra~2/gnuarm~1/102021~1.10/bin/../lib/gcc/arm-none-eabi/10.3.1/../../../../arm-none-eabi/lib/thumb/v6-m/nofp\libg.a(lib_a-calloc.o) (_calloc_r)
c:/progra~2/gnuarm~1/102021~1.10/bin/../lib/gcc/arm-none-eabi/10.3.1/../../../../arm-none-eabi/lib/thumb/v6-m/nofp\libg.a(lib_a-ctype_.o)
                              app/CMakeFiles/app_main.dir/H_/tinyusb/src/tusb.c.obj (_ctype_)
c:/progra~2/gnuarm~1/102021~1.10/bin/../lib/gcc/arm-none-eabi/10.3.1/../../../../arm-none-eabi/lib/thumb/v6-m/nofp\libg.a(lib_a-errno.o)
                              c:/progra~2/gnuarm~1/102021~1.10/bin/../lib/gcc/arm-none-eabi/10.3.1/../../../../arm-none-eabi/lib/thumb/v6-m/nofp\libg.a(lib_a-callocr.o) (__errno)
c:/progra~2/gnuarm~1/102021~1.10/bin/../lib/gcc/arm-none-eabi/10.3.1/../../../../arm-none-eabi/lib/thumb/v6-m/nofp\libg.a(lib_a-impure.o)
                              fatfs/libfatfs_lib.a(msc_app.c.obj) (_impure_ptr)
c:/progra~2/gnuarm~1/102021~1.10/bin/../lib/gcc/arm-none-eabi/10.3.1/../../../../arm-none-eabi/lib/thumb/v6-m/nofp\libg.a(lib_a-init.o)
                              c:/progra~2/gnuarm~1/102021~1.10/bin/../lib/gcc/arm-none-eabi/10.3.1/../../../../arm-none-eabi/lib/thumb/v6-m/nofp/crt0.o (__libc_init_array)
c:/progra~2/gnuarm~1/102021~1.10/bin/../lib/gcc/arm-none-eabi/10.3.1/../../../../arm-none-eabi/lib/thumb/v6-m/nofp\libg.a(lib_a-lcltime_r.o)
                              app/CMakeFiles/app_main.dir/C_/Users/mmadha/.pico-sdk/sdk/2.2.0/src/common/pico_util/datetime.c.obj (localtime_r)
c:/progra~2/gnuarm~1/102021~1.10/bin/../lib/gcc/arm-none-eabi/10.3.1/../../../../arm-none-eabi/lib/thumb/v6-m/nofp\libg.a(lib_a-malloc.o)
                              app/CMakeFiles/app_main.dir/C_/Users/mmadha/.pico-sdk/sdk/2.2.0/src/rp2_common/pico_malloc/malloc.c.obj (malloc)
c:/progra~2/gnuarm~1/102021~1.10/bin/../lib/gcc/arm-none-eabi/10.3.1/../../../../arm-none-eabi/lib/thumb/v6-m/nofp\libg.a(lib_a-mallocr.o)
                              c:/progra~2/gnuarm~1/102021~1.10/bin/../lib/gcc/arm-none-eabi/10.3.1/../../../../arm-none-eabi/lib/thumb/v6-m/nofp\libg.a(lib_a-callocr.o) (_malloc_r)
c:/progra~2/gnuarm~1/102021~1.10/bin/../lib/gcc/arm-none-eabi/10.3.1/../../../../arm-none-eabi/lib/thumb/v6-m/nofp\libg.a(lib_a-memcmp.o)
                              app/CMakeFiles/app_main.dir/C_/Users/mmadha/.pico-sdk/sdk/2.2.0/src/rp2_common/pico_atomic/atomic.c.obj (memcmp)
c:/progra~2/gnuarm~1/102021~1.10/bin/../lib/gcc/arm-none-eabi/10.3.1/../../../../arm-none-eabi/lib/thumb/v6-m/nofp\libg.a(lib_a-memmove.o)
                              fatfs/libfatfs_lib.a(msc_app.c.obj) (memmove)
c:/progra~2/gnuarm~1/102021~1.10/bin/../lib/gcc/arm-none-eabi/10.3.1/../../../../arm-none-eabi/lib/thumb/v6-m/nofp\libg.a(lib_a-mktime.o)
                              app/CMakeFiles/app_main.dir/C_/Users/mmadha/.pico-sdk/sdk/2.2.0/src/common/pico_util/datetime.c.obj (mktime)
c:/progra~2/gnuarm~1/102021~1.10/bin/../lib/gcc/arm-none-eabi/10.3.1/../../../../arm-none-eabi/lib/thumb/v6-m/nofp\libg.a(lib_a-mlock.o)
                              c:/progra~2/gnuarm~1/102021~1.10/bin/../lib/gcc/arm-none-eabi/10.3.1/../../../../arm-none-eabi/lib/thumb/v6-m/nofp\libg.a(lib_a-mallocr.o) (__malloc_lock)
c:/progra~2/gnuarm~1/102021~1.10/bin/../lib/gcc/arm-none-eabi/10.3.1/../../../../arm-none-eabi/lib/thumb/v6-m/nofp\libg.a(lib_a-month_lengths.o)
[...]
Memory Configuration

Name             Origin             Length             Attributes
FLASH            0x10000000         0x00200000         xr
RAM              0x20000000         0x00040000         xrw
SCRATCH_X        0x20040000         0x00001000         xrw
SCRATCH_Y        0x20041000         0x00001000         xrw
*default*        0x00000000         0xffffffff

Linker script and memory map

LOAD c:/progra~2/gnuarm~1/102021~1.10/bin/../lib/gcc/arm-none-eabi/10.3.1/thumb/v6-m/nofp/crti.o
LOAD c:/progra~2/gnuarm~1/102021~1.10/bin/../lib/gcc/arm-none-eabi/10.3.1/thumb/v6-m/nofp/crtbegin.o
LOAD c:/progra~2/gnuarm~1/102021~1.10/bin/../lib/gcc/arm-none-eabi/10.3.1/../../../../arm-none-eabi/lib/thumb/v6-m/nofp/crt0.o

.flash_begin    0x10000000        0x0
                0x10000000                __flash_binary_start = .

.boot2          0x10000000      0x100
                0x10000000                __boot2_start__ = .
 *(.boot2)
 .boot2         0x10000000      0x100 pico-sdk/src/rp2040/boot_stage2/CMakeFiles/bs2_default_library.dir/./bs2_default_padded_checksummed.S.obj
                0x10000100                __boot2_end__ = .
                0x00000001                ASSERT (((__boot2_end__ - __boot2_start__) == 0x100), ERROR: Pico second stage bootloader must be 256 bytes in size)

.text           0x10000100     0xde0c
                0x10000100                __logical_binary_start = .
 *(.vectors)
 .vectors       0x10000100       0xd4 app/CMakeFiles/app_main.dir/C_/Users/mmadha/.pico-sdk/sdk/2.2.0/src/rp2_common/pico_crt0/crt0.S.obj
                0x10000100                __VECTOR_TABLE
                0x10000100                __vectors
                0x100001c0                isr_irq13
                0x100001c0                isr_irq27
                0x100001c0                isr_irq31
                0x100001c0                isr_irq12
                0x100001c0                isr_irq5
                0x100001c0                isr_irq11
                0x100001c0                isr_irq3
                0x100001c0                isr_irq23
                0x100001c0                __unhandled_user_irq
                0x100001c0                isr_irq26
                0x100001c0                isr_irq28
                0x100001c0                isr_irq19
                0x100001c0                isr_irq0
                0x100001c0                isr_irq6
                0x100001c0                isr_irq29
                0x100001c0                isr_irq16
                0x100001c0                isr_irq22
                0x100001c0                isr_irq18
                0x100001c0                isr_irq17
                0x100001c0                isr_irq14
                0x100001c0                __vectors_end
                0x100001c0                __default_isrs_start
                0x100001c0                isr_irq2
                0x100001c0                isr_irq10
                0x100001c0                isr_irq8
                0x100001c0                isr_irq24
                0x100001c0                isr_irq1
                0x100001c0                isr_irq7
                0x100001c0                isr_irq21
                0x100001c0                isr_irq20
                0x100001c0                isr_irq15
                0x100001c0                isr_irq25
                0x100001c0                isr_irq4
                0x100001c0                isr_irq30
                0x100001c0                isr_irq9
                0x100001c6                unhandled_user_irq_num_in_r0
                0x100001c8                isr_invalid
                0x100001ca                isr_nmi
                0x100001cc                isr_hardfault
                0x100001ce                isr_svcall
                0x100001d0                isr_pendsv
                0x100001d2                isr_systick
                0x100001d4                __default_isrs_end
 *(.binary_info_header)
 .binary_info_header
                0x100001d4       0x14 app/CMakeFiles/app_main.dir/C_/Users/mmadha/.pico-sdk/sdk/2.2.0/src/rp2_common/pico_crt0/crt0.S.obj
                0x100001e8                __binary_info_header_end = .
 *(.embedded_block)
                0x100001e8                __embedded_block_end = .
 *(.reset)
 .reset         0x100001e8       0x9c app/CMakeFiles/app_main.dir/C_/Users/mmadha/.pico-sdk/sdk/2.2.0/src/rp2_common/pico_crt0/crt0.S.obj
                0x100001e8                _entry_point
 *(.init)
 .init          0x10000284        0x4 c:/progra~2/gnuarm~1/102021~1.10/bin/../lib/gcc/arm-none-eabi/10.3.1/thumb/v6-m/nofp/crti.o
                0x10000284                _init
 *(EXCLUDE_FILE(*libm.a: *libc.a:*lib_a-mem*.o *libgcc.a:) .text*)
 .text          0x10000288       0x48 c:/progra~2/gnuarm~1/102021~1.10/bin/../lib/gcc/arm-none-eabi/10.3.1/thumb/v6-m/nofp/crtbegin.o
 .text.tuh_mount_cb
                0x100002d0        0x2 app/CMakeFiles/app_main.dir/main.c.obj
                0x100002d0                tuh_mount_cb
 .text.tuh_umount_cb
                0x100002d2        0x2 app/CMakeFiles/app_main.dir/main.c.obj
                0x100002d2                tuh_umount_cb
 .text.led_blinking_task
                0x100002d4       0x50 app/CMakeFiles/app_main.dir/main.c.obj
                0x100002d4                led_blinking_task
 .text.main     0x10000324       0xa0 app/CMakeFiles/app_main.dir/main.c.obj
                0x10000324                main
 .text.tusb_time_delay_ms_api
                0x100003c4        0x8 app/CMakeFiles/app_main.dir/main.c.obj
                0x100003c4                tusb_time_delay_ms_api
 .text.tuh_hid_report_received_cb
                0x100003cc        0x2 app/CMakeFiles/app_main.dir/main.c.obj
                0x100003cc                tuh_hid_report_received_cb
 *fill*         0x100003ce        0x2 
 .text.get_dev_ep
                0x100003d0       0x38 app/CMakeFiles/app_main.dir/H_/tinyusb/src/portable/raspberrypi/rp2040/hcd_rp2040.c.obj
 .text._next_free_interrupt_ep
                0x10000408       0x24 app/CMakeFiles/app_main.dir/H_/tinyusb/src/portable/raspberrypi/rp2040/hcd_rp2040.c.obj
 .text.hw_xfer_complete
                0x1000042c       0x40 app/CMakeFiles/app_main.dir/H_/tinyusb/src/portable/raspberrypi/rp2040/hcd_rp2040.c.obj
 .text.hw_trans_complete
                0x1000046c       0x40 app/CMakeFiles/app_main.dir/H_/tinyusb/src/portable/raspberrypi/rp2040/hcd_rp2040.c.obj
 .text._handle_buff_status_bit
                0x100004ac       0x40 app/CMakeFiles/app_main.dir/H_/tinyusb/src/portable/raspberrypi/rp2040/hcd_rp2040.c.obj
 .text.hw_handle_buff_status
                0x100004ec       0x68 app/CMakeFiles/app_main.dir/H_/tinyusb/src/portable/raspberrypi/rp2040/hcd_rp2040.c.obj
 .text.hcd_rp2040_irq
                0x10000554       0xec app/CMakeFiles/app_main.dir/H_/tinyusb/src/portable/raspberrypi/rp2040/hcd_rp2040.c.obj
 .text._hw_endpoint_allocate
                0x10000640       0x8c app/CMakeFiles/app_main.dir/H_/tinyusb/src/portable/raspberrypi/rp2040/hcd_rp2040.c.obj
 .text.hcd_init
                0x100006cc       0x70 app/CMakeFiles/app_main.dir/H_/tinyusb/src/portable/raspberrypi/rp2040/hcd_rp2040.c.obj
                0x100006cc                hcd_init
 .text.hcd_port_reset
                0x1000073c       0x24 app/CMakeFiles/app_main.dir/H_/tinyusb/src/portable/raspberrypi/rp2040/hcd_rp2040.c.obj
                0x1000073c                hcd_port_reset
 .text.hcd_port_reset_end
                0x10000760        0x2 app/CMakeFiles/app_main.dir/H_/tinyusb/src/portable/raspberrypi/rp2040/hcd_rp2040.c.obj
                0x10000760                hcd_port_reset_end
 *fill*         0x10000762        0x2 
 .text.hcd_port_connect_status
                0x10000764       0x44 app/CMakeFiles/app_main.dir/H_/tinyusb/src/portable/raspberrypi/rp2040/hcd_rp2040.c.obj
                0x10000764                hcd_port_connect_status
 .text.hcd_port_speed_get
                0x100007a8       0x48 app/CMakeFiles/app_main.dir/H_/tinyusb/src/portable/raspberrypi/rp2040/hcd_rp2040.c.obj
                0x100007a8                hcd_port_speed_get
 .text._hw_endpoint_init
                0x100007f0      0x128 app/CMakeFiles/app_main.dir/H_/tinyusb/src/portable/raspberrypi/rp2040/hcd_rp2040.c.obj
 .text.hcd_device_close
                0x10000918       0x90 app/CMakeFiles/app_main.dir/H_/tinyusb/src/portable/raspberrypi/rp2040/hcd_rp2040.c.obj
                0x10000918                hcd_device_close
 .text.hcd_int_enable
                0x100009a8       0x2c app/CMakeFiles/app_main.dir/H_/tinyusb/src/portable/raspberrypi/rp2040/hcd_rp2040.c.obj
                0x100009a8                hcd_int_enable
 .text.hcd_edpt_open
                0x100009d4       0x58 app/CMakeFiles/app_main.dir/H_/tinyusb/src/portable/raspberrypi/rp2040/hcd_rp2040.c.obj
                0x100009d4                hcd_edpt_open
 .text.hcd_edpt_xfer
                0x10000a2c      0x110 app/CMakeFiles/app_main.dir/H_/tinyusb/src/portable/raspberrypi/rp2040/hcd_rp2040.c.obj
                0x10000a2c                hcd_edpt_xfer
 .text.hcd_edpt_abort_xfer
                0x10000b3c        0x4 app/CMakeFiles/app_main.dir/H_/tinyusb/src/portable/raspberrypi/rp2040/hcd_rp2040.c.obj
                0x10000b3c                hcd_edpt_abort_xfer
 .text.hcd_setup_send
                0x10000b40       0xcc app/CMakeFiles/app_main.dir/H_/tinyusb/src/portable/raspberrypi/rp2040/hcd_rp2040.c.obj
                0x10000b40                hcd_setup_send
 .text.unaligned_memcpy
                0x10000c0c       0x14 app/CMakeFiles/app_main.dir/H_/tinyusb/src/portable/raspberrypi/rp2040/rp2040_usb.c.obj
 .text.prepare_ep_buffer
                0x10000c20       0x70 app/CMakeFiles/app_main.dir/H_/tinyusb/src/portable/raspberrypi/rp2040/rp2040_usb.c.obj
 .text.sync_ep_buffer
                0x10000c90       0x7c app/CMakeFiles/app_main.dir/H_/tinyusb/src/portable/raspberrypi/rp2040/rp2040_usb.c.obj
 .text._hw_endpoint_xfer_sync
                0x10000d0c       0x28 app/CMakeFiles/app_main.dir/H_/tinyusb/src/portable/raspberrypi/rp2040/rp2040_usb.c.obj
 .text.rp2040_usb_init
                0x10000d34       0x50 app/CMakeFiles/app_main.dir/H_/tinyusb/src/portable/raspberrypi/rp2040/rp2040_usb.c.obj
                0x10000d34                rp2040_usb_init
 .text.hw_endpoint_reset_transfer
                0x10000d84        0xc app/CMakeFiles/app_main.dir/H_/tinyusb/src/portable/raspberrypi/rp2040/rp2040_usb.c.obj
                0x10000d84                hw_endpoint_reset_transfer
 .text._hw_endpoint_buffer_control_update32
                0x10000d90       0x4c app/CMakeFiles/app_main.dir/H_/tinyusb/src/portable/raspberrypi/rp2040/rp2040_usb.c.obj
                0x10000d90                _hw_endpoint_buffer_control_update32
 .text.hw_endpoint_start_next_buffer
                0x10000ddc       0x88 app/CMakeFiles/app_main.dir/H_/tinyusb/src/portable/raspberrypi/rp2040/rp2040_usb.c.obj
                0x10000ddc                hw_endpoint_start_next_buffer
 .text.hw_endpoint_xfer_start
                0x10000e64       0x38 app/CMakeFiles/app_main.dir/H_/tinyusb/src/portable/raspberrypi/rp2040/rp2040_usb.c.obj
                0x10000e64                hw_endpoint_xfer_start
 .text.hw_endpoint_xfer_continue
                0x10000e9c       0x30 app/CMakeFiles/app_main.dir/H_/tinyusb/src/portable/raspberrypi/rp2040/rp2040_usb.c.obj
                0x10000e9c                hw_endpoint_xfer_continue
 .text._control_blocking_complete_cb
                0x10000ecc        0x8 app/CMakeFiles/app_main.dir/H_/tinyusb/src/host/usbh.c.obj
 .text.enum_get_new_address
                0x10000ed4       0x38 app/CMakeFiles/app_main.dir/H_/tinyusb/src/host/usbh.c.obj
 .text.clear_device
                0x10000f0c       0x26 app/CMakeFiles/app_main.dir/H_/tinyusb/src/host/usbh.c.obj
 *fill*         0x10000f32        0x2 
 .text._control_xfer_complete
                0x10000f34       0x7c app/CMakeFiles/app_main.dir/H_/tinyusb/src/host/usbh.c.obj
 .text.enum_full_complete
                0x10000fb0       0x1c app/CMakeFiles/app_main.dir/H_/tinyusb/src/host/usbh.c.obj
 .text.enum_parse_configuration_desc
                0x10000fcc      0x1cc app/CMakeFiles/app_main.dir/H_/tinyusb/src/host/usbh.c.obj
 .text.process_removed_device
                0x10001198      0x1a0 app/CMakeFiles/app_main.dir/H_/tinyusb/src/host/usbh.c.obj
 .text.tuh_enum_descriptor_device_cb
                0x10001338        0x2 app/CMakeFiles/app_main.dir/H_/tinyusb/src/host/usbh.c.obj
                0x10001338                tuh_enum_descriptor_device_cb
 .text.tuh_enum_descriptor_configuration_cb
                0x1000133a        0x4 app/CMakeFiles/app_main.dir/H_/tinyusb/src/host/usbh.c.obj
                0x1000133a                tuh_enum_descriptor_configuration_cb
 .text.tuh_event_hook_cb
                0x1000133e        0x2 app/CMakeFiles/app_main.dir/H_/tinyusb/src/host/usbh.c.obj
                0x1000133e                tuh_event_hook_cb
 .text.tuh_connected
                0x10001340       0x44 app/CMakeFiles/app_main.dir/H_/tinyusb/src/host/usbh.c.obj
                0x10001340                tuh_connected
 .text.tuh_rhport_is_active
                0x10001384       0x14 app/CMakeFiles/app_main.dir/H_/tinyusb/src/host/usbh.c.obj
                0x10001384                tuh_rhport_is_active
 .text.tuh_inited
                0x10001398       0x14 app/CMakeFiles/app_main.dir/H_/tinyusb/src/host/usbh.c.obj
                0x10001398                tuh_inited
 .text.tuh_rhport_init
                0x100013ac      0x1c4 app/CMakeFiles/app_main.dir/H_/tinyusb/src/host/usbh.c.obj
                0x100013ac                tuh_rhport_init
 .text.tuh_task_event_ready
                0x10001570       0x20 app/CMakeFiles/app_main.dir/H_/tinyusb/src/host/usbh.c.obj
                0x10001570                tuh_task_event_ready
 .text.usbh_get_enum_buf
                0x10001590        0x8 app/CMakeFiles/app_main.dir/H_/tinyusb/src/host/usbh.c.obj
                0x10001590                usbh_get_enum_buf
 .text.usbh_edpt_claim
                0x10001598       0x74 app/CMakeFiles/app_main.dir/H_/tinyusb/src/host/usbh.c.obj
                0x10001598                usbh_edpt_claim
 .text.usbh_edpt_release
                0x1000160c       0x68 app/CMakeFiles/app_main.dir/H_/tinyusb/src/host/usbh.c.obj
                0x1000160c                usbh_edpt_release
 .text.usbh_edpt_xfer_with_callback
                0x10001674       0xd4 app/CMakeFiles/app_main.dir/H_/tinyusb/src/host/usbh.c.obj
                0x10001674                usbh_edpt_xfer_with_callback
 .text.tuh_bus_info_get
                0x10001748       0x3c app/CMakeFiles/app_main.dir/H_/tinyusb/src/host/usbh.c.obj
                0x10001748                tuh_bus_info_get
 .text.tuh_speed_get
                0x10001784       0x12 app/CMakeFiles/app_main.dir/H_/tinyusb/src/host/usbh.c.obj
                0x10001784                tuh_speed_get
 .text.usbh_get_rhport
                0x10001796       0x12 app/CMakeFiles/app_main.dir/H_/tinyusb/src/host/usbh.c.obj
                0x10001796                usbh_get_rhport
 .text.usbh_edpt_control_open
                0x100017a8       0x44 app/CMakeFiles/app_main.dir/H_/tinyusb/src/host/usbh.c.obj
 .text.tuh_edpt_abort_xfer
                0x100017ec       0xf8 app/CMakeFiles/app_main.dir/H_/tinyusb/src/host/usbh.c.obj
                0x100017ec                tuh_edpt_abort_xfer
 .text.usbh_control_xfer_cb
                0x100018e4      0x280 app/CMakeFiles/app_main.dir/H_/tinyusb/src/host/usbh.c.obj
 .text.tuh_edpt_open
                0x10001b64       0x44 app/CMakeFiles/app_main.dir/H_/tinyusb/src/host/usbh.c.obj
                0x10001b64                tuh_edpt_open
 .text.usbh_driver_set_config_complete
                0x10001ba8       0xb4 app/CMakeFiles/app_main.dir/H_/tinyusb/src/host/usbh.c.obj
                0x10001ba8                usbh_driver_set_config_complete
 .text.process_enumeration
                0x10001c5c      0x630 app/CMakeFiles/app_main.dir/H_/tinyusb/src/host/usbh.c.obj
 .text.enum_new_device
                0x1000228c       0xe4 app/CMakeFiles/app_main.dir/H_/tinyusb/src/host/usbh.c.obj
 .text.tuh_task_ext
                0x10002370      0x2ac app/CMakeFiles/app_main.dir/H_/tinyusb/src/host/usbh.c.obj
                0x10002370                tuh_task_ext
 .text.tuh_control_xfer
                0x1000261c      0x1dc app/CMakeFiles/app_main.dir/H_/tinyusb/src/host/usbh.c.obj
                0x1000261c                tuh_control_xfer
 .text.tuh_descriptor_get
                0x100027f8       0x64 app/CMakeFiles/app_main.dir/H_/tinyusb/src/host/usbh.c.obj
                0x100027f8                tuh_descriptor_get
 .text.tuh_descriptor_get_device
                0x1000285c       0x24 app/CMakeFiles/app_main.dir/H_/tinyusb/src/host/usbh.c.obj
                0x1000285c                tuh_descriptor_get_device
 .text.tuh_descriptor_get_configuration
                0x10002880       0x1c app/CMakeFiles/app_main.dir/H_/tinyusb/src/host/usbh.c.obj
                0x10002880                tuh_descriptor_get_configuration
 .text.tuh_descriptor_get_string
                0x1000289c       0x64 app/CMakeFiles/app_main.dir/H_/tinyusb/src/host/usbh.c.obj
                0x1000289c                tuh_descriptor_get_string
 .text.tuh_descriptor_get_hid_report
                0x10002900       0x88 app/CMakeFiles/app_main.dir/H_/tinyusb/src/host/usbh.c.obj
                0x10002900                tuh_descriptor_get_hid_report
 .text.tuh_address_set
                0x10002988       0x84 app/CMakeFiles/app_main.dir/H_/tinyusb/src/host/usbh.c.obj
                0x10002988                tuh_address_set
 .text.tuh_configuration_set
                0x10002a0c       0x64 app/CMakeFiles/app_main.dir/H_/tinyusb/src/host/usbh.c.obj
                0x10002a0c                tuh_configuration_set
 .text.port_get_status_complete
                0x10002a70       0x3c app/CMakeFiles/app_main.dir/H_/tinyusb/src/host/hub.c.obj
 .text.hub_port_clear_feature
                0x10002aac       0xa0 app/CMakeFiles/app_main.dir/H_/tinyusb/src/host/hub.c.obj
                0x10002aac                hub_port_clear_feature
 .text.hub_port_set_feature
                0x10002b4c       0xa0 app/CMakeFiles/app_main.dir/H_/tinyusb/src/host/hub.c.obj
                0x10002b4c                hub_port_set_feature
 .text.config_set_port_power
                0x10002bec       0x58 app/CMakeFiles/app_main.dir/H_/tinyusb/src/host/hub.c.obj
 .text.hub_port_get_status
                0x10002c44       0xb0 app/CMakeFiles/app_main.dir/H_/tinyusb/src/host/hub.c.obj
                0x10002c44                hub_port_get_status
 .text.hub_port_get_status_local
                0x10002cf4       0x20 app/CMakeFiles/app_main.dir/H_/tinyusb/src/host/hub.c.obj
                0x10002cf4                hub_port_get_status_local
 .text.hub_init
                0x10002d14       0x14 app/CMakeFiles/app_main.dir/H_/tinyusb/src/host/hub.c.obj
                0x10002d14                hub_init
 .text.hub_deinit
                0x10002d28        0x4 app/CMakeFiles/app_main.dir/H_/tinyusb/src/host/hub.c.obj
                0x10002d28                hub_deinit
 .text.hub_open
                0x10002d2c       0x90 app/CMakeFiles/app_main.dir/H_/tinyusb/src/host/hub.c.obj
                0x10002d2c                hub_open
 .text.hub_close
                0x10002dbc       0x34 app/CMakeFiles/app_main.dir/H_/tinyusb/src/host/hub.c.obj
                0x10002dbc                hub_close
 .text.hub_edpt_status_xfer
                0x10002df0       0x58 app/CMakeFiles/app_main.dir/H_/tinyusb/src/host/hub.c.obj
                0x10002df0                hub_edpt_status_xfer
 .text.config_port_power_complete
                0x10002e48       0x80 app/CMakeFiles/app_main.dir/H_/tinyusb/src/host/hub.c.obj
 .text.process_new_status
                0x10002ec8      0x180 app/CMakeFiles/app_main.dir/H_/tinyusb/src/host/hub.c.obj
 .text.hub_set_config
                0x10003048       0x80 app/CMakeFiles/app_main.dir/H_/tinyusb/src/host/hub.c.obj
                0x10003048                hub_set_config
 .text.hub_xfer_cb
                0x100030c8       0xa8 app/CMakeFiles/app_main.dir/H_/tinyusb/src/host/hub.c.obj
                0x100030c8                hub_xfer_cb
 .text.get_idx_by_epaddr
                0x10003170       0x44 app/CMakeFiles/app_main.dir/H_/tinyusb/src/class/hid/hid_host.c.obj
 .text.find_new_itf
                0x100031b4       0x28 app/CMakeFiles/app_main.dir/H_/tinyusb/src/class/hid/hid_host.c.obj
 .text._hidh_set_protocol
                0x100031dc       0x78 app/CMakeFiles/app_main.dir/H_/tinyusb/src/class/hid/hid_host.c.obj
 .text._hidh_set_idle
                0x10003254       0x74 app/CMakeFiles/app_main.dir/H_/tinyusb/src/class/hid/hid_host.c.obj
 .text.config_driver_mount_complete
                0x100032c8       0x58 app/CMakeFiles/app_main.dir/H_/tinyusb/src/class/hid/hid_host.c.obj
 .text.tuh_hid_itf_get_index
                0x10003320       0x38 app/CMakeFiles/app_main.dir/H_/tinyusb/src/class/hid/hid_host.c.obj
                0x10003320                tuh_hid_itf_get_index
 .text.process_set_config
                0x10003358      0x130 app/CMakeFiles/app_main.dir/H_/tinyusb/src/class/hid/hid_host.c.obj
 .text.hidh_init
                0x10003488       0x20 app/CMakeFiles/app_main.dir/H_/tinyusb/src/class/hid/hid_host.c.obj
                0x10003488                hidh_init
 .text.hidh_deinit
                0x100034a8        0x4 app/CMakeFiles/app_main.dir/H_/tinyusb/src/class/hid/hid_host.c.obj
                0x100034a8                hidh_deinit
 .text.hidh_xfer_cb
                0x100034ac       0x94 app/CMakeFiles/app_main.dir/H_/tinyusb/src/class/hid/hid_host.c.obj
                0x100034ac                hidh_xfer_cb
 .text.hidh_close
                0x10003540       0x58 app/CMakeFiles/app_main.dir/H_/tinyusb/src/class/hid/hid_host.c.obj
                0x10003540                hidh_close
 .text.hidh_open
                0x10003598      0x140 app/CMakeFiles/app_main.dir/H_/tinyusb/src/class/hid/hid_host.c.obj
                0x10003598                hidh_open
 .text.hidh_set_config
                0x100036d8       0x22 app/CMakeFiles/app_main.dir/H_/tinyusb/src/class/hid/hid_host.c.obj
                0x100036d8                hidh_set_config
 *fill*         0x100036fa        0x2 
 .text.config_read_capacity_complete
                0x100036fc       0x80 app/CMakeFiles/app_main.dir/H_/tinyusb/src/class/msc/msc_host.c.obj
 .text.tuh_msc_get_block_count
                0x1000377c       0x18 app/CMakeFiles/app_main.dir/H_/tinyusb/src/class/msc/msc_host.c.obj
                0x1000377c                tuh_msc_get_block_count
 .text.tuh_msc_get_block_size
                0x10003794       0x18 app/CMakeFiles/app_main.dir/H_/tinyusb/src/class/msc/msc_host.c.obj
                0x10003794                tuh_msc_get_block_size
 .text.tuh_msc_mounted
                0x100037ac       0x14 app/CMakeFiles/app_main.dir/H_/tinyusb/src/class/msc/msc_host.c.obj
                0x100037ac                tuh_msc_mounted
 .text.tuh_msc_scsi_command
                0x100037c0       0x90 app/CMakeFiles/app_main.dir/H_/tinyusb/src/class/msc/msc_host.c.obj
                0x100037c0                tuh_msc_scsi_command
 .text.tuh_msc_read_capacity
                0x10003850       0x68 app/CMakeFiles/app_main.dir/H_/tinyusb/src/class/msc/msc_host.c.obj
                0x10003850                tuh_msc_read_capacity
 .text.tuh_msc_inquiry
                0x100038b8       0x84 app/CMakeFiles/app_main.dir/H_/tinyusb/src/class/msc/msc_host.c.obj
                0x100038b8                tuh_msc_inquiry
 .text.tuh_msc_test_unit_ready
                0x1000393c       0x5c app/CMakeFiles/app_main.dir/H_/tinyusb/src/class/msc/msc_host.c.obj
                0x1000393c                tuh_msc_test_unit_ready
 .text.config_get_maxlun_complete
                0x10003998       0x60 app/CMakeFiles/app_main.dir/H_/tinyusb/src/class/msc/msc_host.c.obj
 .text.config_request_sense_complete
                0x100039f8       0x48 app/CMakeFiles/app_main.dir/H_/tinyusb/src/class/msc/msc_host.c.obj
 .text.tuh_msc_request_sense
                0x10003a40       0x70 app/CMakeFiles/app_main.dir/H_/tinyusb/src/class/msc/msc_host.c.obj
                0x10003a40                tuh_msc_request_sense
 .text.config_test_unit_ready_complete
                0x10003ab0       0x74 app/CMakeFiles/app_main.dir/H_/tinyusb/src/class/msc/msc_host.c.obj
 .text.tuh_msc_read10
                0x10003b24       0xcc app/CMakeFiles/app_main.dir/H_/tinyusb/src/class/msc/msc_host.c.obj
                0x10003b24                tuh_msc_read10
 .text.tuh_msc_write10
                0x10003bf0       0xc4 app/CMakeFiles/app_main.dir/H_/tinyusb/src/class/msc/msc_host.c.obj
                0x10003bf0                tuh_msc_write10
 .text.msch_init
                0x10003cb4       0x2c app/CMakeFiles/app_main.dir/H_/tinyusb/src/class/msc/msc_host.c.obj
                0x10003cb4                msch_init
 .text.msch_deinit
                0x10003ce0        0x4 app/CMakeFiles/app_main.dir/H_/tinyusb/src/class/msc/msc_host.c.obj
                0x10003ce0                msch_deinit
 .text.msch_close
                0x10003ce4       0x54 app/CMakeFiles/app_main.dir/H_/tinyusb/src/class/msc/msc_host.c.obj
                0x10003ce4                msch_close
 .text.msch_xfer_cb
                0x10003d38      0x134 app/CMakeFiles/app_main.dir/H_/tinyusb/src/class/msc/msc_host.c.obj
                0x10003d38                msch_xfer_cb
 .text.msch_open
                0x10003e6c       0xd8 app/CMakeFiles/app_main.dir/H_/tinyusb/src/class/msc/msc_host.c.obj
                0x10003e6c                msch_open
 .text.msch_set_config
                0x10003f44       0xb4 app/CMakeFiles/app_main.dir/H_/tinyusb/src/class/msc/msc_host.c.obj
                0x10003f44                msch_set_config
 .text.dump_str_line
                0x10003ff8       0x40 app/CMakeFiles/app_main.dir/H_/tinyusb/src/tusb.c.obj
 .text.tusb_rhport_init
                0x10004038       0x7c app/CMakeFiles/app_main.dir/H_/tinyusb/src/tusb.c.obj
                0x10004038                tusb_rhport_init
 .text.tu_edpt_claim
                0x100040b4       0x50 app/CMakeFiles/app_main.dir/H_/tinyusb/src/tusb.c.obj
                0x100040b4                tu_edpt_claim
 .text.tu_edpt_release
                0x10004104       0x3c app/CMakeFiles/app_main.dir/H_/tinyusb/src/tusb.c.obj
                0x10004104                tu_edpt_release
 .text.tu_edpt_validate
                0x10004140       0xfc app/CMakeFiles/app_main.dir/H_/tinyusb/src/tusb.c.obj
                0x10004140                tu_edpt_validate
 .text.tu_edpt_bind_driver
                0x1000423c       0x44 app/CMakeFiles/app_main.dir/H_/tinyusb/src/tusb.c.obj
                0x1000423c                tu_edpt_bind_driver
 .text.tu_desc_get_interface_total_len
                0x10004280       0x42 app/CMakeFiles/app_main.dir/H_/tinyusb/src/tusb.c.obj
                0x10004280                tu_desc_get_interface_total_len
 *fill*         0x100042c2        0x2 
 .text.tu_print_mem
                0x100042c4       0xe0 app/CMakeFiles/app_main.dir/H_/tinyusb/src/tusb.c.obj
                0x100042c4                tu_print_mem
 .text.advance_index
                0x100043a4       0x1a app/CMakeFiles/app_main.dir/H_/tinyusb/src/common/tusb_fifo.c.obj
 .text._tu_fifo_peek
                0x100043be       0x56 app/CMakeFiles/app_main.dir/H_/tinyusb/src/common/tusb_fifo.c.obj
 .text.tu_fifo_empty
                0x10004414       0x10 app/CMakeFiles/app_main.dir/H_/tinyusb/src/common/tusb_fifo.c.obj
                0x10004414                tu_fifo_empty
 .text.tu_fifo_full
                0x10004424       0x28 app/CMakeFiles/app_main.dir/H_/tinyusb/src/common/tusb_fifo.c.obj
                0x10004424                tu_fifo_full
 .text.tu_fifo_read
                0x1000444c       0x42 app/CMakeFiles/app_main.dir/H_/tinyusb/src/common/tusb_fifo.c.obj
                0x1000444c                tu_fifo_read
 .text.tu_fifo_write
                0x1000448e       0x64 app/CMakeFiles/app_main.dir/H_/tinyusb/src/common/tusb_fifo.c.obj
                0x1000448e                tu_fifo_write
 .text.tu_fifo_clear
                0x100044f2       0x3e app/CMakeFiles/app_main.dir/H_/tinyusb/src/common/tusb_fifo.c.obj
                0x100044f2                tu_fifo_clear
 .text.set_raw_irq_handler_and_unlock
                0x10004530       0x28 app/CMakeFiles/app_main.dir/C_/Users/mmadha/.pico-sdk/sdk/2.2.0/src/rp2_common/hardware_irq/irq.c.obj
 .text.nvic_ipr0
                0x10004558        0x8 app/CMakeFiles/app_main.dir/C_/Users/mmadha/.pico-sdk/sdk/2.2.0/src/rp2_common/hardware_irq/irq.c.obj
 .text.runtime_init_per_core_irq_priorities
                0x10004560       0x1c app/CMakeFiles/app_main.dir/C_/Users/mmadha/.pico-sdk/sdk/2.2.0/src/rp2_common/hardware_irq/irq.c.obj
                0x10004560                runtime_init_per_core_irq_priorities
 .text.make_j_16
                0x1000457c       0x4c app/CMakeFiles/app_main.dir/C_/Users/mmadha/.pico-sdk/sdk/2.2.0/src/rp2_common/hardware_irq/irq.c.obj
 .text.insert_bl_32
                0x100045c8       0x40 app/CMakeFiles/app_main.dir/C_/Users/mmadha/.pico-sdk/sdk/2.2.0/src/rp2_common/hardware_irq/irq.c.obj
 .text.irq_is_enabled
                0x10004608       0x18 app/CMakeFiles/app_main.dir/C_/Users/mmadha/.pico-sdk/sdk/2.2.0/src/rp2_common/hardware_irq/irq.c.obj
                0x10004608                irq_is_enabled
 .text.irq_set_mask_n_enabled
                0x10004620       0x1c app/CMakeFiles/app_main.dir/C_/Users/mmadha/.pico-sdk/sdk/2.2.0/src/rp2_common/hardware_irq/irq.c.obj
                0x10004620                irq_set_mask_n_enabled
 .text.irq_set_enabled
                0x1000463c       0x14 app/CMakeFiles/app_main.dir/C_/Users/mmadha/.pico-sdk/sdk/2.2.0/src/rp2_common/hardware_irq/irq.c.obj
                0x1000463c                irq_set_enabled
 .text.irq_get_vtable_handler
                0x10004650       0x10 app/CMakeFiles/app_main.dir/C_/Users/mmadha/.pico-sdk/sdk/2.2.0/src/rp2_common/hardware_irq/irq.c.obj
                0x10004650                irq_get_vtable_handler
 .text.irq_has_handler
                0x10004660       0x20 app/CMakeFiles/app_main.dir/C_/Users/mmadha/.pico-sdk/sdk/2.2.0/src/rp2_common/hardware_irq/irq.c.obj
                0x10004660                irq_has_handler
 .text.irq_set_exclusive_handler
                0x10004680       0x54 app/CMakeFiles/app_main.dir/C_/Users/mmadha/.pico-sdk/sdk/2.2.0/src/rp2_common/hardware_irq/irq.c.obj
                0x10004680                irq_set_exclusive_handler
 .text.irq_add_shared_handler
                0x100046d4      0x238 app/CMakeFiles/app_main.dir/C_/Users/mmadha/.pico-sdk/sdk/2.2.0/src/rp2_common/hardware_irq/irq.c.obj
                0x100046d4                irq_add_shared_handler
 .text.irq_remove_handler
                0x1000490c      0x1b0 app/CMakeFiles/app_main.dir/C_/Users/mmadha/.pico-sdk/sdk/2.2.0/src/rp2_common/hardware_irq/irq.c.obj
                0x1000490c                irq_remove_handler
 .text.irq_add_tail_to_free_list
                0x10004abc       0xf4 app/CMakeFiles/app_main.dir/C_/Users/mmadha/.pico-sdk/sdk/2.2.0/src/rp2_common/hardware_irq/irq.c.obj
                0x10004abc                irq_add_tail_to_free_list
 .text.panic    0x10004bb0       0x30 app/CMakeFiles/app_main.dir/C_/Users/mmadha/.pico-sdk/sdk/2.2.0/src/rp2_common/pico_platform_panic/panic.c.obj
                0x10004bb0                panic
 .text.hw_claim_lock
                0x10004be0       0x18 app/CMakeFiles/app_main.dir/C_/Users/mmadha/.pico-sdk/sdk/2.2.0/src/common/hardware_claim/claim.c.obj
                0x10004be0                hw_claim_lock
 .text.hw_claim_unlock
                0x10004bf8       0x14 app/CMakeFiles/app_main.dir/C_/Users/mmadha/.pico-sdk/sdk/2.2.0/src/common/hardware_claim/claim.c.obj
                0x10004bf8                hw_claim_unlock
 .text.hw_claim_or_assert
                0x10004c0c       0x32 app/CMakeFiles/app_main.dir/C_/Users/mmadha/.pico-sdk/sdk/2.2.0/src/common/hardware_claim/claim.c.obj
                0x10004c0c                hw_claim_or_assert
 .text.hw_claim_unused_from_range
                0x10004c3e       0x50 app/CMakeFiles/app_main.dir/C_/Users/mmadha/.pico-sdk/sdk/2.2.0/src/common/hardware_claim/claim.c.obj
                0x10004c3e                hw_claim_unused_from_range
 *fill*         0x10004c8e        0x2 
 .text.next_striped_spin_lock_num
                0x10004c90       0x1c app/CMakeFiles/app_main.dir/C_/Users/mmadha/.pico-sdk/sdk/2.2.0/src/rp2_common/hardware_sync/sync.c.obj
                0x10004c90                next_striped_spin_lock_num
 .text.spin_lock_claim_unused
                0x10004cac       0x20 app/CMakeFiles/app_main.dir/C_/Users/mmadha/.pico-sdk/sdk/2.2.0/src/rp2_common/hardware_sync/sync.c.obj
                0x10004cac                spin_lock_claim_unused
 .text.spin_locks_reset
                0x10004ccc       0x20 app/CMakeFiles/app_main.dir/C_/Users/mmadha/.pico-sdk/sdk/2.2.0/src/rp2_common/hardware_sync_spin_lock/sync_spin_lock.c.obj
                0x10004ccc                spin_locks_reset
 .text.lock_init
                0x10004cec       0x10 app/CMakeFiles/app_main.dir/C_/Users/mmadha/.pico-sdk/sdk/2.2.0/src/common/pico_sync/lock_core.c.obj
                0x10004cec                lock_init
 .text.mutex_init
                0x10004cfc       0x1a app/CMakeFiles/app_main.dir/C_/Users/mmadha/.pico-sdk/sdk/2.2.0/src/common/pico_sync/mutex.c.obj
                0x10004cfc                mutex_init
 .text.recursive_mutex_init
                0x10004d16       0x1e app/CMakeFiles/app_main.dir/C_/Users/mmadha/.pico-sdk/sdk/2.2.0/src/common/pico_sync/mutex.c.obj
                0x10004d16                recursive_mutex_init
 .text.runtime_init_mutex
                0x10004d34       0x4c app/CMakeFiles/app_main.dir/C_/Users/mmadha/.pico-sdk/sdk/2.2.0/src/common/pico_sync/mutex.c.obj
                0x10004d34                runtime_init_mutex
 .text.critical_section_init_with_lock_num
                0x10004d80       0x14 app/CMakeFiles/app_main.dir/C_/Users/mmadha/.pico-sdk/sdk/2.2.0/src/common/pico_sync/critical_section.c.obj
                0x10004d80                critical_section_init_with_lock_num
 .text.critical_section_init
                0x10004d94       0x14 app/CMakeFiles/app_main.dir/C_/Users/mmadha/.pico-sdk/sdk/2.2.0/src/common/pico_sync/critical_section.c.obj
                0x10004d94                critical_section_init
 .text.make_alarm_id
                0x10004da8        0x6 app/CMakeFiles/app_main.dir/C_/Users/mmadha/.pico-sdk/sdk/2.2.0/src/common/pico_time/time.c.obj
 *fill*         0x10004dae        0x2 
 .text.sleep_until_callback
                0x10004db0       0x30 app/CMakeFiles/app_main.dir/C_/Users/mmadha/.pico-sdk/sdk/2.2.0/src/common/pico_time/time.c.obj
 .text.alarm_pool_irq_handler
                0x10004de0      0x304 app/CMakeFiles/app_main.dir/C_/Users/mmadha/.pico-sdk/sdk/2.2.0/src/common/pico_time/time.c.obj
 .text.alarm_pool_post_alloc_init
                0x100050e4       0x94 app/CMakeFiles/app_main.dir/C_/Users/mmadha/.pico-sdk/sdk/2.2.0/src/common/pico_time/time.c.obj
 .text.alarm_pool_get_default
                0x10005178       0x2c app/CMakeFiles/app_main.dir/C_/Users/mmadha/.pico-sdk/sdk/2.2.0/src/common/pico_time/time.c.obj
                0x10005178                alarm_pool_get_default
 .text.alarm_pool_add_alarm_at_force_in_context
                0x100051a4       0xb0 app/CMakeFiles/app_main.dir/C_/Users/mmadha/.pico-sdk/sdk/2.2.0/src/common/pico_time/time.c.obj
                0x100051a4                alarm_pool_add_alarm_at_force_in_context
 .text.alarm_pool_add_alarm_at
                0x10005254       0x3c app/CMakeFiles/app_main.dir/C_/Users/mmadha/.pico-sdk/sdk/2.2.0/src/common/pico_time/time.c.obj
                0x10005254                alarm_pool_add_alarm_at
 .text.alarm_pool_cancel_alarm
                0x10005290       0x78 app/CMakeFiles/app_main.dir/C_/Users/mmadha/.pico-sdk/sdk/2.2.0/src/common/pico_time/time.c.obj
                0x10005290                alarm_pool_cancel_alarm
 .text.sleep_until
                0x10005308       0xc8 app/CMakeFiles/app_main.dir/C_/Users/mmadha/.pico-sdk/sdk/2.2.0/src/common/pico_time/time.c.obj
                0x10005308                sleep_until
 .text.sleep_us
                0x100053d0       0x24 app/CMakeFiles/app_main.dir/C_/Users/mmadha/.pico-sdk/sdk/2.2.0/src/common/pico_time/time.c.obj
                0x100053d0                sleep_us
 .text.sleep_ms
                0x100053f4       0x14 app/CMakeFiles/app_main.dir/C_/Users/mmadha/.pico-sdk/sdk/2.2.0/src/common/pico_time/time.c.obj
                0x100053f4                sleep_ms
 .text.best_effort_wfe_or_timeout
                0x10005408      0x13c app/CMakeFiles/app_main.dir/C_/Users/mmadha/.pico-sdk/sdk/2.2.0/src/common/pico_time/time.c.obj
                0x10005408                best_effort_wfe_or_timeout
 .text.alarm_pool_get_default_timer
                0x10005544        0x8 app/CMakeFiles/app_main.dir/C_/Users/mmadha/.pico-sdk/sdk/2.2.0/src/common/pico_time/time.c.obj
                0x10005544                alarm_pool_get_default_timer
 .text.runtime_init_default_alarm_pool
                0x1000554c       0x38 app/CMakeFiles/app_main.dir/C_/Users/mmadha/.pico-sdk/sdk/2.2.0/src/common/pico_time/time.c.obj
                0x1000554c                runtime_init_default_alarm_pool
 .text.timer_hardware_alarm_claim
                0x10005584       0x14 app/CMakeFiles/app_main.dir/C_/Users/mmadha/.pico-sdk/sdk/2.2.0/src/rp2_common/hardware_timer/timer.c.obj
                0x10005584                timer_hardware_alarm_claim
 .text.timer_time_us_64
                0x10005598       0x10 app/CMakeFiles/app_main.dir/C_/Users/mmadha/.pico-sdk/sdk/2.2.0/src/rp2_common/hardware_timer/timer.c.obj
                0x10005598                timer_time_us_64
 .text.timer_busy_wait_until
                0x100055a8       0x1a app/CMakeFiles/app_main.dir/C_/Users/mmadha/.pico-sdk/sdk/2.2.0/src/rp2_common/hardware_timer/timer.c.obj
                0x100055a8                timer_busy_wait_until
 .text.timer_busy_wait_us
                0x100055c2       0x38 app/CMakeFiles/app_main.dir/C_/Users/mmadha/.pico-sdk/sdk/2.2.0/src/rp2_common/hardware_timer/timer.c.obj
                0x100055c2                timer_busy_wait_us
 *fill*         0x100055fa        0x2 
 .text.time_us_64
                0x100055fc       0x10 app/CMakeFiles/app_main.dir/C_/Users/mmadha/.pico-sdk/sdk/2.2.0/src/rp2_common/hardware_timer/timer.c.obj
                0x100055fc                time_us_64
 .text.busy_wait_us
                0x1000560c       0x14 app/CMakeFiles/app_main.dir/C_/Users/mmadha/.pico-sdk/sdk/2.2.0/src/rp2_common/hardware_timer/timer.c.obj
                0x1000560c                busy_wait_us
 .text.busy_wait_until
                0x10005620       0x14 app/CMakeFiles/app_main.dir/C_/Users/mmadha/.pico-sdk/sdk/2.2.0/src/rp2_common/hardware_timer/timer.c.obj
                0x10005620                busy_wait_until
 .text.board_init
                0x10005634       0x30 app/CMakeFiles/app_main.dir/H_/tinyusb/hw/bsp/rp2040/family.c.obj
                0x10005634                board_init
 .text.board_led_write
                0x10005664       0x1c app/CMakeFiles/app_main.dir/H_/tinyusb/hw/bsp/rp2040/family.c.obj
                0x10005664                board_led_write
 .text.board_getchar
                0x10005680        0xa app/CMakeFiles/app_main.dir/H_/tinyusb/hw/bsp/rp2040/family.c.obj
                0x10005680                board_getchar
 .text.board_init_after_tusb
                0x1000568a        0x2 app/CMakeFiles/app_main.dir/H_/tinyusb/hw/bsp/rp2040/family.c.obj
                0x1000568a                board_init_after_tusb
 .text._retrieve_unique_id_on_boot
                0x1000568c       0x10 app/CMakeFiles/app_main.dir/C_/Users/mmadha/.pico-sdk/sdk/2.2.0/src/rp2_common/pico_unique_id/unique_id.c.obj
 .text.flash_get_unique_id
                0x1000569c       0x46 app/CMakeFiles/app_main.dir/C_/Users/mmadha/.pico-sdk/sdk/2.2.0/src/rp2_common/hardware_flash/flash.c.obj
                0x1000569c                flash_get_unique_id
 .text.rom_func_lookup
                0x100056e2       0x10 app/CMakeFiles/app_main.dir/C_/Users/mmadha/.pico-sdk/sdk/2.2.0/src/rp2_common/pico_bootrom/bootrom.c.obj
                0x100056e2                rom_func_lookup
 .text.rom_data_lookup
                0x100056f2       0x10 app/CMakeFiles/app_main.dir/C_/Users/mmadha/.pico-sdk/sdk/2.2.0/src/rp2_common/pico_bootrom/bootrom.c.obj
                0x100056f2                rom_data_lookup
 .text.rom_funcs_lookup
                0x10005702       0x36 app/CMakeFiles/app_main.dir/C_/Users/mmadha/.pico-sdk/sdk/2.2.0/src/rp2_common/pico_bootrom/bootrom.c.obj
                0x10005702                rom_funcs_lookup
 .text.clock_configure_internal
                0x10005738       0xc4 app/CMakeFiles/app_main.dir/C_/Users/mmadha/.pico-sdk/sdk/2.2.0/src/rp2_common/hardware_clocks/clocks.c.obj
 .text.clock_configure_int_divider
                0x100057fc       0x28 app/CMakeFiles/app_main.dir/C_/Users/mmadha/.pico-sdk/sdk/2.2.0/src/rp2_common/hardware_clocks/clocks.c.obj
                0x100057fc                clock_configure_int_divider
 .text.clock_configure_undivided
                0x10005824       0x12 app/CMakeFiles/app_main.dir/C_/Users/mmadha/.pico-sdk/sdk/2.2.0/src/rp2_common/hardware_clocks/clocks.c.obj
                0x10005824                clock_configure_undivided
 *fill*         0x10005836        0x2 
 .text.clock_get_hz
                0x10005838        0xc app/CMakeFiles/app_main.dir/C_/Users/mmadha/.pico-sdk/sdk/2.2.0/src/rp2_common/hardware_clocks/clocks.c.obj
                0x10005838                clock_get_hz
 .text.gpio_default_irq_handler
                0x10005844       0xa8 app/CMakeFiles/app_main.dir/C_/Users/mmadha/.pico-sdk/sdk/2.2.0/src/rp2_common/hardware_gpio/gpio.c.obj
 .text._gpio_set_irq_enabled
                0x100058ec       0x3c app/CMakeFiles/app_main.dir/C_/Users/mmadha/.pico-sdk/sdk/2.2.0/src/rp2_common/hardware_gpio/gpio.c.obj
 .text.gpio_set_function
                0x10005928       0x34 app/CMakeFiles/app_main.dir/C_/Users/mmadha/.pico-sdk/sdk/2.2.0/src/rp2_common/hardware_gpio/gpio.c.obj
                0x10005928                gpio_set_function
 .text.gpio_set_irq_enabled
                0x1000595c       0x50 app/CMakeFiles/app_main.dir/C_/Users/mmadha/.pico-sdk/sdk/2.2.0/src/rp2_common/hardware_gpio/gpio.c.obj
                0x1000595c                gpio_set_irq_enabled
 .text.gpio_set_irq_callback
                0x100059ac       0x48 app/CMakeFiles/app_main.dir/C_/Users/mmadha/.pico-sdk/sdk/2.2.0/src/rp2_common/hardware_gpio/gpio.c.obj
                0x100059ac                gpio_set_irq_callback
 .text.gpio_set_irq_enabled_with_callback
                0x100059f4       0x28 app/CMakeFiles/app_main.dir/C_/Users/mmadha/.pico-sdk/sdk/2.2.0/src/rp2_common/hardware_gpio/gpio.c.obj
                0x100059f4                gpio_set_irq_enabled_with_callback
 .text.gpio_set_input_enabled
                0x10005a1c       0x28 app/CMakeFiles/app_main.dir/C_/Users/mmadha/.pico-sdk/sdk/2.2.0/src/rp2_common/hardware_gpio/gpio.c.obj
                0x10005a1c                gpio_set_input_enabled
 .text.gpio_init
                0x10005a44       0x16 app/CMakeFiles/app_main.dir/C_/Users/mmadha/.pico-sdk/sdk/2.2.0/src/rp2_common/hardware_gpio/gpio.c.obj
                0x10005a44                gpio_init
 *fill*         0x10005a5a        0x2 
 .text.pll_init
                0x10005a5c      0x120 app/CMakeFiles/app_main.dir/C_/Users/mmadha/.pico-sdk/sdk/2.2.0/src/rp2_common/hardware_pll/pll.c.obj
                0x10005a5c                pll_init
 .text.tick_start
                0x10005b7c       0x10 app/CMakeFiles/app_main.dir/C_/Users/mmadha/.pico-sdk/sdk/2.2.0/src/rp2_common/hardware_ticks/ticks.c.obj
                0x10005b7c                tick_start
 .text.xosc_init
                0x10005b8c       0x2c app/CMakeFiles/app_main.dir/C_/Users/mmadha/.pico-sdk/sdk/2.2.0/src/rp2_common/hardware_xosc/xosc.c.obj
                0x10005b8c                xosc_init
 .text.uart_disable_before_lcr_write
                0x10005bb8       0x48 app/CMakeFiles/app_main.dir/C_/Users/mmadha/.pico-sdk/sdk/2.2.0/src/rp2_common/hardware_uart/uart.c.obj
 .text.uart_write_lcr_bits_masked
                0x10005c00       0x20 app/CMakeFiles/app_main.dir/C_/Users/mmadha/.pico-sdk/sdk/2.2.0/src/rp2_common/hardware_uart/uart.c.obj
 .text.uart_set_baudrate
                0x10005c20       0x5c app/CMakeFiles/app_main.dir/C_/Users/mmadha/.pico-sdk/sdk/2.2.0/src/rp2_common/hardware_uart/uart.c.obj
                0x10005c20                uart_set_baudrate
 .text.uart_set_translate_crlf
                0x10005c7c       0x28 app/CMakeFiles/app_main.dir/C_/Users/mmadha/.pico-sdk/sdk/2.2.0/src/rp2_common/hardware_uart/uart.c.obj
                0x10005c7c                uart_set_translate_crlf
 .text.uart_init
                0x10005ca4       0x84 app/CMakeFiles/app_main.dir/C_/Users/mmadha/.pico-sdk/sdk/2.2.0/src/rp2_common/hardware_uart/uart.c.obj
                0x10005ca4                uart_init
 .text.runtime_run_initializers_from
                0x10005d28       0x18 app/CMakeFiles/app_main.dir/C_/Users/mmadha/.pico-sdk/sdk/2.2.0/src/rp2_common/pico_runtime/runtime.c.obj
 .text.first_per_core_initializer
                0x10005d40        0x2 app/CMakeFiles/app_main.dir/C_/Users/mmadha/.pico-sdk/sdk/2.2.0/src/rp2_common/pico_runtime/runtime.c.obj
 *fill*         0x10005d42        0x2 
 .text.runtime_run_initializers
                0x10005d44       0x10 app/CMakeFiles/app_main.dir/C_/Users/mmadha/.pico-sdk/sdk/2.2.0/src/rp2_common/pico_runtime/runtime.c.obj
                0x10005d44                runtime_run_initializers
 .text.runtime_init_early_resets
                0x10005d54       0x2c app/CMakeFiles/app_main.dir/C_/Users/mmadha/.pico-sdk/sdk/2.2.0/src/rp2_common/pico_runtime_init/runtime_init.c.obj
                0x10005d54                runtime_init_early_resets
 .text.runtime_init_usb_power_down
                0x10005d80       0x1c app/CMakeFiles/app_main.dir/C_/Users/mmadha/.pico-sdk/sdk/2.2.0/src/rp2_common/pico_runtime_init/runtime_init.c.obj
                0x10005d80                runtime_init_usb_power_down
 .text.runtime_init_post_clock_resets
                0x10005d9c       0x20 app/CMakeFiles/app_main.dir/C_/Users/mmadha/.pico-sdk/sdk/2.2.0/src/rp2_common/pico_runtime_init/runtime_init.c.obj
                0x10005d9c                runtime_init_post_clock_resets
 .text.runtime_init_rp2040_gpio_ie_disable
                0x10005dbc       0x14 app/CMakeFiles/app_main.dir/C_/Users/mmadha/.pico-sdk/sdk/2.2.0/src/rp2_common/pico_runtime_init/runtime_init.c.obj
                0x10005dbc                runtime_init_rp2040_gpio_ie_disable
 .text.runtime_init_spin_locks_reset
                0x10005dd0        0x8 app/CMakeFiles/app_main.dir/C_/Users/mmadha/.pico-sdk/sdk/2.2.0/src/rp2_common/pico_runtime_init/runtime_init.c.obj
                0x10005dd0                runtime_init_spin_locks_reset
 .text.runtime_init_install_ram_vector_table
                0x10005dd8       0x48 app/CMakeFiles/app_main.dir/C_/Users/mmadha/.pico-sdk/sdk/2.2.0/src/rp2_common/pico_runtime_init/runtime_init.c.obj
                0x10005dd8                runtime_init_install_ram_vector_table
 .text.start_all_ticks
                0x10005e20       0x28 app/CMakeFiles/app_main.dir/C_/Users/mmadha/.pico-sdk/sdk/2.2.0/src/rp2_common/pico_runtime_init/runtime_init_clocks.c.obj
 .text.runtime_init_clocks
                0x10005e48       0xcc app/CMakeFiles/app_main.dir/C_/Users/mmadha/.pico-sdk/sdk/2.2.0/src/rp2_common/pico_runtime_init/runtime_init_clocks.c.obj
                0x10005e48                runtime_init_clocks
 .text          0x10005f14       0x10 app/CMakeFiles/app_main.dir/C_/Users/mmadha/.pico-sdk/sdk/2.2.0/src/rp2_common/pico_bit_ops/bit_ops_aeabi.S.obj
 .text.__wrap___aeabi_idiv
                0x10005f24       0x50 app/CMakeFiles/app_main.dir/C_/Users/mmadha/.pico-sdk/sdk/2.2.0/src/rp2_common/pico_divider/divider_hardware.S.obj
                0x10005f24                __wrap___aeabi_idivmod
                0x10005f24                divmod_s32s32
                0x10005f24                div_s32s32
                0x10005f24                __wrap___aeabi_idiv
                0x10005f2c                divmod_s32s32_unsafe
                0x10005f58                divmod_s32s32_savestate
 .text.__wrap___aeabi_uidiv
                0x10005f74       0x4c app/CMakeFiles/app_main.dir/C_/Users/mmadha/.pico-sdk/sdk/2.2.0/src/rp2_common/pico_divider/divider_hardware.S.obj
                0x10005f74                __wrap___aeabi_uidiv
                0x10005f74                __wrap___aeabi_uidivmod
                0x10005f74                div_u32u32
                0x10005f74                divmod_u32u32
                0x10005f7c                divmod_u32u32_unsafe
                0x10005fa4                divmod_u32u32_savestate
 .text.__wrap___aeabi_ldiv
                0x10005fc0      0x424 app/CMakeFiles/app_main.dir/C_/Users/mmadha/.pico-sdk/sdk/2.2.0/src/rp2_common/pico_divider/divider_hardware.S.obj
                0x10005fc0                div_s64s64
                0x10005fc0                divmod_s64s64
                0x10005fc0                __wrap___aeabi_ldivmod
                0x10005ff0                divmod_u64u64
                0x10005ff0                div_u64u64
                0x10005ff0                __wrap___aeabi_uldivmod
                0x10006000                divmod_u64u64_savestate
                0x10006020                divmod_s64s64_unsafe
                0x100060a8                divmod_u64u64_unsafe
 .text.__wrap___aeabi_darithmetic
                0x100063e4       0x80 app/CMakeFiles/app_main.dir/C_/Users/mmadha/.pico-sdk/sdk/2.2.0/src/rp2_common/pico_double/double_aeabi_rp2040.S.obj
                0x100063e4                __wrap___aeabi_drsub
                0x100063ea                __wrap___aeabi_dsub
                0x100063fc                __wrap___aeabi_dadd
                0x1000640e                __wrap___aeabi_ddiv
                0x1000644a                __wrap___aeabi_dmul
 .text.__wrap___aeabi_cdcmple
                0x10006464       0x6c app/CMakeFiles/app_main.dir/C_/Users/mmadha/.pico-sdk/sdk/2.2.0/src/rp2_common/pico_double/double_aeabi_rp2040.S.obj
                0x10006464                __wrap___aeabi_cdrcmple
                0x10006474                __wrap___aeabi_cdcmpeq
                0x10006474                __wrap___aeabi_cdcmple
 .text.__wrap___aeabi_dcmplt
                0x100064d0        0xc app/CMakeFiles/app_main.dir/C_/Users/mmadha/.pico-sdk/sdk/2.2.0/src/rp2_common/pico_double/double_aeabi_rp2040.S.obj
                0x100064d0                __wrap___aeabi_dcmplt
 .text.__wrap___aeabi_dcmple
                0x100064dc       0x10 app/CMakeFiles/app_main.dir/C_/Users/mmadha/.pico-sdk/sdk/2.2.0/src/rp2_common/pico_double/double_aeabi_rp2040.S.obj
                0x100064dc                __wrap___aeabi_dcmple
 .text.__wrap___aeabi_dcmpge
                0x100064ec       0x10 app/CMakeFiles/app_main.dir/C_/Users/mmadha/.pico-sdk/sdk/2.2.0/src/rp2_common/pico_double/double_aeabi_rp2040.S.obj
                0x100064ec                __wrap___aeabi_dcmpge
 .text.__wrap___aeabi_dcmpgt
                0x100064fc        0xa app/CMakeFiles/app_main.dir/C_/Users/mmadha/.pico-sdk/sdk/2.2.0/src/rp2_common/pico_double/double_aeabi_rp2040.S.obj
                0x100064fc                __wrap___aeabi_dcmpgt
 .text.__wrap___aeabi_dcmpun
                0x10006506       0x18 app/CMakeFiles/app_main.dir/C_/Users/mmadha/.pico-sdk/sdk/2.2.0/src/rp2_common/pico_double/double_aeabi_rp2040.S.obj
                0x10006506                __wrap___aeabi_dcmpun
 *fill*         0x1000651e        0x2 
 .text.__wrap___aeabi_i2d
                0x10006520       0x38 app/CMakeFiles/app_main.dir/C_/Users/mmadha/.pico-sdk/sdk/2.2.0/src/rp2_common/pico_double/double_aeabi_rp2040.S.obj
                0x10006520                uint2double
                0x10006520                __wrap___aeabi_ui2d
                0x10006528                int2double
                0x10006528                __wrap___aeabi_i2d
 .text.__wrap___aeabi_d2iz
                0x10006558       0x48 app/CMakeFiles/app_main.dir/C_/Users/mmadha/.pico-sdk/sdk/2.2.0/src/rp2_common/pico_double/double_aeabi_rp2040.S.obj
                0x10006558                double2int_z
                0x10006558                __wrap___aeabi_d2iz
 .text.__wrap___aeabi_d2uiz
                0x100065a0       0x18 app/CMakeFiles/app_main.dir/C_/Users/mmadha/.pico-sdk/sdk/2.2.0/src/rp2_common/pico_double/double_aeabi_rp2040.S.obj
                0x100065a0                double2uint
                0x100065a0                __wrap___aeabi_d2uiz
                0x100065a0                double2uint_z
 .text.__aeabi_double_init
                0x100065b8       0xc8 app/CMakeFiles/app_main.dir/C_/Users/mmadha/.pico-sdk/sdk/2.2.0/src/rp2_common/pico_double/double_init_rom_rp2040.c.obj
                0x100065b8                __aeabi_double_init
 .text.double_table_shim_on_use_helper
                0x10006680       0x34 app/CMakeFiles/app_main.dir/C_/Users/mmadha/.pico-sdk/sdk/2.2.0/src/rp2_common/pico_double/double_v1_rom_shim_rp2040.S.obj
                0x10006680                double_table_shim_on_use_helper
 .text.__wrap___aeabi_dsub
                0x100066b4       0x10 app/CMakeFiles/app_main.dir/C_/Users/mmadha/.pico-sdk/sdk/2.2.0/src/rp2_common/pico_double/double_v1_rom_shim_rp2040.S.obj
                0x100066b4                drsub_shim
                0x100066ba                dsub_shim
 .text.dadd_shim
                0x100066c4      0x15c app/CMakeFiles/app_main.dir/C_/Users/mmadha/.pico-sdk/sdk/2.2.0/src/rp2_common/pico_double/double_v1_rom_shim_rp2040.S.obj
                0x100066c4                dadd_shim
 .text.dmul_shim
                0x10006820      0x15c app/CMakeFiles/app_main.dir/C_/Users/mmadha/.pico-sdk/sdk/2.2.0/src/rp2_common/pico_double/double_v1_rom_shim_rp2040.S.obj
                0x10006820                dmul_shim
 .text.ddiv_shim
                0x1000697c      0x1b0 app/CMakeFiles/app_main.dir/C_/Users/mmadha/.pico-sdk/sdk/2.2.0/src/rp2_common/pico_double/double_v1_rom_shim_rp2040.S.obj
                0x1000697c                ddiv_shim
 .text.double2uint_shim
                0x10006b2c        0xe app/CMakeFiles/app_main.dir/C_/Users/mmadha/.pico-sdk/sdk/2.2.0/src/rp2_common/pico_double/double_v1_rom_shim_rp2040.S.obj
                0x10006b2c                double2uint_shim
                0x10006b2e                double2ufix_shim
 *fill*         0x10006b3a        0x2 
 .text.double2uint64_shim
                0x10006b3c       0x70 app/CMakeFiles/app_main.dir/C_/Users/mmadha/.pico-sdk/sdk/2.2.0/src/rp2_common/pico_double/double_v1_rom_shim_rp2040.S.obj
                0x10006b3c                double2uint64_shim
                0x10006b3e                double2ufix64_shim
                0x10006b5e                d2fix_a
 .text.dunpacks
                0x10006bac       0x3c app/CMakeFiles/app_main.dir/C_/Users/mmadha/.pico-sdk/sdk/2.2.0/src/rp2_common/pico_double/double_v1_rom_shim_rp2040.S.obj
                0x10006bac                dunpacks
 .text.__aeabi_lmul
                0x10006be8       0x32 app/CMakeFiles/app_main.dir/C_/Users/mmadha/.pico-sdk/sdk/2.2.0/src/rp2_common/pico_int64_ops/pico_int64_ops_aeabi.S.obj
                0x10006be8                __wrap___aeabi_lmul
 *fill*         0x10006c1a        0x2 
 .text.__aeabi_float_init
                0x10006c1c       0xfc app/CMakeFiles/app_main.dir/C_/Users/mmadha/.pico-sdk/sdk/2.2.0/src/rp2_common/pico_float/float_init_rom_rp2040.c.obj
                0x10006c1c                __aeabi_float_init
 .text.float_table_shim_on_use_helper
                0x10006d18       0x34 app/CMakeFiles/app_main.dir/C_/Users/mmadha/.pico-sdk/sdk/2.2.0/src/rp2_common/pico_float/float_v1_rom_shim_rp2040.S.obj
                0x10006d18                float_table_shim_on_use_helper
 .text.__wrap_malloc
                0x10006d4c       0x24 app/CMakeFiles/app_main.dir/C_/Users/mmadha/.pico-sdk/sdk/2.2.0/src/rp2_common/pico_malloc/malloc.c.obj
                0x10006d4c                __wrap_malloc
 .text          0x10006d70       0x10 app/CMakeFiles/app_main.dir/C_/Users/mmadha/.pico-sdk/sdk/2.2.0/src/rp2_common/pico_mem_ops/mem_ops_aeabi.S.obj
                0x10006d70                __aeabi_mem_init
 .text.memset   0x10006d80        0xc app/CMakeFiles/app_main.dir/C_/Users/mmadha/.pico-sdk/sdk/2.2.0/src/rp2_common/pico_mem_ops/mem_ops_aeabi.S.obj
                0x10006d80                __wrap_memset
 .text.memcpy   0x10006d8c        0xc app/CMakeFiles/app_main.dir/C_/Users/mmadha/.pico-sdk/sdk/2.2.0/src/rp2_common/pico_mem_ops/mem_ops_aeabi.S.obj
                0x10006d8c                __wrap_memcpy
                0x10006d8c                __wrap___aeabi_memcpy
 .text._out_null
                0x10006d98        0x2 app/CMakeFiles/app_main.dir/C_/Users/mmadha/.pico-sdk/sdk/2.2.0/src/rp2_common/pico_printf/printf.c.obj
 .text._out_fct
                0x10006d9a        0xe app/CMakeFiles/app_main.dir/C_/Users/mmadha/.pico-sdk/sdk/2.2.0/src/rp2_common/pico_printf/printf.c.obj
 .text._atoi    0x10006da8       0x24 app/CMakeFiles/app_main.dir/C_/Users/mmadha/.pico-sdk/sdk/2.2.0/src/rp2_common/pico_printf/printf.c.obj
 .text._out_rev
                0x10006dcc       0xae app/CMakeFiles/app_main.dir/C_/Users/mmadha/.pico-sdk/sdk/2.2.0/src/rp2_common/pico_printf/printf.c.obj
 .text._ntoa_format
                0x10006e7a      0x112 app/CMakeFiles/app_main.dir/C_/Users/mmadha/.pico-sdk/sdk/2.2.0/src/rp2_common/pico_printf/printf.c.obj
 .text._ntoa_long
                0x10006f8c       0xbc app/CMakeFiles/app_main.dir/C_/Users/mmadha/.pico-sdk/sdk/2.2.0/src/rp2_common/pico_printf/printf.c.obj
 .text._ntoa_long_long
                0x10007048       0xe2 app/CMakeFiles/app_main.dir/C_/Users/mmadha/.pico-sdk/sdk/2.2.0/src/rp2_common/pico_printf/printf.c.obj
 *fill*         0x1000712a        0x2 
 .text._etoa    0x1000712c      0x414 app/CMakeFiles/app_main.dir/C_/Users/mmadha/.pico-sdk/sdk/2.2.0/src/rp2_common/pico_printf/printf.c.obj
 .text._ftoa    0x10007540      0x354 app/CMakeFiles/app_main.dir/C_/Users/mmadha/.pico-sdk/sdk/2.2.0/src/rp2_common/pico_printf/printf.c.obj
 .text._vsnprintf
                0x10007894      0x624 app/CMakeFiles/app_main.dir/C_/Users/mmadha/.pico-sdk/sdk/2.2.0/src/rp2_common/pico_printf/printf.c.obj
 .text.vfctprintf
                0x10007eb8       0x20 app/CMakeFiles/app_main.dir/C_/Users/mmadha/.pico-sdk/sdk/2.2.0/src/rp2_common/pico_printf/printf.c.obj
                0x10007eb8                vfctprintf
 .text._exit    0x10007ed8        0x4 app/CMakeFiles/app_main.dir/C_/Users/mmadha/.pico-sdk/sdk/2.2.0/src/rp2_common/pico_clib_interface/newlib_interface.c.obj
                0x10007ed8                _exit
 .text._sbrk    0x10007edc       0x38 app/CMakeFiles/app_main.dir/C_/Users/mmadha/.pico-sdk/sdk/2.2.0/src/rp2_common/pico_clib_interface/newlib_interface.c.obj
                0x10007edc                _sbrk
 .text._read    0x10007f14       0x24 app/CMakeFiles/app_main.dir/C_/Users/mmadha/.pico-sdk/sdk/2.2.0/src/rp2_common/pico_clib_interface/newlib_interface.c.obj
                0x10007f14                _read
 .text._write   0x10007f38       0x22 app/CMakeFiles/app_main.dir/C_/Users/mmadha/.pico-sdk/sdk/2.2.0/src/rp2_common/pico_clib_interface/newlib_interface.c.obj
                0x10007f38                _write
 .text._close   0x10007f5a        0x6 app/CMakeFiles/app_main.dir/C_/Users/mmadha/.pico-sdk/sdk/2.2.0/src/rp2_common/pico_clib_interface/newlib_interface.c.obj
                0x10007f5a                _close
 .text._lseek   0x10007f60        0x6 app/CMakeFiles/app_main.dir/C_/Users/mmadha/.pico-sdk/sdk/2.2.0/src/rp2_common/pico_clib_interface/newlib_interface.c.obj
                0x10007f60                _lseek
 .text._fstat   0x10007f66        0x6 app/CMakeFiles/app_main.dir/C_/Users/mmadha/.pico-sdk/sdk/2.2.0/src/rp2_common/pico_clib_interface/newlib_interface.c.obj
                0x10007f66                _fstat
 .text.exit     0x10007f6c        0x6 app/CMakeFiles/app_main.dir/C_/Users/mmadha/.pico-sdk/sdk/2.2.0/src/rp2_common/pico_clib_interface/newlib_interface.c.obj
                0x10007f6c                exit
 *fill*         0x10007f72        0x2 
 .text.__assert_func
                0x10007f74       0x3c app/CMakeFiles/app_main.dir/C_/Users/mmadha/.pico-sdk/sdk/2.2.0/src/rp2_common/pico_clib_interface/newlib_interface.c.obj
                0x10007f74                __assert_func
 .text.runtime_init
                0x10007fb0       0x28 app/CMakeFiles/app_main.dir/C_/Users/mmadha/.pico-sdk/sdk/2.2.0/src/rp2_common/pico_clib_interface/newlib_interface.c.obj
                0x10007fb0                runtime_init
 .text.stdio_out_chars_no_crlf
                0x10007fd8        0xe app/CMakeFiles/app_main.dir/C_/Users/mmadha/.pico-sdk/sdk/2.2.0/src/rp2_common/pico_stdio/stdio.c.obj
 *fill*         0x10007fe6        0x2 
 .text.stdio_out_chars_crlf
                0x10007fe8       0x80 app/CMakeFiles/app_main.dir/C_/Users/mmadha/.pico-sdk/sdk/2.2.0/src/rp2_common/pico_stdio/stdio.c.obj
 .text.stdio_stack_buffer_flush
                0x10008068       0x44 app/CMakeFiles/app_main.dir/C_/Users/mmadha/.pico-sdk/sdk/2.2.0/src/rp2_common/pico_stdio/stdio.c.obj
 .text.stdio_buffered_printer
                0x100080ac       0x20 app/CMakeFiles/app_main.dir/C_/Users/mmadha/.pico-sdk/sdk/2.2.0/src/rp2_common/pico_stdio/stdio.c.obj
 .text.stdout_serialize_begin
                0x100080cc       0x30 app/CMakeFiles/app_main.dir/C_/Users/mmadha/.pico-sdk/sdk/2.2.0/src/rp2_common/pico_stdio/stdio.c.obj
                0x100080cc                stdout_serialize_begin
 .text.stdout_serialize_end
                0x100080fc       0x10 app/CMakeFiles/app_main.dir/C_/Users/mmadha/.pico-sdk/sdk/2.2.0/src/rp2_common/pico_stdio/stdio.c.obj
                0x100080fc                stdout_serialize_end
 .text.stdio_put_string
                0x1000810c       0x94 app/CMakeFiles/app_main.dir/C_/Users/mmadha/.pico-sdk/sdk/2.2.0/src/rp2_common/pico_stdio/stdio.c.obj
                0x1000810c                stdio_put_string
 .text.stdio_get_until
                0x100081a0       0x88 app/CMakeFiles/app_main.dir/C_/Users/mmadha/.pico-sdk/sdk/2.2.0/src/rp2_common/pico_stdio/stdio.c.obj
                0x100081a0                stdio_get_until
 .text.stdio_set_driver_enabled
                0x10008228       0x2c app/CMakeFiles/app_main.dir/C_/Users/mmadha/.pico-sdk/sdk/2.2.0/src/rp2_common/pico_stdio/stdio.c.obj
                0x10008228                stdio_set_driver_enabled
 .text.stdio_flush
                0x10008254       0x20 app/CMakeFiles/app_main.dir/C_/Users/mmadha/.pico-sdk/sdk/2.2.0/src/rp2_common/pico_stdio/stdio.c.obj
                0x10008254                stdio_flush
 .text.stdio_init_all
                0x10008274        0xa app/CMakeFiles/app_main.dir/C_/Users/mmadha/.pico-sdk/sdk/2.2.0/src/rp2_common/pico_stdio/stdio.c.obj
                0x10008274                stdio_init_all
 *fill*         0x1000827e        0x2 
 .text.stdio_getchar_timeout_us
                0x10008280       0x54 app/CMakeFiles/app_main.dir/C_/Users/mmadha/.pico-sdk/sdk/2.2.0/src/rp2_common/pico_stdio/stdio.c.obj
                0x10008280                stdio_getchar_timeout_us
 .text.__wrap_putchar
                0x100082d4       0x1c app/CMakeFiles/app_main.dir/C_/Users/mmadha/.pico-sdk/sdk/2.2.0/src/rp2_common/pico_stdio/stdio.c.obj
                0x100082d4                __wrap_putchar
                0x100082d4                stdio_putchar
 .text.__wrap_puts
                0x100082f0       0x1e app/CMakeFiles/app_main.dir/C_/Users/mmadha/.pico-sdk/sdk/2.2.0/src/rp2_common/pico_stdio/stdio.c.obj
                0x100082f0                stdio_puts
                0x100082f0                __wrap_puts
 *fill*         0x1000830e        0x2 
 .text.__wrap_vprintf
                0x10008310       0x40 app/CMakeFiles/app_main.dir/C_/Users/mmadha/.pico-sdk/sdk/2.2.0/src/rp2_common/pico_stdio/stdio.c.obj
                0x10008310                stdio_vprintf
                0x10008310                __wrap_vprintf
 .text.__wrap_printf
                0x10008350       0x18 app/CMakeFiles/app_main.dir/C_/Users/mmadha/.pico-sdk/sdk/2.2.0/src/rp2_common/pico_stdio/stdio.c.obj
                0x10008350                __wrap_printf
                0x10008350                stdio_printf
 .text.stdio_uart_out_chars
                0x10008368       0x74 app/CMakeFiles/app_main.dir/C_/Users/mmadha/.pico-sdk/sdk/2.2.0/src/rp2_common/pico_stdio_uart/stdio_uart.c.obj
 .text.stdio_uart_in_chars
                0x100083dc       0x80 app/CMakeFiles/app_main.dir/C_/Users/mmadha/.pico-sdk/sdk/2.2.0/src/rp2_common/pico_stdio_uart/stdio_uart.c.obj
                0x100083dc                stdio_uart_in_chars
 .text.on_uart_rx
                0x1000845c       0x28 app/CMakeFiles/app_main.dir/C_/Users/mmadha/.pico-sdk/sdk/2.2.0/src/rp2_common/pico_stdio_uart/stdio_uart.c.obj
 .text.stdio_uart_out_flush
                0x10008484       0x10 app/CMakeFiles/app_main.dir/C_/Users/mmadha/.pico-sdk/sdk/2.2.0/src/rp2_common/pico_stdio_uart/stdio_uart.c.obj
 .text.stdio_uart_set_chars_available_callback
                0x10008494       0x94 app/CMakeFiles/app_main.dir/C_/Users/mmadha/.pico-sdk/sdk/2.2.0/src/rp2_common/pico_stdio_uart/stdio_uart.c.obj
 .text.stdio_uart_init_full
                0x10008528       0x44 app/CMakeFiles/app_main.dir/C_/Users/mmadha/.pico-sdk/sdk/2.2.0/src/rp2_common/pico_stdio_uart/stdio_uart.c.obj
                0x10008528                stdio_uart_init_full
 .text.stdio_uart_init
                0x1000856c       0x30 app/CMakeFiles/app_main.dir/C_/Users/mmadha/.pico-sdk/sdk/2.2.0/src/rp2_common/pico_stdio_uart/stdio_uart.c.obj
                0x1000856c                stdio_uart_init
 .text.ok       0x1000859c       0x34 file_processing/libfile_processing.a(file_processing.c.obj)
                0x1000859c                ok
 .text.invalid_name
                0x100085d0        0x2 file_processing/libfile_processing.a(file_processing.c.obj)
                0x100085d0                invalid_name
 .text.denied   0x100085d2        0x2 file_processing/libfile_processing.a(file_processing.c.obj)
                0x100085d2                denied
 .text.exist    0x100085d4        0x2 file_processing/libfile_processing.a(file_processing.c.obj)
                0x100085d4                exist
 .text.invalid_object
                0x100085d6        0x2 file_processing/libfile_processing.a(file_processing.c.obj)
                0x100085d6                invalid_object
 .text.not_enabled
                0x100085d8        0x2 file_processing/libfile_processing.a(file_processing.c.obj)
                0x100085d8                not_enabled
 .text.mkfs_aborted
                0x100085da        0x2 file_processing/libfile_processing.a(file_processing.c.obj)
                0x100085da                mkfs_aborted
 .text.timeout  0x100085dc        0x2 file_processing/libfile_processing.a(file_processing.c.obj)
                0x100085dc                timeout
 .text.locked   0x100085de        0x2 file_processing/libfile_processing.a(file_processing.c.obj)
                0x100085de                locked
 .text.too_many_open_files
                0x100085e0        0x2 file_processing/libfile_processing.a(file_processing.c.obj)
                0x100085e0                too_many_open_files
 .text.start_error
                0x100085e2        0x2 file_processing/libfile_processing.a(file_processing.c.obj)
                0x100085e2                start_error
 .text.no_path  0x100085e4       0x50 file_processing/libfile_processing.a(file_processing.c.obj)
                0x100085e4                no_path
 .text.no_file  0x10008634       0x48 file_processing/libfile_processing.a(file_processing.c.obj)
                0x10008634                no_file
 .text.no_folder
                0x1000867c       0x40 file_processing/libfile_processing.a(file_processing.c.obj)
                0x1000867c                no_folder
 .text.no_filesystem
                0x100086bc       0x34 file_processing/libfile_processing.a(file_processing.c.obj)
                0x100086bc                no_filesystem
 .text.start    0x100086f0       0x20 file_processing/libfile_processing.a(file_processing.c.obj)
                0x100086f0                start
 .text.file_processing_main
                0x10008710       0x38 file_processing/libfile_processing.a(file_processing.c.obj)
                0x10008710                file_processing_main
 .text.convert_hex_to_string
                0x10008748       0x1a hardware_processing/libhardware_processing.a(spi_processing.c.obj)
 *fill*         0x10008762        0x2 
 .text.hardware_processing
                0x10008764       0x3c hardware_processing/libhardware_processing.a(spi_processing.c.obj)
                0x10008764                hardware_processing
 .text.prepare_memory_for_spi_transfer
                0x100087a0       0x1a hardware_processing/libhardware_processing.a(spi_processing.c.obj)
                0x100087a0                prepare_memory_for_spi_transfer
 *fill*         0x100087ba        0x2 
 .text.set_spi_gpio_pins
                0x100087bc       0x8c hardware_processing/libhardware_processing.a(spi_processing.c.obj)
                0x100087bc                set_spi_gpio_pins
 .text.spi_irq_setup_init
                0x10008848       0x44 hardware_processing/libhardware_processing.a(spi_processing.c.obj)
                0x10008848                spi_irq_setup_init
 .text.spi_set_baudrate
                0x1000888c       0xb4 hardware_processing/libhardware_processing.a(spi.c.obj)
                0x1000888c                spi_set_baudrate
 .text.spi_init
                0x10008940       0x8c hardware_processing/libhardware_processing.a(spi.c.obj)
                0x10008940                spi_init
 .text.ld_word  0x100089cc        0xa fatfs/libfatfs_lib.a(ff.c.obj)
 .text.ld_dword
                0x100089d6       0x18 fatfs/libfatfs_lib.a(ff.c.obj)
 .text.st_word  0x100089ee        0x8 fatfs/libfatfs_lib.a(ff.c.obj)
 .text.st_dword
                0x100089f6       0x10 fatfs/libfatfs_lib.a(ff.c.obj)
 .text.dbc_1st  0x10008a06        0x4 fatfs/libfatfs_lib.a(ff.c.obj)
 .text.dbc_2nd  0x10008a0a        0x4 fatfs/libfatfs_lib.a(ff.c.obj)
 .text.clst2sect
                0x10008a0e       0x18 fatfs/libfatfs_lib.a(ff.c.obj)
 .text.ld_clust
                0x10008a26       0x26 fatfs/libfatfs_lib.a(ff.c.obj)
 .text.st_clust
                0x10008a4c       0x26 fatfs/libfatfs_lib.a(ff.c.obj)
 *fill*         0x10008a72        0x2 
 .text.pick_lfn
                0x10008a74       0x94 fatfs/libfatfs_lib.a(ff.c.obj)
 .text.put_lfn  0x10008b08       0x8c fatfs/libfatfs_lib.a(ff.c.obj)
 .text.sum_sfn  0x10008b94       0x20 fatfs/libfatfs_lib.a(ff.c.obj)
 .text.get_ldnumber
                0x10008bb4       0x5c fatfs/libfatfs_lib.a(ff.c.obj)
 .text.validate
                0x10008c10       0x52 fatfs/libfatfs_lib.a(ff.c.obj)
 .text.sync_window
                0x10008c62       0x4a fatfs/libfatfs_lib.a(ff.c.obj)
 .text.move_window
                0x10008cac       0x36 fatfs/libfatfs_lib.a(ff.c.obj)
 *fill*         0x10008ce2        0x2 
 .text.check_fs
                0x10008ce4       0xdc fatfs/libfatfs_lib.a(ff.c.obj)
 .text.find_volume
                0x10008dc0       0x6e fatfs/libfatfs_lib.a(ff.c.obj)
 *fill*         0x10008e2e        0x2 
 .text.mount_volume
                0x10008e30      0x308 fatfs/libfatfs_lib.a(ff.c.obj)
 .text.put_fat  0x10009138      0x144 fatfs/libfatfs_lib.a(ff.c.obj)
 .text.get_fat  0x1000927c       0xe2 fatfs/libfatfs_lib.a(ff.c.obj)
 .text.dir_sdi  0x1000935e       0xb4 fatfs/libfatfs_lib.a(ff.c.obj)
 .text.create_chain
                0x10009412       0xfe fatfs/libfatfs_lib.a(ff.c.obj)
 .text.remove_chain
                0x10009510       0x7c fatfs/libfatfs_lib.a(ff.c.obj)
 .text.dir_clear
                0x1000958c       0x64 fatfs/libfatfs_lib.a(ff.c.obj)
 .text.dir_next
                0x100095f0       0xd4 fatfs/libfatfs_lib.a(ff.c.obj)
 .text.dir_alloc
                0x100096c4       0x4e fatfs/libfatfs_lib.a(ff.c.obj)
 .text.dir_read
                0x10009712       0xd8 fatfs/libfatfs_lib.a(ff.c.obj)
 .text.dir_remove
                0x100097ea       0x4a fatfs/libfatfs_lib.a(ff.c.obj)
 .text.putc_init
                0x10009834       0x12 fatfs/libfatfs_lib.a(ff.c.obj)
 .text.put_utf  0x10009846       0x3a fatfs/libfatfs_lib.a(ff.c.obj)
 .text.get_fileinfo
                0x10009880      0x14a fatfs/libfatfs_lib.a(ff.c.obj)
 .text.tchar2uni
                0x100099ca       0x4c fatfs/libfatfs_lib.a(ff.c.obj)
 *fill*         0x10009a16        0x2 
 .text.create_name
                0x10009a18      0x324 fatfs/libfatfs_lib.a(ff.c.obj)
 .text.cmp_lfn  0x10009d3c       0xb0 fatfs/libfatfs_lib.a(ff.c.obj)
 .text.dir_find
                0x10009dec       0xe8 fatfs/libfatfs_lib.a(ff.c.obj)
 .text.follow_path
                0x10009ed4       0xb0 fatfs/libfatfs_lib.a(ff.c.obj)
 .text.gen_numname
                0x10009f84       0xac fatfs/libfatfs_lib.a(ff.c.obj)
 .text.dir_register
                0x1000a030      0x144 fatfs/libfatfs_lib.a(ff.c.obj)
 .text.sync_fs  0x1000a174       0x9c fatfs/libfatfs_lib.a(ff.c.obj)
 .text.create_partition
                0x1000a210      0x180 fatfs/libfatfs_lib.a(ff.c.obj)
 .text.f_mount  0x1000a390       0x5c fatfs/libfatfs_lib.a(ff.c.obj)
                0x1000a390                f_mount
 .text.f_open   0x1000a3ec      0x218 fatfs/libfatfs_lib.a(ff.c.obj)
                0x1000a3ec                f_open
 .text.f_read   0x1000a604      0x1a4 fatfs/libfatfs_lib.a(ff.c.obj)
                0x1000a604                f_read
 .text.f_write  0x1000a7a8      0x1f4 fatfs/libfatfs_lib.a(ff.c.obj)
                0x1000a7a8                f_write
 .text.putc_bfd
                0x1000a99c       0x40 fatfs/libfatfs_lib.a(ff.c.obj)
 .text.putc_flush
                0x1000a9dc       0x3c fatfs/libfatfs_lib.a(ff.c.obj)
 .text.f_sync   0x1000aa18       0x9c fatfs/libfatfs_lib.a(ff.c.obj)
                0x1000aa18                f_sync
 .text.f_close  0x1000aab4       0x24 fatfs/libfatfs_lib.a(ff.c.obj)
                0x1000aab4                f_close
 .text.f_chdir  0x1000aad8       0x5c fatfs/libfatfs_lib.a(ff.c.obj)
                0x1000aad8                f_chdir
 .text.f_getcwd
                0x1000ab34      0x118 fatfs/libfatfs_lib.a(ff.c.obj)
                0x1000ab34                f_getcwd
 .text.f_opendir
                0x1000ac4c       0x6a fatfs/libfatfs_lib.a(ff.c.obj)
                0x1000ac4c                f_opendir
 .text.f_closedir
                0x1000acb6       0x18 fatfs/libfatfs_lib.a(ff.c.obj)
                0x1000acb6                f_closedir
 .text.f_readdir
                0x1000acce       0x52 fatfs/libfatfs_lib.a(ff.c.obj)
                0x1000acce                f_readdir
 .text.f_stat   0x1000ad20       0x44 fatfs/libfatfs_lib.a(ff.c.obj)
                0x1000ad20                f_stat
 .text.f_unlink
                0x1000ad64       0xc4 fatfs/libfatfs_lib.a(ff.c.obj)
                0x1000ad64                f_unlink
 .text.f_mkdir  0x1000ae28      0x124 fatfs/libfatfs_lib.a(ff.c.obj)
                0x1000ae28                f_mkdir
 .text.f_rename
                0x1000af4c      0x120 fatfs/libfatfs_lib.a(ff.c.obj)
                0x1000af4c                f_rename
 .text.f_mkfs   0x1000b06c      0x6a8 fatfs/libfatfs_lib.a(ff.c.obj)
                0x1000b06c                f_mkfs
 .text.f_puts   0x1000b714       0x26 fatfs/libfatfs_lib.a(ff.c.obj)
                0x1000b714                f_puts
 *fill*         0x1000b73a        0x2 
 .text.ff_uni2oem
                0x1000b73c       0x44 fatfs/libfatfs_lib.a(ffunicode.c.obj)
                0x1000b73c                ff_uni2oem
 .text.ff_oem2uni
                0x1000b780       0x30 fatfs/libfatfs_lib.a(ffunicode.c.obj)
                0x1000b780                ff_oem2uni
 .text.ff_wtoupper
                0x1000b7b0       0xa8 fatfs/libfatfs_lib.a(ffunicode.c.obj)
                0x1000b7b0                ff_wtoupper
 .text.onCharInput
                0x1000b858       0x28 fatfs/libfatfs_lib.a(msc_app.c.obj)
 .text.isControlChar
                0x1000b880       0x2c fatfs/libfatfs_lib.a(msc_app.c.obj)
 .text.isDisplayableChar
                0x1000b8ac       0x12 fatfs/libfatfs_lib.a(msc_app.c.obj)
 .text.fifoBufAvailable
                0x1000b8be       0x1a fatfs/libfatfs_lib.a(msc_app.c.obj)
 .text.fifoBufPop
                0x1000b8d8       0x24 fatfs/libfatfs_lib.a(msc_app.c.obj)
 .text.fifoBufPush
                0x1000b8fc       0x28 fatfs/libfatfs_lib.a(msc_app.c.obj)
 .text.getTokenPosition
                0x1000b924       0x44 fatfs/libfatfs_lib.a(msc_app.c.obj)
 .text.disk_io_complete
                0x1000b968       0x10 fatfs/libfatfs_lib.a(msc_app.c.obj)
 .text.writeToOutput
                0x1000b978       0x22 fatfs/libfatfs_lib.a(msc_app.c.obj)
 *fill*         0x1000b99a        0x2 
 .text.onUnknownCommand
                0x1000b99c       0x34 fatfs/libfatfs_lib.a(msc_app.c.obj)
 .text.clearCurrentLine
                0x1000b9d0       0x38 fatfs/libfatfs_lib.a(msc_app.c.obj)
 .text.getAutocompletedCommand
                0x1000ba08       0xd4 fatfs/libfatfs_lib.a(msc_app.c.obj)
 .text.printLiveAutocompletion
                0x1000badc       0x8c fatfs/libfatfs_lib.a(msc_app.c.obj)
 .text.onAutocompleteRequest
                0x1000bb68       0xb8 fatfs/libfatfs_lib.a(msc_app.c.obj)
 .text.inquiry_complete_cb
                0x1000bc20       0xb8 fatfs/libfatfs_lib.a(msc_app.c.obj)
 .text.wait_for_disk_io
                0x1000bcd8       0x20 fatfs/libfatfs_lib.a(msc_app.c.obj)
 .text.cli_write_char
                0x1000bcf8        0xa fatfs/libfatfs_lib.a(msc_app.c.obj)
 *fill*         0x1000bd02        0x2 
 .text.embeddedCliDefaultConfig
                0x1000bd04       0x20 fatfs/libfatfs_lib.a(msc_app.c.obj)
                0x1000bd04                embeddedCliDefaultConfig
 .text.embeddedCliRequiredSize
                0x1000bd24       0x32 fatfs/libfatfs_lib.a(msc_app.c.obj)
                0x1000bd24                embeddedCliRequiredSize
 .text.embeddedCliReceiveChar
                0x1000bd56       0x1c fatfs/libfatfs_lib.a(msc_app.c.obj)
                0x1000bd56                embeddedCliReceiveChar
 .text.embeddedCliAddBinding
                0x1000bd72       0x40 fatfs/libfatfs_lib.a(msc_app.c.obj)
                0x1000bd72                embeddedCliAddBinding
 *fill*         0x1000bdb2        0x2 
 .text.initInternalBindings
                0x1000bdb4       0x2c fatfs/libfatfs_lib.a(msc_app.c.obj)
 .text.embeddedCliNew
                0x1000bde0       0xa4 fatfs/libfatfs_lib.a(msc_app.c.obj)
                0x1000bde0                embeddedCliNew
 .text.embeddedCliTokenizeArgs
                0x1000be84       0x8c fatfs/libfatfs_lib.a(msc_app.c.obj)
                0x1000be84                embeddedCliTokenizeArgs
 .text.embeddedCliGetToken
                0x1000bf10       0x1c fatfs/libfatfs_lib.a(msc_app.c.obj)
                0x1000bf10                embeddedCliGetToken
 .text.historyGet
                0x1000bf2c       0x1c fatfs/libfatfs_lib.a(msc_app.c.obj)
 .text.navigateHistory
                0x1000bf48       0x98 fatfs/libfatfs_lib.a(msc_app.c.obj)
 .text.onEscapedInput
                0x1000bfe0       0x32 fatfs/libfatfs_lib.a(msc_app.c.obj)
 *fill*         0x1000c012        0x2 
 .text.embeddedCliGetTokenVariable
                0x1000c014       0x1c fatfs/libfatfs_lib.a(msc_app.c.obj)
                0x1000c014                embeddedCliGetTokenVariable
 .text.historyRemove
                0x1000c030       0x66 fatfs/libfatfs_lib.a(msc_app.c.obj)
 .text.historyPut
                0x1000c096       0x78 fatfs/libfatfs_lib.a(msc_app.c.obj)
 .text.parseCommand
                0x1000c10e      0x12c fatfs/libfatfs_lib.a(msc_app.c.obj)
 *fill*         0x1000c23a        0x2 
 .text.onControlInput
                0x1000c23c       0xa4 fatfs/libfatfs_lib.a(msc_app.c.obj)
 .text.embeddedCliProcess
                0x1000c2e0       0xae fatfs/libfatfs_lib.a(msc_app.c.obj)
                0x1000c2e0                embeddedCliProcess
 .text.embeddedCliGetTokenCount
                0x1000c38e       0x2e fatfs/libfatfs_lib.a(msc_app.c.obj)
                0x1000c38e                embeddedCliGetTokenCount
 .text.onHelp   0x1000c3bc      0x140 fatfs/libfatfs_lib.a(msc_app.c.obj)
 .text.cli_cmd_cat
                0x1000c4fc       0xa8 fatfs/libfatfs_lib.a(msc_app.c.obj)
                0x1000c4fc                cli_cmd_cat
 .text.cli_cmd_cd
                0x1000c5a4       0x34 fatfs/libfatfs_lib.a(msc_app.c.obj)
                0x1000c5a4                cli_cmd_cd
 .text.cli_cmd_cp
                0x1000c5d8       0xc4 fatfs/libfatfs_lib.a(msc_app.c.obj)
                0x1000c5d8                cli_cmd_cp
 .text.cli_cmd_ls
                0x1000c69c       0xac fatfs/libfatfs_lib.a(msc_app.c.obj)
                0x1000c69c                cli_cmd_ls
 .text.cli_cmd_pwd
                0x1000c748       0x40 fatfs/libfatfs_lib.a(msc_app.c.obj)
                0x1000c748                cli_cmd_pwd
 .text.cli_cmd_mkdir
                0x1000c788       0x34 fatfs/libfatfs_lib.a(msc_app.c.obj)
                0x1000c788                cli_cmd_mkdir
 .text.cli_cmd_mv
                0x1000c7bc       0x4c fatfs/libfatfs_lib.a(msc_app.c.obj)
                0x1000c7bc                cli_cmd_mv
 .text.cli_cmd_rm
                0x1000c808       0x44 fatfs/libfatfs_lib.a(msc_app.c.obj)
                0x1000c808                cli_cmd_rm
 .text.msc_app_task
                0x1000c84c       0x34 fatfs/libfatfs_lib.a(msc_app.c.obj)
                0x1000c84c                msc_app_task
 .text.tuh_msc_mount_cb
                0x1000c880       0x2c fatfs/libfatfs_lib.a(msc_app.c.obj)
                0x1000c880                tuh_msc_mount_cb
 .text.tuh_msc_umount_cb
                0x1000c8ac       0x34 fatfs/libfatfs_lib.a(msc_app.c.obj)
                0x1000c8ac                tuh_msc_umount_cb
 .text.disk_status
                0x1000c8e0       0x16 fatfs/libfatfs_lib.a(msc_app.c.obj)
                0x1000c8e0                disk_status
 .text.disk_initialize
                0x1000c8f6        0x4 fatfs/libfatfs_lib.a(msc_app.c.obj)
                0x1000c8f6                disk_initialize
 *fill*         0x1000c8fa        0x2 
 .text.disk_read
                0x1000c8fc       0x3c fatfs/libfatfs_lib.a(msc_app.c.obj)
                0x1000c8fc                disk_read
 .text.disk_write
                0x1000c938       0x3c fatfs/libfatfs_lib.a(msc_app.c.obj)
                0x1000c938                disk_write
 .text.disk_ioctl
                0x1000c974       0x4a fatfs/libfatfs_lib.a(msc_app.c.obj)
                0x1000c974                disk_ioctl
 *fill*         0x1000c9be        0x2 
 .text.cli_init
                0x1000c9c0      0x1b8 fatfs/libfatfs_lib.a(msc_app.c.obj)
                0x1000c9c0                cli_init
 .text.msc_app_init
                0x1000cb78       0x30 fatfs/libfatfs_lib.a(msc_app.c.obj)
                0x1000cb78                msc_app_init
 .text.malloc   0x1000cba8       0x14 c:/progra~2/gnuarm~1/102021~1.10/bin/../lib/gcc/arm-none-eabi/10.3.1/../../../../arm-none-eabi/lib/thumb/v6-m/nofp\libg.a(lib_a-malloc.o)
                0x1000cba8                malloc
 .text._malloc_r
                0x1000cbbc      0x584 c:/progra~2/gnuarm~1/102021~1.10/bin/../lib/gcc/arm-none-eabi/10.3.1/../../../../arm-none-eabi/lib/thumb/v6-m/nofp\libg.a(lib_a-mallocr.o)
                0x1000cbbc                _malloc_r
 .text.memcmp   0x1000d140       0x48 c:/progra~2/gnuarm~1/102021~1.10/bin/../lib/gcc/arm-none-eabi/10.3.1/../../../../arm-none-eabi/lib/thumb/v6-m/nofp\libg.a(lib_a-memcmp.o)
                0x1000d140                memcmp
 .text.memmove  0x1000d188       0xac c:/progra~2/gnuarm~1/102021~1.10/bin/../lib/gcc/arm-none-eabi/10.3.1/../../../../arm-none-eabi/lib/thumb/v6-m/nofp\libg.a(lib_a-memmove.o)
                0x1000d188                memmove
 .text.__malloc_lock
                0x1000d234       0x10 c:/progra~2/gnuarm~1/102021~1.10/bin/../lib/gcc/arm-none-eabi/10.3.1/../../../../arm-none-eabi/lib/thumb/v6-m/nofp\libg.a(lib_a-mlock.o)
                0x1000d234                __malloc_lock
 .text.__malloc_unlock
                0x1000d244       0x10 c:/progra~2/gnuarm~1/102021~1.10/bin/../lib/gcc/arm-none-eabi/10.3.1/../../../../arm-none-eabi/lib/thumb/v6-m/nofp\libg.a(lib_a-mlock.o)
                0x1000d244                __malloc_unlock
 .text._sbrk_r  0x1000d254       0x24 c:/progra~2/gnuarm~1/102021~1.10/bin/../lib/gcc/arm-none-eabi/10.3.1/../../../../arm-none-eabi/lib/thumb/v6-m/nofp\libg.a(lib_a-sbrkr.o)
                0x1000d254                _sbrk_r
 .text.setbuf   0x1000d278       0x14 c:/progra~2/gnuarm~1/102021~1.10/bin/../lib/gcc/arm-none-eabi/10.3.1/../../../../arm-none-eabi/lib/thumb/v6-m/nofp\libg.a(lib_a-setbuf.o)
                0x1000d278                setbuf
 .text.setvbuf  0x1000d28c      0x1bc c:/progra~2/gnuarm~1/102021~1.10/bin/../lib/gcc/arm-none-eabi/10.3.1/../../../../arm-none-eabi/lib/thumb/v6-m/nofp\libg.a(lib_a-setvbuf.o)
                0x1000d28c                setvbuf
 .text.strchr   0x1000d448       0xc0 c:/progra~2/gnuarm~1/102021~1.10/bin/../lib/gcc/arm-none-eabi/10.3.1/../../../../arm-none-eabi/lib/thumb/v6-m/nofp\libg.a(lib_a-strchr.o)
                0x1000d448                strchr
 .text          0x1000d508       0x88 c:/progra~2/gnuarm~1/102021~1.10/bin/../lib/gcc/arm-none-eabi/10.3.1/../../../../arm-none-eabi/lib/thumb/v6-m/nofp\libg.a(lib_a-strcmp.o)
                0x1000d508                strcmp
 .text.strlen   0x1000d590       0x5c c:/progra~2/gnuarm~1/102021~1.10/bin/../lib/gcc/arm-none-eabi/10.3.1/../../../../arm-none-eabi/lib/thumb/v6-m/nofp\libg.a(lib_a-strlen-stub.o)
                0x1000d590                strlen
 .text.__sflush_r
                0x1000d5ec      0x140 c:/progra~2/gnuarm~1/102021~1.10/bin/../lib/gcc/arm-none-eabi/10.3.1/../../../../arm-none-eabi/lib/thumb/v6-m/nofp\libg.a(lib_a-fflush.o)
                0x1000d5ec                __sflush_r
 .text._fflush_r
                0x1000d72c       0x6c c:/progra~2/gnuarm~1/102021~1.10/bin/../lib/gcc/arm-none-eabi/10.3.1/../../../../arm-none-eabi/lib/thumb/v6-m/nofp\libg.a(lib_a-fflush.o)
                0x1000d72c                _fflush_r
 .text._cleanup_r
                0x1000d798       0x10 c:/progra~2/gnuarm~1/102021~1.10/bin/../lib/gcc/arm-none-eabi/10.3.1/../../../../arm-none-eabi/lib/thumb/v6-m/nofp\libg.a(lib_a-findfp.o)
                0x1000d798                _cleanup_r
 .text.__sinit  0x1000d7a8      0x120 c:/progra~2/gnuarm~1/102021~1.10/bin/../lib/gcc/arm-none-eabi/10.3.1/../../../../arm-none-eabi/lib/thumb/v6-m/nofp\libg.a(lib_a-findfp.o)
                0x1000d7a8                __sinit
 .text.__sfp_lock_acquire
                0x1000d8c8       0x10 c:/progra~2/gnuarm~1/102021~1.10/bin/../lib/gcc/arm-none-eabi/10.3.1/../../../../arm-none-eabi/lib/thumb/v6-m/nofp\libg.a(lib_a-findfp.o)
                0x1000d8c8                __sfp_lock_acquire
 .text.__sfp_lock_release
                0x1000d8d8       0x10 c:/progra~2/gnuarm~1/102021~1.10/bin/../lib/gcc/arm-none-eabi/10.3.1/../../../../arm-none-eabi/lib/thumb/v6-m/nofp\libg.a(lib_a-findfp.o)
                0x1000d8d8                __sfp_lock_release
 .text._malloc_trim_r
                0x1000d8e8       0x9c c:/progra~2/gnuarm~1/102021~1.10/bin/../lib/gcc/arm-none-eabi/10.3.1/../../../../arm-none-eabi/lib/thumb/v6-m/nofp\libg.a(lib_a-freer.o)
                0x1000d8e8                _malloc_trim_r
 .text._free_r  0x1000d984      0x1c4 c:/progra~2/gnuarm~1/102021~1.10/bin/../lib/gcc/arm-none-eabi/10.3.1/../../../../arm-none-eabi/lib/thumb/v6-m/nofp\libg.a(lib_a-freer.o)
                0x1000d984                _free_r
 .text._fwalk_reent
                0x1000db48       0x48 c:/progra~2/gnuarm~1/102021~1.10/bin/../lib/gcc/arm-none-eabi/10.3.1/../../../../arm-none-eabi/lib/thumb/v6-m/nofp\libg.a(lib_a-fwalk.o)
                0x1000db48                _fwalk_reent
 .text.__retarget_lock_init_recursive
                0x1000db90        0x4 c:/progra~2/gnuarm~1/102021~1.10/bin/../lib/gcc/arm-none-eabi/10.3.1/../../../../arm-none-eabi/lib/thumb/v6-m/nofp\libg.a(lib_a-lock.o)
                0x1000db90                __retarget_lock_init_recursive
 .text.__retarget_lock_close_recursive
                0x1000db94        0x4 c:/progra~2/gnuarm~1/102021~1.10/bin/../lib/gcc/arm-none-eabi/10.3.1/../../../../arm-none-eabi/lib/thumb/v6-m/nofp\libg.a(lib_a-lock.o)
                0x1000db94                __retarget_lock_close_recursive
 .text.__retarget_lock_acquire_recursive
                0x1000db98        0x4 c:/progra~2/gnuarm~1/102021~1.10/bin/../lib/gcc/arm-none-eabi/10.3.1/../../../../arm-none-eabi/lib/thumb/v6-m/nofp\libg.a(lib_a-lock.o)
                0x1000db98                __retarget_lock_acquire_recursive
 .text.__retarget_lock_release_recursive
                0x1000db9c        0x4 c:/progra~2/gnuarm~1/102021~1.10/bin/../lib/gcc/arm-none-eabi/10.3.1/../../../../arm-none-eabi/lib/thumb/v6-m/nofp\libg.a(lib_a-lock.o)
                0x1000db9c                __retarget_lock_release_recursive
 .text.__swhatbuf_r
                0x1000dba0       0x60 c:/progra~2/gnuarm~1/102021~1.10/bin/../lib/gcc/arm-none-eabi/10.3.1/../../../../arm-none-eabi/lib/thumb/v6-m/nofp\libg.a(lib_a-makebuf.o)
                0x1000dba0                __swhatbuf_r
 .text.__sread  0x1000dc00       0x28 c:/progra~2/gnuarm~1/102021~1.10/bin/../lib/gcc/arm-none-eabi/10.3.1/../../../../arm-none-eabi/lib/thumb/v6-m/nofp\libg.a(lib_a-stdio.o)
                0x1000dc00                __sread
 .text.__swrite
                0x1000dc28       0x40 c:/progra~2/gnuarm~1/102021~1.10/bin/../lib/gcc/arm-none-eabi/10.3.1/../../../../arm-none-eabi/lib/thumb/v6-m/nofp\libg.a(lib_a-stdio.o)
                0x1000dc28                __swrite
 .text.__sseek  0x1000dc68       0x2c c:/progra~2/gnuarm~1/102021~1.10/bin/../lib/gcc/arm-none-eabi/10.3.1/../../../../arm-none-eabi/lib/thumb/v6-m/nofp\libg.a(lib_a-stdio.o)
                0x1000dc68                __sseek
 .text.__sclose
                0x1000dc94        0xc c:/progra~2/gnuarm~1/102021~1.10/bin/../lib/gcc/arm-none-eabi/10.3.1/../../../../arm-none-eabi/lib/thumb/v6-m/nofp\libg.a(lib_a-stdio.o)
                0x1000dc94                __sclose
 .text._write_r
                0x1000dca0       0x28 c:/progra~2/gnuarm~1/102021~1.10/bin/../lib/gcc/arm-none-eabi/10.3.1/../../../../arm-none-eabi/lib/thumb/v6-m/nofp\libg.a(lib_a-writer.o)
                0x1000dca0                _write_r
 .text._close_r
                0x1000dcc8       0x24 c:/progra~2/gnuarm~1/102021~1.10/bin/../lib/gcc/arm-none-eabi/10.3.1/../../../../arm-none-eabi/lib/thumb/v6-m/nofp\libg.a(lib_a-closer.o)
                0x1000dcc8                _close_r
 .text._fclose_r
                0x1000dcec       0xdc c:/progra~2/gnuarm~1/102021~1.10/bin/../lib/gcc/arm-none-eabi/10.3.1/../../../../arm-none-eabi/lib/thumb/v6-m/nofp\libg.a(lib_a-fclose.o)
                0x1000dcec                _fclose_r
 .text._fstat_r
                0x1000ddc8       0x28 c:/progra~2/gnuarm~1/102021~1.10/bin/../lib/gcc/arm-none-eabi/10.3.1/../../../../arm-none-eabi/lib/thumb/v6-m/nofp\libg.a(lib_a-fstatr.o)
                0x1000ddc8                _fstat_r
 .text._lseek_r
                0x1000ddf0       0x28 c:/progra~2/gnuarm~1/102021~1.10/bin/../lib/gcc/arm-none-eabi/10.3.1/../../../../arm-none-eabi/lib/thumb/v6-m/nofp\libg.a(lib_a-lseekr.o)
                0x1000ddf0                _lseek_r
 .text._read_r  0x1000de18       0x28 c:/progra~2/gnuarm~1/102021~1.10/bin/../lib/gcc/arm-none-eabi/10.3.1/../../../../arm-none-eabi/lib/thumb/v6-m/nofp\libg.a(lib_a-readr.o)
                0x1000de18                _read_r
 *(.fini)
 .fini          0x1000de40        0x4 c:/progra~2/gnuarm~1/102021~1.10/bin/../lib/gcc/arm-none-eabi/10.3.1/thumb/v6-m/nofp/crti.o
                0x1000de40                _fini
 *fill*         0x1000de44        0x4 
 .fini.__stub   0x1000de48       0x80 linker stubs
 *crtbegin.o(.ctors)
 *crtbegin?.o(.ctors)
 *(EXCLUDE_FILE(*crtend.o *crtend?.o) .ctors)
 *(SORT_BY_NAME(.ctors.*))
 *(.ctors)
 *crtbegin.o(.dtors)
 *crtbegin?.o(.dtors)
 *(EXCLUDE_FILE(*crtend.o *crtend?.o) .dtors)
 *(SORT_BY_NAME(.dtors.*))
 *(.dtors)
                0x1000dec8                . = ALIGN (0x4)
                0x1000dec8                PROVIDE (__preinit_array_start = .)
 *(SORT_BY_NAME(.preinit_array.*))
 .preinit_array.00100
                0x1000dec8        0x4 app/CMakeFiles/app_main.dir/C_/Users/mmadha/.pico-sdk/sdk/2.2.0/src/rp2_common/pico_runtime_init/runtime_init.c.obj
                0x1000dec8                __pre_init_runtime_init_early_resets
 .preinit_array.00101
                0x1000decc        0x4 app/CMakeFiles/app_main.dir/C_/Users/mmadha/.pico-sdk/sdk/2.2.0/src/rp2_common/pico_runtime_init/runtime_init.c.obj
                0x1000decc                __pre_init_runtime_init_usb_power_down
 .preinit_array.00275
                0x1000ded0        0x4 app/CMakeFiles/app_main.dir/C_/Users/mmadha/.pico-sdk/sdk/2.2.0/src/rp2_common/pico_bit_ops/bit_ops_aeabi.S.obj
 .preinit_array.00300
                0x1000ded4        0x4 app/CMakeFiles/app_main.dir/C_/Users/mmadha/.pico-sdk/sdk/2.2.0/src/rp2_common/pico_mem_ops/mem_ops_aeabi.S.obj
 .preinit_array.00350
                0x1000ded8        0x4 app/CMakeFiles/app_main.dir/C_/Users/mmadha/.pico-sdk/sdk/2.2.0/src/rp2_common/pico_double/double_aeabi_rp2040.S.obj
 .preinit_array.00350